Archive member included to satisfy reference by file (symbol)

c:/siliconlabs/simplicitystudio/v4/developer/toolchains/gnu_arm/7.2_2017q4/bin/../lib/gcc/arm-none-eabi/7.2.1/thumb/v7e-m/fpv4-sp/softfp\libgcc.a(_arm_addsubdf3.o)
                              ./src/Source_Files/si7021.o (__aeabi_dsub)
c:/siliconlabs/simplicitystudio/v4/developer/toolchains/gnu_arm/7.2_2017q4/bin/../lib/gcc/arm-none-eabi/7.2.1/thumb/v7e-m/fpv4-sp/softfp\libgcc.a(_arm_muldivdf3.o)
                              ./src/Source_Files/si7021.o (__aeabi_dmul)
c:/siliconlabs/simplicitystudio/v4/developer/toolchains/gnu_arm/7.2_2017q4/bin/../lib/gcc/arm-none-eabi/7.2.1/thumb/v7e-m/fpv4-sp/softfp\libgcc.a(_arm_truncdfsf2.o)
                              ./src/Source_Files/si7021.o (__aeabi_d2f)
c:/siliconlabs/simplicitystudio/v4/developer/toolchains/gnu_arm/7.2_2017q4/bin/../lib/gcc/arm-none-eabi/7.2.1/thumb/v7e-m/fpv4-sp/softfp\libgcc.a(_aeabi_ldivmod.o)
                              ./emlib/em_usart.o (__aeabi_ldivmod)
c:/siliconlabs/simplicitystudio/v4/developer/toolchains/gnu_arm/7.2_2017q4/bin/../lib/gcc/arm-none-eabi/7.2.1/thumb/v7e-m/fpv4-sp/softfp\libgcc.a(_aeabi_uldivmod.o)
                              ./emlib/em_usart.o (__aeabi_uldivmod)
c:/siliconlabs/simplicitystudio/v4/developer/toolchains/gnu_arm/7.2_2017q4/bin/../lib/gcc/arm-none-eabi/7.2.1/thumb/v7e-m/fpv4-sp/softfp\libgcc.a(_udivmoddi4.o)
                              c:/siliconlabs/simplicitystudio/v4/developer/toolchains/gnu_arm/7.2_2017q4/bin/../lib/gcc/arm-none-eabi/7.2.1/thumb/v7e-m/fpv4-sp/softfp\libgcc.a(_aeabi_ldivmod.o) (__udivmoddi4)
c:/siliconlabs/simplicitystudio/v4/developer/toolchains/gnu_arm/7.2_2017q4/bin/../lib/gcc/arm-none-eabi/7.2.1/thumb/v7e-m/fpv4-sp/softfp\libgcc.a(_dvmd_tls.o)
                              c:/siliconlabs/simplicitystudio/v4/developer/toolchains/gnu_arm/7.2_2017q4/bin/../lib/gcc/arm-none-eabi/7.2.1/thumb/v7e-m/fpv4-sp/softfp\libgcc.a(_aeabi_ldivmod.o) (__aeabi_ldiv0)
c:/siliconlabs/simplicitystudio/v4/developer/toolchains/gnu_arm/7.2_2017q4/bin/../lib/gcc/arm-none-eabi/7.2.1/../../../../arm-none-eabi/lib/thumb/v7e-m/fpv4-sp/softfp\libc_nano.a(lib_a-exit.o)
                              c:/siliconlabs/simplicitystudio/v4/developer/toolchains/gnu_arm/7.2_2017q4/bin/../lib/gcc/arm-none-eabi/7.2.1/../../../../arm-none-eabi/lib/thumb/v7e-m/fpv4-sp/softfp/crt0.o (exit)
c:/siliconlabs/simplicitystudio/v4/developer/toolchains/gnu_arm/7.2_2017q4/bin/../lib/gcc/arm-none-eabi/7.2.1/../../../../arm-none-eabi/lib/thumb/v7e-m/fpv4-sp/softfp\libc_nano.a(lib_a-impure.o)
                              c:/siliconlabs/simplicitystudio/v4/developer/toolchains/gnu_arm/7.2_2017q4/bin/../lib/gcc/arm-none-eabi/7.2.1/../../../../arm-none-eabi/lib/thumb/v7e-m/fpv4-sp/softfp\libc_nano.a(lib_a-exit.o) (_global_impure_ptr)
c:/siliconlabs/simplicitystudio/v4/developer/toolchains/gnu_arm/7.2_2017q4/bin/../lib/gcc/arm-none-eabi/7.2.1/../../../../arm-none-eabi/lib/thumb/v7e-m/fpv4-sp/softfp\libc_nano.a(lib_a-init.o)
                              c:/siliconlabs/simplicitystudio/v4/developer/toolchains/gnu_arm/7.2_2017q4/bin/../lib/gcc/arm-none-eabi/7.2.1/../../../../arm-none-eabi/lib/thumb/v7e-m/fpv4-sp/softfp/crt0.o (__libc_init_array)
c:/siliconlabs/simplicitystudio/v4/developer/toolchains/gnu_arm/7.2_2017q4/bin/../lib/gcc/arm-none-eabi/7.2.1/../../../../arm-none-eabi/lib/thumb/v7e-m/fpv4-sp/softfp\libc_nano.a(lib_a-memcpy-stub.o)
                              ./emlib/em_crypto.o (memcpy)
c:/siliconlabs/simplicitystudio/v4/developer/toolchains/gnu_arm/7.2_2017q4/bin/../lib/gcc/arm-none-eabi/7.2.1/../../../../arm-none-eabi/lib/thumb/v7e-m/fpv4-sp/softfp\libc_nano.a(lib_a-memset.o)
                              c:/siliconlabs/simplicitystudio/v4/developer/toolchains/gnu_arm/7.2_2017q4/bin/../lib/gcc/arm-none-eabi/7.2.1/../../../../arm-none-eabi/lib/thumb/v7e-m/fpv4-sp/softfp/crt0.o (memset)
c:/siliconlabs/simplicitystudio/v4/developer/toolchains/gnu_arm/7.2_2017q4/bin/../lib/gcc/arm-none-eabi/7.2.1/../../../../arm-none-eabi/lib/thumb/v7e-m/fpv4-sp/softfp\libnosys.a(_exit.o)
                              c:/siliconlabs/simplicitystudio/v4/developer/toolchains/gnu_arm/7.2_2017q4/bin/../lib/gcc/arm-none-eabi/7.2.1/../../../../arm-none-eabi/lib/thumb/v7e-m/fpv4-sp/softfp\libc_nano.a(lib_a-exit.o) (_exit)

Discarded input sections

 .text          0x00000000        0x0 c:/siliconlabs/simplicitystudio/v4/developer/toolchains/gnu_arm/7.2_2017q4/bin/../lib/gcc/arm-none-eabi/7.2.1/thumb/v7e-m/fpv4-sp/softfp/crti.o
 .data          0x00000000        0x0 c:/siliconlabs/simplicitystudio/v4/developer/toolchains/gnu_arm/7.2_2017q4/bin/../lib/gcc/arm-none-eabi/7.2.1/thumb/v7e-m/fpv4-sp/softfp/crti.o
 .bss           0x00000000        0x0 c:/siliconlabs/simplicitystudio/v4/developer/toolchains/gnu_arm/7.2_2017q4/bin/../lib/gcc/arm-none-eabi/7.2.1/thumb/v7e-m/fpv4-sp/softfp/crti.o
[...]
Memory Configuration

Name             Origin             Length             Attributes
FLASH            0x00000000         0x00100000         xr
RAM              0x20000000         0x00040000         xrw
*default*        0x00000000         0xffffffff

Linker script and memory map

LOAD c:/siliconlabs/simplicitystudio/v4/developer/toolchains/gnu_arm/7.2_2017q4/bin/../lib/gcc/arm-none-eabi/7.2.1/thumb/v7e-m/fpv4-sp/softfp/crti.o
LOAD c:/siliconlabs/simplicitystudio/v4/developer/toolchains/gnu_arm/7.2_2017q4/bin/../lib/gcc/arm-none-eabi/7.2.1/thumb/v7e-m/fpv4-sp/softfp/crtbegin.o
LOAD c:/siliconlabs/simplicitystudio/v4/developer/toolchains/gnu_arm/7.2_2017q4/bin/../lib/gcc/arm-none-eabi/7.2.1/../../../../arm-none-eabi/lib/thumb/v7e-m/fpv4-sp/softfp/crt0.o
LOAD ./CMSIS/EFM32PG12B/startup_gcc_efm32pg12b.o
LOAD ./CMSIS/EFM32PG12B/system_efm32pg12b.o
LOAD ./emlib/em_acmp.o
LOAD ./emlib/em_adc.o
LOAD ./emlib/em_aes.o
LOAD ./emlib/em_assert.o
LOAD ./emlib/em_burtc.o
LOAD ./emlib/em_can.o
LOAD ./emlib/em_cmu.o
LOAD ./emlib/em_core.o
LOAD ./emlib/em_cryotimer.o
LOAD ./emlib/em_crypto.o
LOAD ./emlib/em_csen.o
LOAD ./emlib/em_dac.o
LOAD ./emlib/em_dbg.o
LOAD ./emlib/em_dma.o
LOAD ./emlib/em_ebi.o
LOAD ./emlib/em_emu.o
LOAD ./emlib/em_eusart.o
LOAD ./emlib/em_gpcrc.o
LOAD ./emlib/em_gpio.o
LOAD ./emlib/em_i2c.o
LOAD ./emlib/em_iadc.o
LOAD ./emlib/em_idac.o
LOAD ./emlib/em_int.o
LOAD ./emlib/em_lcd.o
LOAD ./emlib/em_ldma.o
LOAD ./emlib/em_lesense.o
LOAD ./emlib/em_letimer.o
LOAD ./emlib/em_leuart.o
LOAD ./emlib/em_mpu.o
LOAD ./emlib/em_msc.o
LOAD ./emlib/em_opamp.o
LOAD ./emlib/em_pcnt.o
LOAD ./emlib/em_pdm.o
LOAD ./emlib/em_prs.o
LOAD ./emlib/em_qspi.o
LOAD ./emlib/em_rmu.o
LOAD ./emlib/em_rtc.o
LOAD ./emlib/em_rtcc.o
LOAD ./emlib/em_se.o
LOAD ./emlib/em_system.o
LOAD ./emlib/em_timer.o
LOAD ./emlib/em_usart.o
LOAD ./emlib/em_vcmp.o
LOAD ./emlib/em_vdac.o
LOAD ./emlib/em_wdog.o
LOAD ./src/Source_Files/app.o
LOAD ./src/Source_Files/cmu.o
LOAD ./src/Source_Files/gpio.o
LOAD ./src/Source_Files/i2c.o
LOAD ./src/Source_Files/letimer.o
LOAD ./src/Source_Files/scheduler.o
LOAD ./src/Source_Files/si7021.o
LOAD ./src/Source_Files/sleep_routines.o
LOAD ./src/main.o
START GROUP
LOAD c:/siliconlabs/simplicitystudio/v4/developer/toolchains/gnu_arm/7.2_2017q4/bin/../lib/gcc/arm-none-eabi/7.2.1/thumb/v7e-m/fpv4-sp/softfp\libgcc.a
LOAD c:/siliconlabs/simplicitystudio/v4/developer/toolchains/gnu_arm/7.2_2017q4/bin/../lib/gcc/arm-none-eabi/7.2.1/../../../../arm-none-eabi/lib/thumb/v7e-m/fpv4-sp/softfp\libc_nano.a
LOAD c:/siliconlabs/simplicitystudio/v4/developer/toolchains/gnu_arm/7.2_2017q4/bin/../lib/gcc/arm-none-eabi/7.2.1/../../../../arm-none-eabi/lib/thumb/v7e-m/fpv4-sp/softfp\libnosys.a
END GROUP
START GROUP
LOAD c:/siliconlabs/simplicitystudio/v4/developer/toolchains/gnu_arm/7.2_2017q4/bin/../lib/gcc/arm-none-eabi/7.2.1/thumb/v7e-m/fpv4-sp/softfp\libgcc.a
LOAD c:/siliconlabs/simplicitystudio/v4/developer/toolchains/gnu_arm/7.2_2017q4/bin/../lib/gcc/arm-none-eabi/7.2.1/../../../../arm-none-eabi/lib/thumb/v7e-m/fpv4-sp/softfp\libg_nano.a
LOAD c:/siliconlabs/simplicitystudio/v4/developer/toolchains/gnu_arm/7.2_2017q4/bin/../lib/gcc/arm-none-eabi/7.2.1/../../../../arm-none-eabi/lib/thumb/v7e-m/fpv4-sp/softfp\libc_nano.a
END GROUP
START GROUP
LOAD c:/siliconlabs/simplicitystudio/v4/developer/toolchains/gnu_arm/7.2_2017q4/bin/../lib/gcc/arm-none-eabi/7.2.1/thumb/v7e-m/fpv4-sp/softfp\libgcc.a
LOAD c:/siliconlabs/simplicitystudio/v4/developer/toolchains/gnu_arm/7.2_2017q4/bin/../lib/gcc/arm-none-eabi/7.2.1/../../../../arm-none-eabi/lib/thumb/v7e-m/fpv4-sp/softfp\libc_nano.a
END GROUP
LOAD c:/siliconlabs/simplicitystudio/v4/developer/toolchains/gnu_arm/7.2_2017q4/bin/../lib/gcc/arm-none-eabi/7.2.1/thumb/v7e-m/fpv4-sp/softfp/crtend.o
LOAD c:/siliconlabs/simplicitystudio/v4/developer/toolchains/gnu_arm/7.2_2017q4/bin/../lib/gcc/arm-none-eabi/7.2.1/thumb/v7e-m/fpv4-sp/softfp/crtn.o

.text           0x00000000     0x386c
 *(.vectors)
 .vectors       0x00000000      0x10c ./CMSIS/EFM32PG12B/startup_gcc_efm32pg12b.o
                0x00000000                __Vectors
                0x0000010c                __Vectors_End = .
                0x0000010c                __Vectors_Size = (__Vectors_End - __Vectors)
                0x0000010c                __end__ = .
 *(.text*)
 .text          0x0000010c       0x40 c:/siliconlabs/simplicitystudio/v4/developer/toolchains/gnu_arm/7.2_2017q4/bin/../lib/gcc/arm-none-eabi/7.2.1/thumb/v7e-m/fpv4-sp/softfp/crtbegin.o
 .text          0x0000014c       0x74 c:/siliconlabs/simplicitystudio/v4/developer/toolchains/gnu_arm/7.2_2017q4/bin/../lib/gcc/arm-none-eabi/7.2.1/../../../../arm-none-eabi/lib/thumb/v7e-m/fpv4-sp/softfp/crt0.o
                0x0000014c                _start
                0x0000014c                _mainCRTStartup
 .text          0x000001c0       0x30 ./CMSIS/EFM32PG12B/startup_gcc_efm32pg12b.o
                0x000001c0                Reset_Handler
                0x000001ec                USART0_TX_IRQHandler
                0x000001ec                HardFault_Handler
                0x000001ec                SysTick_Handler
                0x000001ec                USART1_RX_IRQHandler
                0x000001ec                PendSV_Handler
                0x000001ec                NMI_Handler
                0x000001ec                I2C1_IRQHandler
                0x000001ec                WTIMER0_IRQHandler
                0x000001ec                CRYPTO0_IRQHandler
                0x000001ec                WDOG0_IRQHandler
                0x000001ec                USART1_TX_IRQHandler
                0x000001ec                SMU_IRQHandler
                0x000001ec                MSC_IRQHandler
                0x000001ec                ADC0_IRQHandler
                0x000001ec                UsageFault_Handler
                0x000001ec                WDOG1_IRQHandler
                0x000001ec                LEUART0_IRQHandler
                0x000001ec                FPUEH_IRQHandler
                0x000001ec                WTIMER1_IRQHandler
                0x000001ec                GPIO_EVEN_IRQHandler
                0x000001ec                VDAC0_IRQHandler
                0x000001ec                LDMA_IRQHandler
                0x000001ec                CSEN_IRQHandler
                0x000001ec                CRYPTO1_IRQHandler
                0x000001ec                TIMER0_IRQHandler
                0x000001ec                DebugMon_Handler
                0x000001ec                PCNT2_IRQHandler
                0x000001ec                TIMER1_IRQHandler
                0x000001ec                TRNG0_IRQHandler
                0x000001ec                USART2_RX_IRQHandler
                0x000001ec                Default_Handler
                0x000001ec                EMU_IRQHandler
                0x000001ec                CRYOTIMER_IRQHandler
                0x000001ec                PCNT0_IRQHandler
                0x000001ec                sl_app_properties
                0x000001ec                PCNT1_IRQHandler
                0x000001ec                ACMP0_IRQHandler
                0x000001ec                USART0_RX_IRQHandler
                0x000001ec                MemManage_Handler
                0x000001ec                SVC_Handler
                0x000001ec                USART3_RX_IRQHandler
                0x000001ec                RTCC_IRQHandler
                0x000001ec                CMU_IRQHandler
                0x000001ec                LESENSE_IRQHandler
                0x000001ec                GPIO_ODD_IRQHandler
                0x000001ec                USART3_TX_IRQHandler
                0x000001ec                BusFault_Handler
                0x000001ec                USART2_TX_IRQHandler
                0x000001ec                IDAC0_IRQHandler
 .text.SystemMaxCoreClockGet
                0x000001f0        0x8 ./CMSIS/EFM32PG12B/system_efm32pg12b.o
                0x000001f0                SystemMaxCoreClockGet
 .text.SystemHFClockGet
                0x000001f8       0x58 ./CMSIS/EFM32PG12B/system_efm32pg12b.o
                0x000001f8                SystemHFClockGet
 .text.SystemCoreClockGet
                0x00000250       0x24 ./CMSIS/EFM32PG12B/system_efm32pg12b.o
                0x00000250                SystemCoreClockGet
 .text.SystemHFXOClockGet
                0x00000274        0xc ./CMSIS/EFM32PG12B/system_efm32pg12b.o
                0x00000274                SystemHFXOClockGet
 .text.SystemInit
                0x00000280       0x1c ./CMSIS/EFM32PG12B/system_efm32pg12b.o
                0x00000280                SystemInit
 .text.SystemLFRCOClockGet
                0x0000029c        0x8 ./CMSIS/EFM32PG12B/system_efm32pg12b.o
                0x0000029c                SystemLFRCOClockGet
 .text.SystemULFRCOClockGet
                0x000002a4        0x8 ./CMSIS/EFM32PG12B/system_efm32pg12b.o
                0x000002a4                SystemULFRCOClockGet
 .text.SystemLFXOClockGet
                0x000002ac        0xc ./CMSIS/EFM32PG12B/system_efm32pg12b.o
                0x000002ac                SystemLFXOClockGet
 .text.assertEFM
                0x000002b8        0x4 ./emlib/em_assert.o
                0x000002b8                assertEFM
 .text.CMU_HFRCODevinfoGet
                0x000002bc       0xb4 ./emlib/em_cmu.o
 .text.flashWaitStateControl
                0x00000370       0x64 ./emlib/em_cmu.o
 .text.flashWaitStateMax
                0x000003d4       0x24 ./emlib/em_cmu.o
 .text.CMU_UpdateWaitStates
                0x000003f8       0x1c ./emlib/em_cmu.o
                0x000003f8                CMU_UpdateWaitStates
 .text.CMU_ClockEnable
                0x00000414       0xc4 ./emlib/em_cmu.o
                0x00000414                CMU_ClockEnable
 .text.CMU_ClockPrescGet
                0x000004d8      0x128 ./emlib/em_cmu.o
                0x000004d8                CMU_ClockPrescGet
 .text.CMU_ClockSelectGet
                0x00000600       0xe0 ./emlib/em_cmu.o
                0x00000600                CMU_ClockSelectGet
 .text.lfClkGet
                0x000006e0       0xd0 ./emlib/em_cmu.o
 .text.CMU_ClockFreqGet
                0x000007b0      0x224 ./emlib/em_cmu.o
                0x000007b0                CMU_ClockFreqGet
 .text.CMU_HFRCOBandSet
                0x000009d4      0x1e8 ./emlib/em_cmu.o
                0x000009d4                CMU_HFRCOBandSet
 .text.CMU_OscillatorTuningSet
                0x00000bbc      0x100 ./emlib/em_cmu.o
                0x00000bbc                CMU_OscillatorTuningSet
 .text.CMU_OscillatorTuningWait
                0x00000cbc       0x68 ./emlib/em_cmu.o
                0x00000cbc                CMU_OscillatorTuningWait
 .text.CMU_OscillatorEnable
                0x00000d24      0x168 ./emlib/em_cmu.o
                0x00000d24                CMU_OscillatorEnable
 .text.CMU_ClockSelectSet
                0x00000e8c      0x2f0 ./emlib/em_cmu.o
                0x00000e8c                CMU_ClockSelectSet
 .text.CMU_HFXOInit
                0x0000117c       0xc4 ./emlib/em_cmu.o
                0x0000117c                CMU_HFXOInit
 .text.CORE_EnterCritical
                0x00001240        0x8 ./emlib/em_core.o
                0x00001240                CORE_EnterCritical
 .text.CORE_ExitCritical
                0x00001248        0x8 ./emlib/em_core.o
                0x00001248                CORE_ExitCritical
 .text.lpGetDevinfoVrefLowHigh
                0x00001250       0xf0 ./emlib/em_emu.o
 .text.vScaleAfterWakeup.part.2
                0x00001340       0x20 ./emlib/em_emu.o
 .text.lpCmpHystCalibrationLoad.isra.4
                0x00001360       0x80 ./emlib/em_emu.o
 .text.vScaleDownEM23Setup
                0x000013e0       0x48 ./emlib/em_emu.o
 .text.emState.constprop.8
                0x00001428       0x60 ./emlib/em_emu.o
 .text.emState.part.3
                0x00001488       0xe0 ./emlib/em_emu.o
 .text.EMU_EM23PresleepHook
                0x00001568        0x4 ./emlib/em_emu.o
                0x00001568                EMU_EM23PresleepHook
 .text.EMU_EM23PostsleepHook
                0x0000156c        0x4 ./emlib/em_emu.o
                0x0000156c                EMU_EM23PostsleepHook
 .text.EMU_EnterEM2
                0x00001570       0x78 ./emlib/em_emu.o
                0x00001570                EMU_EnterEM2
 .text.EMU_EnterEM3
                0x000015e8       0x9c ./emlib/em_emu.o
                0x000015e8                EMU_EnterEM3
 .text.EMU_VScaleEM01
                0x00001684       0xc4 ./emlib/em_emu.o
                0x00001684                EMU_VScaleEM01
 .text.EMU_VScaleEM01ByClock.part.6
                0x00001748       0x5c ./emlib/em_emu.o
 .text.EMU_VScaleEM01ByClock
                0x000017a4       0x14 ./emlib/em_emu.o
                0x000017a4                EMU_VScaleEM01ByClock
 .text.EMU_EM23Init
                0x000017b8       0x34 ./emlib/em_emu.o
                0x000017b8                EMU_EM23Init
 .text.EMU_DCDCModeSet
                0x000017ec       0x9c ./emlib/em_emu.o
                0x000017ec                EMU_DCDCModeSet
 .text.EMU_DCDCOutputVoltageSet
                0x00001888      0x1a8 ./emlib/em_emu.o
                0x00001888                EMU_DCDCOutputVoltageSet
 .text.EMU_DCDCOptimizeSlice
                0x00001a30      0x100 ./emlib/em_emu.o
                0x00001a30                EMU_DCDCOptimizeSlice
 .text.EMU_DCDCLnRcoBandSet
                0x00001b30       0x40 ./emlib/em_emu.o
                0x00001b30                EMU_DCDCLnRcoBandSet
 .text.EMU_DCDCInit
                0x00001b70      0x1d4 ./emlib/em_emu.o
                0x00001b70                EMU_DCDCInit
 .text.GPIO_DriveStrengthSet
                0x00001d44       0x50 ./emlib/em_gpio.o
                0x00001d44                GPIO_DriveStrengthSet
 .text.GPIO_PinModeSet
                0x00001d94      0x2e0 ./emlib/em_gpio.o
                0x00001d94                GPIO_PinModeSet
 .text.I2C_BusFreqSet
                0x00002074      0x10c ./emlib/em_i2c.o
                0x00002074                I2C_BusFreqSet
 .text.I2C_Enable
                0x00002180       0x30 ./emlib/em_i2c.o
                0x00002180                I2C_Enable
 .text.I2C_Init
                0x000021b0       0x58 ./emlib/em_i2c.o
                0x000021b0                I2C_Init
 .text.LETIMER_Enable
                0x00002208       0x34 ./emlib/em_letimer.o
                0x00002208                LETIMER_Enable
 .text.LETIMER_Init
                0x0000223c       0x98 ./emlib/em_letimer.o
                0x0000223c                LETIMER_Init
 .text.app_peripheral_setup
                0x000022d4       0x80 ./src/Source_Files/app.o
                0x000022d4                app_peripheral_setup
 .text.scheduled_letimer0_uf_cb
                0x00002354       0x28 ./src/Source_Files/app.o
                0x00002354                scheduled_letimer0_uf_cb
 .text.scheduled_letimer0_comp0_cb
                0x0000237c       0x28 ./src/Source_Files/app.o
                0x0000237c                scheduled_letimer0_comp0_cb
 .text.scheduled_letimer0_comp1_cb
                0x000023a4       0x28 ./src/Source_Files/app.o
                0x000023a4                scheduled_letimer0_comp1_cb
 .text.scheduled_si7021_read_cb
                0x000023cc       0x4c ./src/Source_Files/app.o
                0x000023cc                scheduled_si7021_read_cb
 .text.cmu_open
                0x00002418       0x40 ./src/Source_Files/cmu.o
                0x00002418                cmu_open
 .text.gpio_open
                0x00002458       0x68 ./src/Source_Files/gpio.o
                0x00002458                gpio_open
 .text.i2c_open
                0x000024c0      0x12c ./src/Source_Files/i2c.o
                0x000024c0                i2c_open
 .text.i2c_start
                0x000025ec       0x54 ./src/Source_Files/i2c.o
                0x000025ec                i2c_start
 .text.I2C0_IRQHandler
                0x00002640      0x238 ./src/Source_Files/i2c.o
                0x00002640                I2C0_IRQHandler
 .text.letimer_start
                0x00002878       0x48 ./src/Source_Files/letimer.o
                0x00002878                letimer_start
 .text.letimer_pwm_open
                0x000028c0      0x120 ./src/Source_Files/letimer.o
                0x000028c0                letimer_pwm_open
 .text.LETIMER0_IRQHandler
                0x000029e0       0x88 ./src/Source_Files/letimer.o
                0x000029e0                LETIMER0_IRQHandler
 .text.scheduler_open
                0x00002a68        0xc ./src/Source_Files/scheduler.o
                0x00002a68                scheduler_open
 .text.add_scheduled_event
                0x00002a74       0x1c ./src/Source_Files/scheduler.o
                0x00002a74                add_scheduled_event
 .text.remove_scheduled_event
                0x00002a90       0x20 ./src/Source_Files/scheduler.o
                0x00002a90                remove_scheduled_event
 .text.get_scheduled_events
                0x00002ab0        0xc ./src/Source_Files/scheduler.o
                0x00002ab0                get_scheduled_events
 .text.si7021_i2c_open
                0x00002abc       0x40 ./src/Source_Files/si7021.o
                0x00002abc                si7021_i2c_open
 .text.si7021_read
                0x00002afc       0x28 ./src/Source_Files/si7021.o
                0x00002afc                si7021_read
 *fill*         0x00002b24        0x4 
 .text.si7021_temperatureF
                0x00002b28       0x94 ./src/Source_Files/si7021.o
                0x00002b28                si7021_temperatureF
 .text.sleep_open
                0x00002bbc       0x14 ./src/Source_Files/sleep_routines.o
                0x00002bbc                sleep_open
 .text.sleep_block_mode
                0x00002bd0       0x34 ./src/Source_Files/sleep_routines.o
                0x00002bd0                sleep_block_mode
 .text.sleep_unblock_mode
                0x00002c04       0x40 ./src/Source_Files/sleep_routines.o
                0x00002c04                sleep_unblock_mode
 .text.enter_sleep
                0x00002c44       0x54 ./src/Source_Files/sleep_routines.o
                0x00002c44                enter_sleep
 .text.startup.main
                0x00002c98      0x134 ./src/main.o
                0x00002c98                main
 .text          0x00002dcc      0x378 c:/siliconlabs/simplicitystudio/v4/developer/toolchains/gnu_arm/7.2_2017q4/bin/../lib/gcc/arm-none-eabi/7.2.1/thumb/v7e-m/fpv4-sp/softfp\libgcc.a(_arm_addsubdf3.o)
                0x00002dcc                __aeabi_drsub
                0x00002dd4                __aeabi_dsub
                0x00002dd4                __subdf3
                0x00002dd8                __aeabi_dadd
                0x00002dd8                __adddf3
                0x00003050                __floatunsidf
                0x00003050                __aeabi_ui2d
                0x00003070                __floatsidf
                0x00003070                __aeabi_i2d
                0x00003094                __aeabi_f2d
                0x00003094                __extendsfdf2
                0x000030d8                __floatundidf
                0x000030d8                __aeabi_ul2d
                0x000030e8                __floatdidf
                0x000030e8                __aeabi_l2d
 .text          0x00003144      0x424 c:/siliconlabs/simplicitystudio/v4/developer/toolchains/gnu_arm/7.2_2017q4/bin/../lib/gcc/arm-none-eabi/7.2.1/thumb/v7e-m/fpv4-sp/softfp\libgcc.a(_arm_muldivdf3.o)
                0x00003144                __aeabi_dmul
                0x00003144                __muldf3
                0x00003398                __divdf3
                0x00003398                __aeabi_ddiv
 .text          0x00003568       0xa0 c:/siliconlabs/simplicitystudio/v4/developer/toolchains/gnu_arm/7.2_2017q4/bin/../lib/gcc/arm-none-eabi/7.2.1/thumb/v7e-m/fpv4-sp/softfp\libgcc.a(_arm_truncdfsf2.o)
                0x00003568                __truncdfsf2
                0x00003568                __aeabi_d2f
 .text.exit     0x00003608       0x28 c:/siliconlabs/simplicitystudio/v4/developer/toolchains/gnu_arm/7.2_2017q4/bin/../lib/gcc/arm-none-eabi/7.2.1/../../../../arm-none-eabi/lib/thumb/v7e-m/fpv4-sp/softfp\libc_nano.a(lib_a-exit.o)
                0x00003608                exit
 .text.__libc_init_array
                0x00003630       0x48 c:/siliconlabs/simplicitystudio/v4/developer/toolchains/gnu_arm/7.2_2017q4/bin/../lib/gcc/arm-none-eabi/7.2.1/../../../../arm-none-eabi/lib/thumb/v7e-m/fpv4-sp/softfp\libc_nano.a(lib_a-init.o)
                0x00003630                __libc_init_array
 .text.memset   0x00003678       0x10 c:/siliconlabs/simplicitystudio/v4/developer/toolchains/gnu_arm/7.2_2017q4/bin/../lib/gcc/arm-none-eabi/7.2.1/../../../../arm-none-eabi/lib/thumb/v7e-m/fpv4-sp/softfp\libc_nano.a(lib_a-memset.o)
                0x00003678                memset
 .text._exit    0x00003688        0x4 c:/siliconlabs/simplicitystudio/v4/developer/toolchains/gnu_arm/7.2_2017q4/bin/../lib/gcc/arm-none-eabi/7.2.1/../../../../arm-none-eabi/lib/thumb/v7e-m/fpv4-sp/softfp\libnosys.a(_exit.o)
                0x00003688                _exit
 *(.init)
 .init          0x0000368c        0x4 c:/siliconlabs/simplicitystudio/v4/developer/toolchains/gnu_arm/7.2_2017q4/bin/../lib/gcc/arm-none-eabi/7.2.1/thumb/v7e-m/fpv4-sp/softfp/crti.o
                0x0000368c                _init
 .init          0x00003690        0x8 c:/siliconlabs/simplicitystudio/v4/developer/toolchains/gnu_arm/7.2_2017q4/bin/../lib/gcc/arm-none-eabi/7.2.1/thumb/v7e-m/fpv4-sp/softfp/crtn.o
 *(.fini)
 .fini          0x00003698        0x4 c:/siliconlabs/simplicitystudio/v4/developer/toolchains/gnu_arm/7.2_2017q4/bin/../lib/gcc/arm-none-eabi/7.2.1/thumb/v7e-m/fpv4-sp/softfp/crti.o
                0x00003698                _fini
 .fini          0x0000369c        0x8 c:/siliconlabs/simplicitystudio/v4/developer/toolchains/gnu_arm/7.2_2017q4/bin/../lib/gcc/arm-none-eabi/7.2.1/thumb/v7e-m/fpv4-sp/softfp/crtn.o
 *fill*         0x000036a4        0x4 
 .fini.__stub   0x000036a8        0x8 linker stubs
 *crtbegin.o(.ctors)
 *crtbegin?.o(.ctors)
 *(EXCLUDE_FILE(*crtend.o *crtend?.o) .ctors)
 *(SORT_BY_NAME(.ctors.*))
 *(.ctors)
 *crtbegin.o(.dtors)
 *crtbegin?.o(.dtors)
 *(EXCLUDE_FILE(*crtend.o *crtend?.o) .dtors)
 *(SORT_BY_NAME(.dtors.*))
 *(.dtors)
 *(.rodata*)
 .rodata.flashWaitStateControl.str1.4
                0x000036b0       0x12 ./emlib/em_cmu.o
 *fill*         0x000036c2        0x2 
 .rodata.flashWsTable
                0x000036c4       0x28 ./emlib/em_cmu.o
 .rodata.lpGetDevinfoVrefLowHigh.str1.4
                0x000036ec       0x12 ./emlib/em_emu.o
 *fill*         0x000036fe        0x2 
 .rodata.GPIO_DbgLocationSet.str1.4
                0x00003700       0x13 ./emlib/em_gpio.o
 *fill*         0x00003713        0x1 
 .rodata.GPIO_PinModeSet.str1.4
                0x00003714       0x64 ./emlib/em_gpio.o
 .rodata.CSWTCH.17
                0x00003778        0xc ./emlib/em_i2c.o
 .rodata.CSWTCH.18
                0x00003784        0xc ./emlib/em_i2c.o
 .rodata.I2C_BusFreqGet.str1.4
                0x00003790       0x12 ./emlib/em_i2c.o
 *fill*         0x000037a2        0x2 
 .rodata.i2cNSum
                0x000037a4        0x4 ./emlib/em_i2c.o
 .rodata.LETIMER_CompareGet.str1.4
                0x000037a8       0x16 ./emlib/em_letimer.o
 *fill*         0x000037be        0x2 
 .rodata.scheduled_letimer0_uf_cb.str1.4
                0x000037c0       0x1a ./src/Source_Files/app.o
 *fill*         0x000037da        0x2 
 .rodata.i2c_open.str1.4
                0x000037dc       0x1a ./src/Source_Files/i2c.o
 *fill*         0x000037f6        0x2 
 .rodata.letimer_pwm_open.str1.4
                0x000037f8       0x1e ./src/Source_Files/letimer.o
 *fill*         0x00003816        0x2 
 .rodata.sleep_block_mode.str1.4
                0x00003818       0x28 ./src/Source_Files/sleep_routines.o
                                 0x25 (size before relaxing)
 .rodata        0x00003840       0x22 ./src/main.o
 *fill*         0x00003862        0x2 
 .rodata._global_impure_ptr
                0x00003864        0x4 c:/siliconlabs/simplicitystudio/v4/developer/toolchains/gnu_arm/7.2_2017q4/bin/../lib/gcc/arm-none-eabi/7.2.1/../../../../arm-none-eabi/lib/thumb/v7e-m/fpv4-sp/softfp\libc_nano.a(lib_a-impure.o)
                0x00003864                _global_impure_ptr
 *(.eh_frame*)
 .eh_frame      0x00003868        0x0 c:/siliconlabs/simplicitystudio/v4/developer/toolchains/gnu_arm/7.2_2017q4/bin/../lib/gcc/arm-none-eabi/7.2.1/thumb/v7e-m/fpv4-sp/softfp/crtbegin.o
 .eh_frame      0x00003868        0x4 c:/siliconlabs/simplicitystudio/v4/developer/toolchains/gnu_arm/7.2_2017q4/bin/../lib/gcc/arm-none-eabi/7.2.1/thumb/v7e-m/fpv4-sp/softfp/crtend.o

.glue_7         0x0000386c        0x0
 .glue_7        0x0000386c        0x0 linker stubs

.glue_7t        0x0000386c        0x0
 .glue_7t       0x0000386c        0x0 linker stubs

.vfp11_veneer   0x0000386c        0x0
 .vfp11_veneer  0x0000386c        0x0 linker stubs

.v4_bx          0x0000386c        0x0
 .v4_bx         0x0000386c        0x0 linker stubs

.iplt           0x0000386c        0x0
 .iplt          0x0000386c        0x0 c:/siliconlabs/simplicitystudio/v4/developer/toolchains/gnu_arm/7.2_2017q4/bin/../lib/gcc/arm-none-eabi/7.2.1/thumb/v7e-m/fpv4-sp/softfp/crtbegin.o

.ARM.extab
 *(.ARM.extab* .gnu.linkonce.armextab.*)
                0x0000386c                __exidx_start = .

.ARM.exidx      0x0000386c        0x8
 *(.ARM.exidx* .gnu.linkonce.armexidx.*)
 .ARM.exidx     0x0000386c        0x8 c:/siliconlabs/simplicitystudio/v4/developer/toolchains/gnu_arm/7.2_2017q4/bin/../lib/gcc/arm-none-eabi/7.2.1/../../../../arm-none-eabi/lib/thumb/v7e-m/fpv4-sp/softfp/crt0.o
                0x00003874                __exidx_end = .
                0x00003874                __etext = .

.rel.dyn        0x00003874        0x0
 .rel.iplt      0x00003874        0x0 c:/siliconlabs/simplicitystudio/v4/developer/toolchains/gnu_arm/7.2_2017q4/bin/../lib/gcc/arm-none-eabi/7.2.1/thumb/v7e-m/fpv4-sp/softfp/crtbegin.o

.data           0x20000000       0x90 load address 0x00003874
                0x20000000                __data_start__ = .
 *(vtable)
 *(.data*)
 .data.SystemCoreClock
                0x20000000        0x4 ./CMSIS/EFM32PG12B/system_efm32pg12b.o
                0x20000000                SystemCoreClock
 .data.SystemHFXOClock
                0x20000004        0x4 ./CMSIS/EFM32PG12B/system_efm32pg12b.o
 .data.SystemHfrcoFreq
                0x20000008        0x4 ./CMSIS/EFM32PG12B/system_efm32pg12b.o
                0x20000008                SystemHfrcoFreq
 .data.SystemLFXOClock
                0x2000000c        0x4 ./CMSIS/EFM32PG12B/system_efm32pg12b.o
 .data.auxHfrcoFreq
                0x20000010        0x4 ./emlib/em_cmu.o
 .data.impure_data
                0x20000014       0x60 c:/siliconlabs/simplicitystudio/v4/developer/toolchains/gnu_arm/7.2_2017q4/bin/../lib/gcc/arm-none-eabi/7.2.1/../../../../arm-none-eabi/lib/thumb/v7e-m/fpv4-sp/softfp\libc_nano.a(lib_a-impure.o)
                0x20000074                . = ALIGN (0x4)
                [!provide]                PROVIDE (__ram_func_section_start, .)
 *(.ram)
 .ram           0x20000074       0x14 ./emlib/em_emu.o
                [!provide]                PROVIDE (__ram_func_section_end, .)
                0x20000088                . = ALIGN (0x4)
                0x20000088                PROVIDE (__preinit_array_start, .)
 *(.preinit_array)
                0x20000088                PROVIDE (__preinit_array_end, .)
                0x20000088                . = ALIGN (0x4)
                0x20000088                PROVIDE (__init_array_start, .)
 *(SORT_BY_NAME(.init_array.*))
 *(.init_array)
 .init_array    0x20000088        0x4 c:/siliconlabs/simplicitystudio/v4/developer/toolchains/gnu_arm/7.2_2017q4/bin/../lib/gcc/arm-none-eabi/7.2.1/thumb/v7e-m/fpv4-sp/softfp/crtbegin.o
                0x2000008c                PROVIDE (__init_array_end, .)
                0x2000008c                . = ALIGN (0x4)
                [!provide]                PROVIDE (__fini_array_start, .)
 *(SORT_BY_NAME(.fini_array.*))
 *(.fini_array)
 .fini_array    0x2000008c        0x4 c:/siliconlabs/simplicitystudio/v4/developer/toolchains/gnu_arm/7.2_2017q4/bin/../lib/gcc/arm-none-eabi/7.2.1/thumb/v7e-m/fpv4-sp/softfp/crtbegin.o
                [!provide]                PROVIDE (__fini_array_end, .)
 *(.jcr*)
                0x20000090                . = ALIGN (0x4)
                0x20000090                __data_end__ = .

.igot.plt       0x20000090        0x0 load address 0x00003904
 .igot.plt      0x20000090        0x0 c:/siliconlabs/simplicitystudio/v4/developer/toolchains/gnu_arm/7.2_2017q4/bin/../lib/gcc/arm-none-eabi/7.2.1/thumb/v7e-m/fpv4-sp/softfp/crtbegin.o

.bss            0x20000090       0x78 load address 0x00003904
                0x20000090                . = ALIGN (0x4)
                0x20000090                __bss_start__ = .
 *(.bss*)
 .bss           0x20000090       0x1c c:/siliconlabs/simplicitystudio/v4/developer/toolchains/gnu_arm/7.2_2017q4/bin/../lib/gcc/arm-none-eabi/7.2.1/thumb/v7e-m/fpv4-sp/softfp/crtbegin.o
 .bss.cmuStatus.7817
                0x200000ac        0x4 ./emlib/em_emu.o
 .bss.dcdcEm01LoadCurrent_mA
                0x200000b0        0x2 ./emlib/em_emu.o
 .bss.dcdcMaxCurrent_mA
                0x200000b2        0x2 ./emlib/em_emu.o
 .bss.dcdcReverseCurrentControl
                0x200000b4        0x2 ./emlib/em_emu.o
 .bss.hfClock.7818
                0x200000b6        0x1 ./emlib/em_emu.o
 *fill*         0x200000b7        0x1 
 .bss.hfrcoCtrl.7820
                0x200000b8        0x4 ./emlib/em_emu.o
 .bss.vScaleEM01Config
                0x200000bc        0x1 ./emlib/em_emu.o
 .bss.vScaleStatus.7819
                0x200000bd        0x1 ./emlib/em_emu.o
 *fill*         0x200000be        0x2 
 .bss.i2c_cmd   0x200000c0       0x20 ./src/Source_Files/i2c.o
 .bss.scheduled_comp0_cb
                0x200000e0        0x4 ./src/Source_Files/letimer.o
 .bss.scheduled_comp1_cb
                0x200000e4        0x4 ./src/Source_Files/letimer.o
 .bss.scheduled_uf_cb
                0x200000e8        0x4 ./src/Source_Files/letimer.o
 .bss.event_scheduled
                0x200000ec        0x4 ./src/Source_Files/scheduler.o
 .bss.si7021_i2c_data
                0x200000f0        0x2 ./src/Source_Files/si7021.o
 *fill*         0x200000f2        0x2 
 .bss.lowest_energy_mode
                0x200000f4       0x14 ./src/Source_Files/sleep_routines.o
 *(COMMON)
                0x20000108                . = ALIGN (0x4)
                0x20000108                __bss_end__ = .

.heap           0x20000108      0xc00
                0x20000108                __HeapBase = .
                0x20000108                __end__ = .
                0x20000108                end = __end__
                0x20000108                _end = __end__
 *(.heap*)
 .heap          0x20000108      0xc00 ./CMSIS/EFM32PG12B/startup_gcc_efm32pg12b.o
                0x20000d08                __HeapLimit = .

.stack_dummy    0x20000108      0x400
 *(.stack*)
 .stack         0x20000108      0x400 ./CMSIS/EFM32PG12B/startup_gcc_efm32pg12b.o
                0x20040000                __StackTop = (ORIGIN (RAM) + LENGTH (RAM))
                0x2003fc00                __StackLimit = (__StackTop - SIZEOF (.stack_dummy))
                0x20040000                PROVIDE (__stack, __StackTop)
                0x00000001                ASSERT ((__StackLimit >= __HeapLimit), region RAM overflowed with stack)
                0x00000001                ASSERT ((LENGTH (FLASH) >= (__etext + SIZEOF (.data))), FLASH memory overflowed !)
OUTPUT(IR_I2C_Lab.axf elf32-littlearm)

.ARM.attributes
                0x00000000       0x2e
 .ARM.attributes
                0x00000000       0x22 c:/siliconlabs/simplicitystudio/v4/developer/toolchains/gnu_arm/7.2_2017q4/bin/../lib/gcc/arm-none-eabi/7.2.1/thumb/v7e-m/fpv4-sp/softfp/crti.o
 .ARM.attributes
                0x00000022       0x32 c:/siliconlabs/simplicitystudio/v4/developer/toolchains/gnu_arm/7.2_2017q4/bin/../lib/gcc/arm-none-eabi/7.2.1/thumb/v7e-m/fpv4-sp/softfp/crtbegin.o
 .ARM.attributes
                0x00000054       0x20 c:/siliconlabs/simplicitystudio/v4/developer/toolchains/gnu_arm/7.2_2017q4/bin/../lib/gcc/arm-none-eabi/7.2.1/../../../../arm-none-eabi/lib/thumb/v7e-m/fpv4-sp/softfp/crt0.o
 .ARM.attributes
                0x00000074       0x1f ./CMSIS/EFM32PG12B/startup_gcc_efm32pg12b.o
 .ARM.attributes
                0x00000093       0x37 ./CMSIS/EFM32PG12B/system_efm32pg12b.o
 .ARM.attributes
                0x000000ca       0x37 ./emlib/em_assert.o
 .ARM.attributes
                0x00000101       0x37 ./emlib/em_cmu.o
 .ARM.attributes
                0x00000138       0x37 ./emlib/em_core.o
 .ARM.attributes
                0x0000016f       0x37 ./emlib/em_emu.o
 .ARM.attributes
                0x000001a6       0x37 ./emlib/em_gpio.o
 .ARM.attributes
                0x000001dd       0x37 ./emlib/em_i2c.o
 .ARM.attributes
                0x00000214       0x37 ./emlib/em_letimer.o
 .ARM.attributes
                0x0000024b       0x37 ./src/Source_Files/app.o
 .ARM.attributes
                0x00000282       0x37 ./src/Source_Files/cmu.o
 .ARM.attributes
                0x000002b9       0x37 ./src/Source_Files/gpio.o
 .ARM.attributes
                0x000002f0       0x37 ./src/Source_Files/i2c.o
 .ARM.attributes
                0x00000327       0x37 ./src/Source_Files/letimer.o
 .ARM.attributes
                0x0000035e       0x37 ./src/Source_Files/scheduler.o
 .ARM.attributes
                0x00000395       0x37 ./src/Source_Files/si7021.o
 .ARM.attributes
                0x000003cc       0x37 ./src/Source_Files/sleep_routines.o
 .ARM.attributes
                0x00000403       0x37 ./src/main.o
 .ARM.attributes
                0x0000043a       0x22 c:/siliconlabs/simplicitystudio/v4/developer/toolchains/gnu_arm/7.2_2017q4/bin/../lib/gcc/arm-none-eabi/7.2.1/thumb/v7e-m/fpv4-sp/softfp\libgcc.a(_arm_addsubdf3.o)
 .ARM.attributes
                0x0000045c       0x22 c:/siliconlabs/simplicitystudio/v4/developer/toolchains/gnu_arm/7.2_2017q4/bin/../lib/gcc/arm-none-eabi/7.2.1/thumb/v7e-m/fpv4-sp/softfp\libgcc.a(_arm_muldivdf3.o)
 .ARM.attributes
                0x0000047e       0x22 c:/siliconlabs/simplicitystudio/v4/developer/toolchains/gnu_arm/7.2_2017q4/bin/../lib/gcc/arm-none-eabi/7.2.1/thumb/v7e-m/fpv4-sp/softfp\libgcc.a(_arm_truncdfsf2.o)
 .ARM.attributes
                0x000004a0       0x32 c:/siliconlabs/simplicitystudio/v4/developer/toolchains/gnu_arm/7.2_2017q4/bin/../lib/gcc/arm-none-eabi/7.2.1/../../../../arm-none-eabi/lib/thumb/v7e-m/fpv4-sp/softfp\libc_nano.a(lib_a-exit.o)
 .ARM.attributes
                0x000004d2       0x32 c:/siliconlabs/simplicitystudio/v4/developer/toolchains/gnu_arm/7.2_2017q4/bin/../lib/gcc/arm-none-eabi/7.2.1/../../../../arm-none-eabi/lib/thumb/v7e-m/fpv4-sp/softfp\libc_nano.a(lib_a-impure.o)
 .ARM.attributes
                0x00000504       0x32 c:/siliconlabs/simplicitystudio/v4/developer/toolchains/gnu_arm/7.2_2017q4/bin/../lib/gcc/arm-none-eabi/7.2.1/../../../../arm-none-eabi/lib/thumb/v7e-m/fpv4-sp/softfp\libc_nano.a(lib_a-init.o)
 .ARM.attributes
                0x00000536       0x32 c:/siliconlabs/simplicitystudio/v4/developer/toolchains/gnu_arm/7.2_2017q4/bin/../lib/gcc/arm-none-eabi/7.2.1/../../../../arm-none-eabi/lib/thumb/v7e-m/fpv4-sp/softfp\libc_nano.a(lib_a-memset.o)
 .ARM.attributes
                0x00000568       0x32 c:/siliconlabs/simplicitystudio/v4/developer/toolchains/gnu_arm/7.2_2017q4/bin/../lib/gcc/arm-none-eabi/7.2.1/../../../../arm-none-eabi/lib/thumb/v7e-m/fpv4-sp/softfp\libnosys.a(_exit.o)
 .ARM.attributes
                0x0000059a       0x32 c:/siliconlabs/simplicitystudio/v4/developer/toolchains/gnu_arm/7.2_2017q4/bin/../lib/gcc/arm-none-eabi/7.2.1/thumb/v7e-m/fpv4-sp/softfp/crtend.o
 .ARM.attributes
                0x000005cc       0x22 c:/siliconlabs/simplicitystudio/v4/developer/toolchains/gnu_arm/7.2_2017q4/bin/../lib/gcc/arm-none-eabi/7.2.1/thumb/v7e-m/fpv4-sp/softfp/crtn.o

.comment        0x00000000       0x7e
 .comment       0x00000000       0x7e ./CMSIS/EFM32PG12B/system_efm32pg12b.o
                                 0x7f (size before relaxing)
 .comment       0x0000007e       0x7f ./emlib/em_assert.o
 .comment       0x0000007e       0x7f ./emlib/em_cmu.o
 .comment       0x0000007e       0x7f ./emlib/em_core.o
 .comment       0x0000007e       0x7f ./emlib/em_emu.o
 .comment       0x0000007e       0x7f ./emlib/em_gpio.o
 .comment       0x0000007e       0x7f ./emlib/em_i2c.o
 .comment       0x0000007e       0x7f ./emlib/em_letimer.o
 .comment       0x0000007e       0x7f ./src/Source_Files/app.o
 .comment       0x0000007e       0x7f ./src/Source_Files/cmu.o
 .comment       0x0000007e       0x7f ./src/Source_Files/gpio.o
 .comment       0x0000007e       0x7f ./src/Source_Files/i2c.o
 .comment       0x0000007e       0x7f ./src/Source_Files/letimer.o
 .comment       0x0000007e       0x7f ./src/Source_Files/scheduler.o
 .comment       0x0000007e       0x7f ./src/Source_Files/si7021.o
 .comment       0x0000007e       0x7f ./src/Source_Files/sleep_routines.o
 .comment       0x0000007e       0x7f ./src/main.o

.debug_line     0x00000000     0xbedd
 .debug_line    0x00000000       0x78 ./CMSIS/EFM32PG12B/startup_gcc_efm32pg12b.o
 .debug_line    0x00000078      0x8c6 ./CMSIS/EFM32PG12B/system_efm32pg12b.o
 .debug_line    0x0000093e      0x12a ./emlib/em_assert.o
 .debug_line    0x00000a68     0x1ae5 ./emlib/em_cmu.o
 .debug_line    0x0000254d      0xae7 ./emlib/em_core.o
 .debug_line    0x00003034     0x141e ./emlib/em_emu.o
 .debug_line    0x00004452      0xb82 ./emlib/em_gpio.o
 .debug_line    0x00004fd4      0xc56 ./emlib/em_i2c.o
 .debug_line    0x00005c2a      0xa9a ./emlib/em_letimer.o
 .debug_line    0x000066c4      0xa33 ./src/Source_Files/app.o
 .debug_line    0x000070f7      0x8db ./src/Source_Files/cmu.o
 .debug_line    0x000079d2      0x8f1 ./src/Source_Files/gpio.o
 .debug_line    0x000082c3      0xaaa ./src/Source_Files/i2c.o
 .debug_line    0x00008d6d      0xa39 ./src/Source_Files/letimer.o
 .debug_line    0x000097a6      0x92b ./src/Source_Files/scheduler.o
 .debug_line    0x0000a0d1      0x9bf ./src/Source_Files/si7021.o
 .debug_line    0x0000aa90      0x98c ./src/Source_Files/sleep_routines.o
 .debug_line    0x0000b41c      0xac1 ./src/main.o

.debug_info     0x00000000    0x1177d
 .debug_info    0x00000000       0x26 ./CMSIS/EFM32PG12B/startup_gcc_efm32pg12b.o
 .debug_info    0x00000026      0x9b5 ./CMSIS/EFM32PG12B/system_efm32pg12b.o
 .debug_info    0x000009db       0x7b ./emlib/em_assert.o
 .debug_info    0x00000a56     0x47e6 ./emlib/em_cmu.o
 .debug_info    0x0000523c      0xe9b ./emlib/em_core.o
 .debug_info    0x000060d7     0x361b ./emlib/em_emu.o
 .debug_info    0x000096f2     0x10ed ./emlib/em_gpio.o
 .debug_info    0x0000a7df      0xf81 ./emlib/em_i2c.o
 .debug_info    0x0000b760      0x8b2 ./emlib/em_letimer.o
 .debug_info    0x0000c012      0xaa1 ./src/Source_Files/app.o
 .debug_info    0x0000cab3      0x436 ./src/Source_Files/cmu.o
 .debug_info    0x0000cee9      0x4ff ./src/Source_Files/gpio.o
 .debug_info    0x0000d3e8      0xe63 ./src/Source_Files/i2c.o
 .debug_info    0x0000e24b      0xb67 ./src/Source_Files/letimer.o
 .debug_info    0x0000edb2      0x233 ./src/Source_Files/scheduler.o
 .debug_info    0x0000efe5      0x447 ./src/Source_Files/si7021.o
 .debug_info    0x0000f42c      0x542 ./src/Source_Files/sleep_routines.o
 .debug_info    0x0000f96e     0x1e0f ./src/main.o

.debug_abbrev   0x00000000     0x2bdc
 .debug_abbrev  0x00000000       0x14 ./CMSIS/EFM32PG12B/startup_gcc_efm32pg12b.o
 .debug_abbrev  0x00000014      0x24e ./CMSIS/EFM32PG12B/system_efm32pg12b.o
 .debug_abbrev  0x00000262       0x68 ./emlib/em_assert.o
 .debug_abbrev  0x000002ca      0x51a ./emlib/em_cmu.o
 .debug_abbrev  0x000007e4      0x36f ./emlib/em_core.o
 .debug_abbrev  0x00000b53      0x524 ./emlib/em_emu.o
 .debug_abbrev  0x00001077      0x2e0 ./emlib/em_gpio.o
 .debug_abbrev  0x00001357      0x3e2 ./emlib/em_i2c.o
 .debug_abbrev  0x00001739      0x353 ./emlib/em_letimer.o
 .debug_abbrev  0x00001a8c      0x24a ./src/Source_Files/app.o
 .debug_abbrev  0x00001cd6      0x12a ./src/Source_Files/cmu.o
 .debug_abbrev  0x00001e00      0x12a ./src/Source_Files/gpio.o
 .debug_abbrev  0x00001f2a      0x2fd ./src/Source_Files/i2c.o
 .debug_abbrev  0x00002227      0x259 ./src/Source_Files/letimer.o
 .debug_abbrev  0x00002480      0x14f ./src/Source_Files/scheduler.o
 .debug_abbrev  0x000025cf      0x17c ./src/Source_Files/si7021.o
 .debug_abbrev  0x0000274b      0x1f5 ./src/Source_Files/sleep_routines.o
 .debug_abbrev  0x00002940      0x29c ./src/main.o

.debug_aranges  0x00000000      0x688
 .debug_aranges
                0x00000000       0x20 ./CMSIS/EFM32PG12B/startup_gcc_efm32pg12b.o
 .debug_aranges
                0x00000020       0x68 ./CMSIS/EFM32PG12B/system_efm32pg12b.o
 .debug_aranges
                0x00000088       0x20 ./emlib/em_assert.o
 .debug_aranges
                0x000000a8      0x128 ./emlib/em_cmu.o
 .debug_aranges
                0x000001d0       0xb8 ./emlib/em_core.o
 .debug_aranges
                0x00000288      0x148 ./emlib/em_emu.o
 .debug_aranges
                0x000003d0       0x48 ./emlib/em_gpio.o
 .debug_aranges
                0x00000418       0x50 ./emlib/em_i2c.o
 .debug_aranges
                0x00000468       0x78 ./emlib/em_letimer.o
 .debug_aranges
                0x000004e0       0x40 ./src/Source_Files/app.o
 .debug_aranges
                0x00000520       0x20 ./src/Source_Files/cmu.o
 .debug_aranges
                0x00000540       0x20 ./src/Source_Files/gpio.o
 .debug_aranges
                0x00000560       0x30 ./src/Source_Files/i2c.o
 .debug_aranges
                0x00000590       0x30 ./src/Source_Files/letimer.o
 .debug_aranges
                0x000005c0       0x38 ./src/Source_Files/scheduler.o
 .debug_aranges
                0x000005f8       0x30 ./src/Source_Files/si7021.o
 .debug_aranges
                0x00000628       0x40 ./src/Source_Files/sleep_routines.o
 .debug_aranges
                0x00000668       0x20 ./src/main.o

.debug_str      0x00000000   0x158868
 .debug_str     0x00000000       0x8b ./CMSIS/EFM32PG12B/startup_gcc_efm32pg12b.o
 .debug_str     0x0000008b   0x14e257 ./CMSIS/EFM32PG12B/system_efm32pg12b.o
                             0x14f17d (size before relaxing)
 .debug_str     0x0014e2e2       0xb8 ./emlib/em_assert.o
                               0x2dcd (size before relaxing)
 .debug_str     0x0014e39a     0x4e8d ./emlib/em_cmu.o
                             0x1540d3 (size before relaxing)
 .debug_str     0x00153227      0xc1c ./emlib/em_core.o
                             0x14fc9b (size before relaxing)
 .debug_str     0x00153e43     0x1387 ./emlib/em_emu.o
                             0x154b27 (size before relaxing)
 .debug_str     0x001551ca      0x4ad ./emlib/em_gpio.o
                             0x14fbf2 (size before relaxing)
 .debug_str     0x00155677      0x51e ./emlib/em_i2c.o
                             0x152915 (size before relaxing)
 .debug_str     0x00155b95      0x359 ./emlib/em_letimer.o
                             0x15086f (size before relaxing)
 .debug_str     0x00155eee      0x721 ./src/Source_Files/app.o
                             0x15199a (size before relaxing)
 .debug_str     0x0015660f       0x1a ./src/Source_Files/cmu.o
                             0x1508f0 (size before relaxing)
 .debug_str     0x00156629       0x1b ./src/Source_Files/gpio.o
                             0x150c56 (size before relaxing)
 .debug_str     0x00156644      0x1c8 ./src/Source_Files/i2c.o
                             0x151933 (size before relaxing)
 .debug_str     0x0015680c       0xab ./src/Source_Files/letimer.o
                             0x1518ef (size before relaxing)
 .debug_str     0x001568b7       0x30 ./src/Source_Files/scheduler.o
                             0x14fa70 (size before relaxing)
 .debug_str     0x001568e7       0x4c ./src/Source_Files/si7021.o
                             0x15172b (size before relaxing)
 .debug_str     0x00156933       0x6b ./src/Source_Files/sleep_routines.o
                             0x14fb4e (size before relaxing)
 .debug_str     0x0015699e     0x1eca ./src/main.o
                             0x155d61 (size before relaxing)

.debug_loc      0x00000000     0x9c42
 .debug_loc     0x00000000       0xfc ./CMSIS/EFM32PG12B/system_efm32pg12b.o
 .debug_loc     0x000000fc     0x438a ./emlib/em_cmu.o
 .debug_loc     0x00004486      0x76f ./emlib/em_core.o
 .debug_loc     0x00004bf5     0x2134 ./emlib/em_emu.o
 .debug_loc     0x00006d29      0xf89 ./emlib/em_gpio.o
 .debug_loc     0x00007cb2      0xd20 ./emlib/em_i2c.o
 .debug_loc     0x000089d2      0x61e ./emlib/em_letimer.o
 .debug_loc     0x00008ff0      0x1fc ./src/Source_Files/app.o
 .debug_loc     0x000091ec       0x2c ./src/Source_Files/cmu.o
 .debug_loc     0x00009218       0x2c ./src/Source_Files/gpio.o
 .debug_loc     0x00009244      0x34a ./src/Source_Files/i2c.o
 .debug_loc     0x0000958e      0x22f ./src/Source_Files/letimer.o
 .debug_loc     0x000097bd       0xd6 ./src/Source_Files/scheduler.o
 .debug_loc     0x00009893      0x177 ./src/Source_Files/si7021.o
 .debug_loc     0x00009a0a      0x20c ./src/Source_Files/sleep_routines.o
 .debug_loc     0x00009c16       0x2c ./src/main.o

.debug_ranges   0x00000000     0x1898
 .debug_ranges  0x00000000       0x58 ./CMSIS/EFM32PG12B/system_efm32pg12b.o
 .debug_ranges  0x00000058       0x10 ./emlib/em_assert.o
 .debug_ranges  0x00000068      0x9c0 ./emlib/em_cmu.o
 .debug_ranges  0x00000a28       0xd8 ./emlib/em_core.o
 .debug_ranges  0x00000b00      0x5d0 ./emlib/em_emu.o
 .debug_ranges  0x000010d0      0x368 ./emlib/em_gpio.o
 .debug_ranges  0x00001438      0x130 ./emlib/em_i2c.o
 .debug_ranges  0x00001568       0x98 ./emlib/em_letimer.o
 .debug_ranges  0x00001600       0x48 ./src/Source_Files/app.o
 .debug_ranges  0x00001648       0x10 ./src/Source_Files/cmu.o
 .debug_ranges  0x00001658       0x10 ./src/Source_Files/gpio.o
 .debug_ranges  0x00001668      0x130 ./src/Source_Files/i2c.o
 .debug_ranges  0x00001798       0x40 ./src/Source_Files/letimer.o
 .debug_ranges  0x000017d8       0x28 ./src/Source_Files/scheduler.o
 .debug_ranges  0x00001800       0x20 ./src/Source_Files/si7021.o
 .debug_ranges  0x00001820       0x30 ./src/Source_Files/sleep_routines.o
 .debug_ranges  0x00001850       0x48 ./src/main.o

.debug_macro    0x00000000    0x33b6f
 .debug_macro   0x00000000      0x282 ./CMSIS/EFM32PG12B/system_efm32pg12b.o
 .debug_macro   0x00000282      0xa4e ./CMSIS/EFM32PG12B/system_efm32pg12b.o
 .debug_macro   0x00000cd0       0x22 ./CMSIS/EFM32PG12B/system_efm32pg12b.o
 .debug_macro   0x00000cf2       0x4f ./CMSIS/EFM32PG12B/system_efm32pg12b.o
 .debug_macro   0x00000d41       0x51 ./CMSIS/EFM32PG12B/system_efm32pg12b.o
 .debug_macro   0x00000d92       0xef ./CMSIS/EFM32PG12B/system_efm32pg12b.o
 .debug_macro   0x00000e81       0x6a ./CMSIS/EFM32PG12B/system_efm32pg12b.o
 .debug_macro   0x00000eeb      0x1df ./CMSIS/EFM32PG12B/system_efm32pg12b.o
 .debug_macro   0x000010ca      0x4b1 ./CMSIS/EFM32PG12B/system_efm32pg12b.o
 .debug_macro   0x0000157b       0x1c ./CMSIS/EFM32PG12B/system_efm32pg12b.o
 .debug_macro   0x00001597       0x22 ./CMSIS/EFM32PG12B/system_efm32pg12b.o
 .debug_macro   0x000015b9       0xdf ./CMSIS/EFM32PG12B/system_efm32pg12b.o
 .debug_macro   0x00001698      0xff5 ./CMSIS/EFM32PG12B/system_efm32pg12b.o
 .debug_macro   0x0000268d       0xe2 ./CMSIS/EFM32PG12B/system_efm32pg12b.o
 .debug_macro   0x0000276f      0xe1c ./CMSIS/EFM32PG12B/system_efm32pg12b.o
 .debug_macro   0x0000358b     0x2275 ./CMSIS/EFM32PG12B/system_efm32pg12b.o
 .debug_macro   0x00005800      0x329 ./CMSIS/EFM32PG12B/system_efm32pg12b.o
 .debug_macro   0x00005b29     0x3119 ./CMSIS/EFM32PG12B/system_efm32pg12b.o
 .debug_macro   0x00008c42     0x1bba ./CMSIS/EFM32PG12B/system_efm32pg12b.o
 .debug_macro   0x0000a7fc     0x2674 ./CMSIS/EFM32PG12B/system_efm32pg12b.o
 .debug_macro   0x0000ce70     0x1b19 ./CMSIS/EFM32PG12B/system_efm32pg12b.o
 .debug_macro   0x0000e989      0xe2b ./CMSIS/EFM32PG12B/system_efm32pg12b.o
 .debug_macro   0x0000f7b4      0x344 ./CMSIS/EFM32PG12B/system_efm32pg12b.o
 .debug_macro   0x0000faf8      0x29d ./CMSIS/EFM32PG12B/system_efm32pg12b.o
 .debug_macro   0x0000fd95     0x2763 ./CMSIS/EFM32PG12B/system_efm32pg12b.o
 .debug_macro   0x000124f8     0x31cc ./CMSIS/EFM32PG12B/system_efm32pg12b.o
 .debug_macro   0x000156c4     0x136b ./CMSIS/EFM32PG12B/system_efm32pg12b.o
 .debug_macro   0x00016a2f      0xde2 ./CMSIS/EFM32PG12B/system_efm32pg12b.o
 .debug_macro   0x00017811      0x249 ./CMSIS/EFM32PG12B/system_efm32pg12b.o
 .debug_macro   0x00017a5a     0x1042 ./CMSIS/EFM32PG12B/system_efm32pg12b.o
 .debug_macro   0x00018a9c     0x1605 ./CMSIS/EFM32PG12B/system_efm32pg12b.o
 .debug_macro   0x0001a0a1     0x3cb7 ./CMSIS/EFM32PG12B/system_efm32pg12b.o
 .debug_macro   0x0001dd58     0x23fc ./CMSIS/EFM32PG12B/system_efm32pg12b.o
 .debug_macro   0x00020154      0x70c ./CMSIS/EFM32PG12B/system_efm32pg12b.o
 .debug_macro   0x00020860     0x26ef ./CMSIS/EFM32PG12B/system_efm32pg12b.o
 .debug_macro   0x00022f4f     0x1700 ./CMSIS/EFM32PG12B/system_efm32pg12b.o
 .debug_macro   0x0002464f     0x2efb ./CMSIS/EFM32PG12B/system_efm32pg12b.o
 .debug_macro   0x0002754a      0xfaf ./CMSIS/EFM32PG12B/system_efm32pg12b.o
 .debug_macro   0x000284f9      0x6c3 ./CMSIS/EFM32PG12B/system_efm32pg12b.o
 .debug_macro   0x00028bbc     0x1021 ./CMSIS/EFM32PG12B/system_efm32pg12b.o
 .debug_macro   0x00029bdd      0x888 ./CMSIS/EFM32PG12B/system_efm32pg12b.o
 .debug_macro   0x0002a465      0x4ff ./CMSIS/EFM32PG12B/system_efm32pg12b.o
 .debug_macro   0x0002a964     0x1be1 ./CMSIS/EFM32PG12B/system_efm32pg12b.o
 .debug_macro   0x0002c545       0x40 ./CMSIS/EFM32PG12B/system_efm32pg12b.o
 .debug_macro   0x0002c585      0x2ce ./CMSIS/EFM32PG12B/system_efm32pg12b.o
 .debug_macro   0x0002c853      0x381 ./CMSIS/EFM32PG12B/system_efm32pg12b.o
 .debug_macro   0x0002cbd4      0x190 ./CMSIS/EFM32PG12B/system_efm32pg12b.o
 .debug_macro   0x0002cd64     0x27bf ./CMSIS/EFM32PG12B/system_efm32pg12b.o
 .debug_macro   0x0002f523      0x303 ./CMSIS/EFM32PG12B/system_efm32pg12b.o
 .debug_macro   0x0002f826      0x303 ./CMSIS/EFM32PG12B/system_efm32pg12b.o
 .debug_macro   0x0002fb29       0x23 ./emlib/em_assert.o
 .debug_macro   0x0002fb4c      0x3a9 ./emlib/em_cmu.o
 .debug_macro   0x0002fef5       0x58 ./emlib/em_cmu.o
 .debug_macro   0x0002ff4d      0x34d ./emlib/em_cmu.o
 .debug_macro   0x0003029a       0x25 ./emlib/em_cmu.o
 .debug_macro   0x000302bf       0xee ./emlib/em_cmu.o
 .debug_macro   0x000303ad       0x87 ./emlib/em_cmu.o
 .debug_macro   0x00030434      0x2ae ./emlib/em_core.o
 .debug_macro   0x000306e2       0xba ./emlib/em_core.o
 .debug_macro   0x0003079c      0x3c3 ./emlib/em_emu.o
 .debug_macro   0x00030b5f       0x52 ./emlib/em_emu.o
 .debug_macro   0x00030bb1       0x55 ./emlib/em_emu.o
 .debug_macro   0x00030c06      0x353 ./emlib/em_emu.o
 .debug_macro   0x00030f59       0xd9 ./emlib/em_emu.o
 .debug_macro   0x00031032       0x81 ./emlib/em_emu.o
 .debug_macro   0x000310b3       0xc0 ./emlib/em_emu.o
 .debug_macro   0x00031173      0x295 ./emlib/em_gpio.o
 .debug_macro   0x00031408      0x31e ./emlib/em_i2c.o
 .debug_macro   0x00031726       0x3f ./emlib/em_i2c.o
 .debug_macro   0x00031765      0x2c1 ./emlib/em_letimer.o
 .debug_macro   0x00031a26      0x341 ./src/Source_Files/app.o
 .debug_macro   0x00031d67       0x82 ./src/Source_Files/app.o
 .debug_macro   0x00031de9       0x10 ./src/Source_Files/app.o
 .debug_macro   0x00031df9       0x2e ./src/Source_Files/app.o
 .debug_macro   0x00031e27       0x10 ./src/Source_Files/app.o
 .debug_macro   0x00031e37       0x45 ./src/Source_Files/app.o
 .debug_macro   0x00031e7c       0x1c ./src/Source_Files/app.o
 .debug_macro   0x00031e98       0x46 ./src/Source_Files/app.o
 .debug_macro   0x00031ede       0x40 ./src/Source_Files/app.o
 .debug_macro   0x00031f1e      0x2a9 ./src/Source_Files/cmu.o
 .debug_macro   0x000321c7      0x2b6 ./src/Source_Files/gpio.o
 .debug_macro   0x0003247d      0x2f2 ./src/Source_Files/i2c.o
 .debug_macro   0x0003276f       0x28 ./src/Source_Files/i2c.o
 .debug_macro   0x00032797      0x2f7 ./src/Source_Files/letimer.o
 .debug_macro   0x00032a8e      0x2bf ./src/Source_Files/scheduler.o
 .debug_macro   0x00032d4d      0x34d ./src/Source_Files/si7021.o
 .debug_macro   0x0003309a      0x2c4 ./src/Source_Files/sleep_routines.o
 .debug_macro   0x0003335e      0x459 ./src/main.o
 .debug_macro   0x000337b7       0x16 ./src/main.o
 .debug_macro   0x000337cd       0x97 ./src/main.o
 .debug_macro   0x00033864       0xf6 ./src/main.o
 .debug_macro   0x0003395a       0x10 ./src/main.o
 .debug_macro   0x0003396a       0x10 ./src/main.o
 .debug_macro   0x0003397a       0xb6 ./src/main.o
 .debug_macro   0x00033a30       0x16 ./src/main.o
 .debug_macro   0x00033a46      0x129 ./src/main.o

.debug_frame    0x00000000     0x13e0
 .debug_frame   0x00000000       0xc8 ./CMSIS/EFM32PG12B/system_efm32pg12b.o
 .debug_frame   0x000000c8       0x20 ./emlib/em_assert.o
 .debug_frame   0x000000e8      0x474 ./emlib/em_cmu.o
 .debug_frame   0x0000055c      0x234 ./emlib/em_core.o
 .debug_frame   0x00000790      0x400 ./emlib/em_emu.o
 .debug_frame   0x00000b90       0xc0 ./emlib/em_gpio.o
 .debug_frame   0x00000c50       0xf8 ./emlib/em_i2c.o
 .debug_frame   0x00000d48      0x124 ./emlib/em_letimer.o
 .debug_frame   0x00000e6c       0xa0 ./src/Source_Files/app.o
 .debug_frame   0x00000f0c       0x2c ./src/Source_Files/cmu.o
 .debug_frame   0x00000f38       0x2c ./src/Source_Files/gpio.o
 .debug_frame   0x00000f64       0xb0 ./src/Source_Files/i2c.o
 .debug_frame   0x00001014       0x7c ./src/Source_Files/letimer.o
 .debug_frame   0x00001090       0x68 ./src/Source_Files/scheduler.o
 .debug_frame   0x000010f8       0x68 ./src/Source_Files/si7021.o
 .debug_frame   0x00001160       0xa0 ./src/Source_Files/sleep_routines.o
 .debug_frame   0x00001200       0x2c ./src/main.o
 .debug_frame   0x0000122c       0xac c:/siliconlabs/simplicitystudio/v4/developer/toolchains/gnu_arm/7.2_2017q4/bin/../lib/gcc/arm-none-eabi/7.2.1/thumb/v7e-m/fpv4-sp/softfp\libgcc.a(_arm_addsubdf3.o)
 .debug_frame   0x000012d8       0x50 c:/siliconlabs/simplicitystudio/v4/developer/toolchains/gnu_arm/7.2_2017q4/bin/../lib/gcc/arm-none-eabi/7.2.1/thumb/v7e-m/fpv4-sp/softfp\libgcc.a(_arm_muldivdf3.o)
 .debug_frame   0x00001328       0x24 c:/siliconlabs/simplicitystudio/v4/developer/toolchains/gnu_arm/7.2_2017q4/bin/../lib/gcc/arm-none-eabi/7.2.1/thumb/v7e-m/fpv4-sp/softfp\libgcc.a(_arm_truncdfsf2.o)
 .debug_frame   0x0000134c       0x28 c:/siliconlabs/simplicitystudio/v4/developer/toolchains/gnu_arm/7.2_2017q4/bin/../lib/gcc/arm-none-eabi/7.2.1/../../../../arm-none-eabi/lib/thumb/v7e-m/fpv4-sp/softfp\libc_nano.a(lib_a-exit.o)
 .debug_frame   0x00001374       0x2c c:/siliconlabs/simplicitystudio/v4/developer/toolchains/gnu_arm/7.2_2017q4/bin/../lib/gcc/arm-none-eabi/7.2.1/../../../../arm-none-eabi/lib/thumb/v7e-m/fpv4-sp/softfp\libc_nano.a(lib_a-init.o)
 .debug_frame   0x000013a0       0x20 c:/siliconlabs/simplicitystudio/v4/developer/toolchains/gnu_arm/7.2_2017q4/bin/../lib/gcc/arm-none-eabi/7.2.1/../../../../arm-none-eabi/lib/thumb/v7e-m/fpv4-sp/softfp\libc_nano.a(lib_a-memset.o)
 .debug_frame   0x000013c0       0x20 c:/siliconlabs/simplicitystudio/v4/developer/toolchains/gnu_arm/7.2_2017q4/bin/../lib/gcc/arm-none-eabi/7.2.1/../../../../arm-none-eabi/lib/thumb/v7e-m/fpv4-sp/softfp\libnosys.a(_exit.o)
