Archive member included to satisfy reference by file (symbol)

c:/siliconlabs/simplicitystudio/v4/developer/toolchains/gnu_arm/7.2_2017q4/bin/../lib/gcc/arm-none-eabi/7.2.1/thumb/v7e-m/fpv4-sp/softfp\libgcc.a(_arm_addsubdf3.o)
                              ./src/Source_Files/si7021.o (__aeabi_dsub)
c:/siliconlabs/simplicitystudio/v4/developer/toolchains/gnu_arm/7.2_2017q4/bin/../lib/gcc/arm-none-eabi/7.2.1/thumb/v7e-m/fpv4-sp/softfp\libgcc.a(_arm_muldivdf3.o)
                              ./src/Source_Files/si7021.o (__aeabi_dmul)
c:/siliconlabs/simplicitystudio/v4/developer/toolchains/gnu_arm/7.2_2017q4/bin/../lib/gcc/arm-none-eabi/7.2.1/thumb/v7e-m/fpv4-sp/softfp\libgcc.a(_arm_truncdfsf2.o)
                              ./src/Source_Files/si7021.o (__aeabi_d2f)
c:/siliconlabs/simplicitystudio/v4/developer/toolchains/gnu_arm/7.2_2017q4/bin/../lib/gcc/arm-none-eabi/7.2.1/thumb/v7e-m/fpv4-sp/softfp\libgcc.a(_aeabi_uldivmod.o)
                              ./emlib/em_usart.o (__aeabi_uldivmod)
c:/siliconlabs/simplicitystudio/v4/developer/toolchains/gnu_arm/7.2_2017q4/bin/../lib/gcc/arm-none-eabi/7.2.1/thumb/v7e-m/fpv4-sp/softfp\libgcc.a(_udivmoddi4.o)
                              c:/siliconlabs/simplicitystudio/v4/developer/toolchains/gnu_arm/7.2_2017q4/bin/../lib/gcc/arm-none-eabi/7.2.1/thumb/v7e-m/fpv4-sp/softfp\libgcc.a(_aeabi_uldivmod.o) (__udivmoddi4)
c:/siliconlabs/simplicitystudio/v4/developer/toolchains/gnu_arm/7.2_2017q4/bin/../lib/gcc/arm-none-eabi/7.2.1/thumb/v7e-m/fpv4-sp/softfp\libgcc.a(_dvmd_tls.o)
                              c:/siliconlabs/simplicitystudio/v4/developer/toolchains/gnu_arm/7.2_2017q4/bin/../lib/gcc/arm-none-eabi/7.2.1/thumb/v7e-m/fpv4-sp/softfp\libgcc.a(_aeabi_uldivmod.o) (__aeabi_ldiv0)
c:/siliconlabs/simplicitystudio/v4/developer/toolchains/gnu_arm/7.2_2017q4/bin/../lib/gcc/arm-none-eabi/7.2.1/../../../../arm-none-eabi/lib/thumb/v7e-m/fpv4-sp/softfp\libc_nano.a(lib_a-exit.o)
                              c:/siliconlabs/simplicitystudio/v4/developer/toolchains/gnu_arm/7.2_2017q4/bin/../lib/gcc/arm-none-eabi/7.2.1/../../../../arm-none-eabi/lib/thumb/v7e-m/fpv4-sp/softfp/crt0.o (exit)
c:/siliconlabs/simplicitystudio/v4/developer/toolchains/gnu_arm/7.2_2017q4/bin/../lib/gcc/arm-none-eabi/7.2.1/../../../../arm-none-eabi/lib/thumb/v7e-m/fpv4-sp/softfp\libc_nano.a(lib_a-impure.o)
                              c:/siliconlabs/simplicitystudio/v4/developer/toolchains/gnu_arm/7.2_2017q4/bin/../lib/gcc/arm-none-eabi/7.2.1/../../../../arm-none-eabi/lib/thumb/v7e-m/fpv4-sp/softfp\libc_nano.a(lib_a-exit.o) (_global_impure_ptr)
c:/siliconlabs/simplicitystudio/v4/developer/toolchains/gnu_arm/7.2_2017q4/bin/../lib/gcc/arm-none-eabi/7.2.1/../../../../arm-none-eabi/lib/thumb/v7e-m/fpv4-sp/softfp\libc_nano.a(lib_a-init.o)
                              c:/siliconlabs/simplicitystudio/v4/developer/toolchains/gnu_arm/7.2_2017q4/bin/../lib/gcc/arm-none-eabi/7.2.1/../../../../arm-none-eabi/lib/thumb/v7e-m/fpv4-sp/softfp/crt0.o (__libc_init_array)
c:/siliconlabs/simplicitystudio/v4/developer/toolchains/gnu_arm/7.2_2017q4/bin/../lib/gcc/arm-none-eabi/7.2.1/../../../../arm-none-eabi/lib/thumb/v7e-m/fpv4-sp/softfp\libc_nano.a(lib_a-memcpy-stub.o)
                              ./emlib/em_crypto.o (memcpy)
c:/siliconlabs/simplicitystudio/v4/developer/toolchains/gnu_arm/7.2_2017q4/bin/../lib/gcc/arm-none-eabi/7.2.1/../../../../arm-none-eabi/lib/thumb/v7e-m/fpv4-sp/softfp\libc_nano.a(lib_a-memset.o)
                              c:/siliconlabs/simplicitystudio/v4/developer/toolchains/gnu_arm/7.2_2017q4/bin/../lib/gcc/arm-none-eabi/7.2.1/../../../../arm-none-eabi/lib/thumb/v7e-m/fpv4-sp/softfp/crt0.o (memset)
c:/siliconlabs/simplicitystudio/v4/developer/toolchains/gnu_arm/7.2_2017q4/bin/../lib/gcc/arm-none-eabi/7.2.1/../../../../arm-none-eabi/lib/thumb/v7e-m/fpv4-sp/softfp\libc_nano.a(lib_a-nano-vfprintf_float.o)
                              (_printf_float)
c:/siliconlabs/simplicitystudio/v4/developer/toolchains/gnu_arm/7.2_2017q4/bin/../lib/gcc/arm-none-eabi/7.2.1/../../../../arm-none-eabi/lib/thumb/v7e-m/fpv4-sp/softfp\libc_nano.a(lib_a-nano-vfprintf_i.o)
                              c:/siliconlabs/simplicitystudio/v4/developer/toolchains/gnu_arm/7.2_2017q4/bin/../lib/gcc/arm-none-eabi/7.2.1/../../../../arm-none-eabi/lib/thumb/v7e-m/fpv4-sp/softfp\libc_nano.a(lib_a-nano-vfprintf_float.o) (_printf_common)
c:/siliconlabs/simplicitystudio/v4/developer/toolchains/gnu_arm/7.2_2017q4/bin/../lib/gcc/arm-none-eabi/7.2.1/../../../../arm-none-eabi/lib/thumb/v7e-m/fpv4-sp/softfp\libc_nano.a(lib_a-sprintf.o)
                              ./src/Source_Files/app.o (sprintf)
c:/siliconlabs/simplicitystudio/v4/developer/toolchains/gnu_arm/7.2_2017q4/bin/../lib/gcc/arm-none-eabi/7.2.1/../../../../arm-none-eabi/lib/thumb/v7e-m/fpv4-sp/softfp\libc_nano.a(lib_a-strcat.o)
                              ./src/Source_Files/ble.o (strcat)
[...]
Memory Configuration

Name             Origin             Length             Attributes
FLASH            0x00000000         0x00100000         xr
RAM              0x20000000         0x00040000         xrw
*default*        0x00000000         0xffffffff

Linker script and memory map

LOAD c:/siliconlabs/simplicitystudio/v4/developer/toolchains/gnu_arm/7.2_2017q4/bin/../lib/gcc/arm-none-eabi/7.2.1/thumb/v7e-m/fpv4-sp/softfp/crti.o
LOAD c:/siliconlabs/simplicitystudio/v4/developer/toolchains/gnu_arm/7.2_2017q4/bin/../lib/gcc/arm-none-eabi/7.2.1/thumb/v7e-m/fpv4-sp/softfp/crtbegin.o
LOAD c:/siliconlabs/simplicitystudio/v4/developer/toolchains/gnu_arm/7.2_2017q4/bin/../lib/gcc/arm-none-eabi/7.2.1/../../../../arm-none-eabi/lib/thumb/v7e-m/fpv4-sp/softfp/crt0.o
LOAD ./CMSIS/EFM32PG12B/startup_gcc_efm32pg12b.o
LOAD ./CMSIS/EFM32PG12B/system_efm32pg12b.o
LOAD ./emlib/em_acmp.o
LOAD ./emlib/em_adc.o
LOAD ./emlib/em_aes.o
LOAD ./emlib/em_assert.o
LOAD ./emlib/em_burtc.o
LOAD ./emlib/em_can.o
LOAD ./emlib/em_cmu.o
LOAD ./emlib/em_core.o
LOAD ./emlib/em_cryotimer.o
LOAD ./emlib/em_crypto.o
LOAD ./emlib/em_csen.o
LOAD ./emlib/em_dac.o
LOAD ./emlib/em_dbg.o
LOAD ./emlib/em_dma.o
LOAD ./emlib/em_ebi.o
LOAD ./emlib/em_emu.o
LOAD ./emlib/em_eusart.o
LOAD ./emlib/em_gpcrc.o
LOAD ./emlib/em_gpio.o
LOAD ./emlib/em_i2c.o
LOAD ./emlib/em_iadc.o
LOAD ./emlib/em_idac.o
LOAD ./emlib/em_int.o
LOAD ./emlib/em_lcd.o
LOAD ./emlib/em_ldma.o
LOAD ./emlib/em_lesense.o
LOAD ./emlib/em_letimer.o
LOAD ./emlib/em_leuart.o
LOAD ./emlib/em_mpu.o
LOAD ./emlib/em_msc.o
LOAD ./emlib/em_opamp.o
LOAD ./emlib/em_pcnt.o
LOAD ./emlib/em_pdm.o
LOAD ./emlib/em_prs.o
LOAD ./emlib/em_qspi.o
LOAD ./emlib/em_rmu.o
LOAD ./emlib/em_rtc.o
LOAD ./emlib/em_rtcc.o
LOAD ./emlib/em_se.o
LOAD ./emlib/em_system.o
LOAD ./emlib/em_timer.o
LOAD ./emlib/em_usart.o
LOAD ./emlib/em_vcmp.o
LOAD ./emlib/em_vdac.o
LOAD ./emlib/em_wdog.o
LOAD ./src/Source_Files/HW_delay.o
LOAD ./src/Source_Files/app.o
LOAD ./src/Source_Files/ble.o
LOAD ./src/Source_Files/cmu.o
LOAD ./src/Source_Files/gpio.o
LOAD ./src/Source_Files/i2c.o
LOAD ./src/Source_Files/letimer.o
LOAD ./src/Source_Files/leuart.o
LOAD ./src/Source_Files/scheduler.o
LOAD ./src/Source_Files/si7021.o
LOAD ./src/Source_Files/sleep_routines.o
LOAD ./src/main.o
START GROUP
LOAD c:/siliconlabs/simplicitystudio/v4/developer/toolchains/gnu_arm/7.2_2017q4/bin/../lib/gcc/arm-none-eabi/7.2.1/thumb/v7e-m/fpv4-sp/softfp\libgcc.a
LOAD c:/siliconlabs/simplicitystudio/v4/developer/toolchains/gnu_arm/7.2_2017q4/bin/../lib/gcc/arm-none-eabi/7.2.1/../../../../arm-none-eabi/lib/thumb/v7e-m/fpv4-sp/softfp\libc_nano.a
LOAD c:/siliconlabs/simplicitystudio/v4/developer/toolchains/gnu_arm/7.2_2017q4/bin/../lib/gcc/arm-none-eabi/7.2.1/../../../../arm-none-eabi/lib/thumb/v7e-m/fpv4-sp/softfp\libnosys.a
END GROUP
START GROUP
LOAD c:/siliconlabs/simplicitystudio/v4/developer/toolchains/gnu_arm/7.2_2017q4/bin/../lib/gcc/arm-none-eabi/7.2.1/thumb/v7e-m/fpv4-sp/softfp\libgcc.a
LOAD c:/siliconlabs/simplicitystudio/v4/developer/toolchains/gnu_arm/7.2_2017q4/bin/../lib/gcc/arm-none-eabi/7.2.1/../../../../arm-none-eabi/lib/thumb/v7e-m/fpv4-sp/softfp\libg_nano.a
LOAD c:/siliconlabs/simplicitystudio/v4/developer/toolchains/gnu_arm/7.2_2017q4/bin/../lib/gcc/arm-none-eabi/7.2.1/../../../../arm-none-eabi/lib/thumb/v7e-m/fpv4-sp/softfp\libc_nano.a
END GROUP
START GROUP
LOAD c:/siliconlabs/simplicitystudio/v4/developer/toolchains/gnu_arm/7.2_2017q4/bin/../lib/gcc/arm-none-eabi/7.2.1/thumb/v7e-m/fpv4-sp/softfp\libgcc.a
LOAD c:/siliconlabs/simplicitystudio/v4/developer/toolchains/gnu_arm/7.2_2017q4/bin/../lib/gcc/arm-none-eabi/7.2.1/../../../../arm-none-eabi/lib/thumb/v7e-m/fpv4-sp/softfp\libc_nano.a
END GROUP
LOAD c:/siliconlabs/simplicitystudio/v4/developer/toolchains/gnu_arm/7.2_2017q4/bin/../lib/gcc/arm-none-eabi/7.2.1/thumb/v7e-m/fpv4-sp/softfp/crtend.o
LOAD c:/siliconlabs/simplicitystudio/v4/developer/toolchains/gnu_arm/7.2_2017q4/bin/../lib/gcc/arm-none-eabi/7.2.1/thumb/v7e-m/fpv4-sp/softfp/crtn.o

.text           0x00000000     0x7f4c
 *(.vectors)
 .vectors       0x00000000      0x10c ./CMSIS/EFM32PG12B/startup_gcc_efm32pg12b.o
                0x00000000                __Vectors
                0x0000010c                __Vectors_End = .
                0x0000010c                __Vectors_Size = (__Vectors_End - __Vectors)
                0x0000010c                __end__ = .
 *(.text*)
 .text          0x0000010c       0x40 c:/siliconlabs/simplicitystudio/v4/developer/toolchains/gnu_arm/7.2_2017q4/bin/../lib/gcc/arm-none-eabi/7.2.1/thumb/v7e-m/fpv4-sp/softfp/crtbegin.o
 .text          0x0000014c       0x74 c:/siliconlabs/simplicitystudio/v4/developer/toolchains/gnu_arm/7.2_2017q4/bin/../lib/gcc/arm-none-eabi/7.2.1/../../../../arm-none-eabi/lib/thumb/v7e-m/fpv4-sp/softfp/crt0.o
                0x0000014c                _start
                0x0000014c                _mainCRTStartup
 .text          0x000001c0       0x30 ./CMSIS/EFM32PG12B/startup_gcc_efm32pg12b.o
                0x000001c0                Reset_Handler
                0x000001ec                USART0_TX_IRQHandler
                0x000001ec                HardFault_Handler
                0x000001ec                SysTick_Handler
                0x000001ec                USART1_RX_IRQHandler
                0x000001ec                PendSV_Handler
                0x000001ec                NMI_Handler
                0x000001ec                I2C1_IRQHandler
                0x000001ec                WTIMER0_IRQHandler
                0x000001ec                CRYPTO0_IRQHandler
                0x000001ec                WDOG0_IRQHandler
                0x000001ec                USART1_TX_IRQHandler
                0x000001ec                SMU_IRQHandler
                0x000001ec                MSC_IRQHandler
                0x000001ec                ADC0_IRQHandler
                0x000001ec                UsageFault_Handler
                0x000001ec                WDOG1_IRQHandler
                0x000001ec                FPUEH_IRQHandler
                0x000001ec                WTIMER1_IRQHandler
                0x000001ec                GPIO_EVEN_IRQHandler
                0x000001ec                VDAC0_IRQHandler
                0x000001ec                LDMA_IRQHandler
                0x000001ec                CSEN_IRQHandler
                0x000001ec                CRYPTO1_IRQHandler
                0x000001ec                TIMER0_IRQHandler
                0x000001ec                DebugMon_Handler
                0x000001ec                PCNT2_IRQHandler
                0x000001ec                TIMER1_IRQHandler
                0x000001ec                TRNG0_IRQHandler
                0x000001ec                USART2_RX_IRQHandler
                0x000001ec                Default_Handler
                0x000001ec                EMU_IRQHandler
                0x000001ec                CRYOTIMER_IRQHandler
                0x000001ec                PCNT0_IRQHandler
                0x000001ec                sl_app_properties
                0x000001ec                PCNT1_IRQHandler
                0x000001ec                ACMP0_IRQHandler
                0x000001ec                USART0_RX_IRQHandler
                0x000001ec                MemManage_Handler
                0x000001ec                SVC_Handler
                0x000001ec                USART3_RX_IRQHandler
                0x000001ec                RTCC_IRQHandler
                0x000001ec                CMU_IRQHandler
                0x000001ec                LESENSE_IRQHandler
                0x000001ec                GPIO_ODD_IRQHandler
                0x000001ec                USART3_TX_IRQHandler
                0x000001ec                BusFault_Handler
                0x000001ec                USART2_TX_IRQHandler
                0x000001ec                IDAC0_IRQHandler
 .text.SystemCoreClockGet
                0x000001f0       0x40 ./CMSIS/EFM32PG12B/system_efm32pg12b.o
                0x000001f0                SystemCoreClockGet
 .text.SystemMaxCoreClockGet
                0x00000230       0x14 ./CMSIS/EFM32PG12B/system_efm32pg12b.o
                0x00000230                SystemMaxCoreClockGet
 .text.SystemHFClockGet
                0x00000244       0x88 ./CMSIS/EFM32PG12B/system_efm32pg12b.o
                0x00000244                SystemHFClockGet
 .text.SystemHFXOClockGet
                0x000002cc       0x18 ./CMSIS/EFM32PG12B/system_efm32pg12b.o
                0x000002cc                SystemHFXOClockGet
 .text.SystemInit
                0x000002e4       0x2c ./CMSIS/EFM32PG12B/system_efm32pg12b.o
                0x000002e4                SystemInit
 .text.SystemLFRCOClockGet
                0x00000310       0x12 ./CMSIS/EFM32PG12B/system_efm32pg12b.o
                0x00000310                SystemLFRCOClockGet
 .text.SystemULFRCOClockGet
                0x00000322       0x12 ./CMSIS/EFM32PG12B/system_efm32pg12b.o
                0x00000322                SystemULFRCOClockGet
 .text.SystemLFXOClockGet
                0x00000334       0x18 ./CMSIS/EFM32PG12B/system_efm32pg12b.o
                0x00000334                SystemLFXOClockGet
 .text.assertEFM
                0x0000034c        0xc ./emlib/em_assert.o
                0x0000034c                assertEFM
 .text.BUS_RegBitWrite
                0x00000358       0x2e ./emlib/em_cmu.o
 .text.BUS_RegBitRead
                0x00000386       0x2a ./emlib/em_cmu.o
 .text.SL_Log2ToDiv
                0x000003b0       0x2c ./emlib/em_cmu.o
 .text.EMU_LDOStatusGet
                0x000003dc       0x24 ./emlib/em_cmu.o
 .text.EMU_VScaleWait
                0x00000400       0x30 ./emlib/em_cmu.o
 .text.EMU_VScaleGet
                0x00000430       0x1c ./emlib/em_cmu.o
 .text.setHfLeConfig
                0x0000044c       0x64 ./emlib/em_cmu.o
 .text.auxClkGet
                0x000004b0       0x20 ./emlib/em_cmu.o
 .text.hfSrcClkGet
                0x000004d0       0x2c ./emlib/em_cmu.o
 .text.dbgClkGet
                0x000004fc       0x4c ./emlib/em_cmu.o
 .text.adcAsyncClkGet
                0x00000548       0x98 ./emlib/em_cmu.o
 .text.flashWaitStateControl
                0x000005e0       0x98 ./emlib/em_cmu.o
 .text.flashWaitStateMax
                0x00000678       0x44 ./emlib/em_cmu.o
 .text.CMU_UpdateWaitStates
                0x000006bc       0x40 ./emlib/em_cmu.o
                0x000006bc                CMU_UpdateWaitStates
 .text.getRegIshUpperVal
                0x000006fc       0x36 ./emlib/em_cmu.o
 *fill*         0x00000732        0x2 
 .text.getHfxoTuningMode
                0x00000734       0x1c ./emlib/em_cmu.o
 .text.setHfxoTuningMode
                0x00000750       0x2c ./emlib/em_cmu.o
 .text.lfClkGet
                0x0000077c      0x114 ./emlib/em_cmu.o
 .text.syncReg  0x00000890       0x38 ./emlib/em_cmu.o
 .text.hfperClkSafePrescaler
                0x000008c8        0xe ./emlib/em_cmu.o
 .text.hfperClkOptimizedPrescaler
                0x000008d6        0xe ./emlib/em_cmu.o
 .text.CMU_ClockDivGet
                0x000008e4       0x1a ./emlib/em_cmu.o
                0x000008e4                CMU_ClockDivGet
 *fill*         0x000008fe        0x2 
 .text.CMU_ClockEnable
                0x00000900       0xd8 ./emlib/em_cmu.o
                0x00000900                CMU_ClockEnable
 .text.CMU_ClockFreqGet
                0x000009d8      0x240 ./emlib/em_cmu.o
                0x000009d8                CMU_ClockFreqGet
 .text.CMU_ClockPrescGet
                0x00000c18      0x1c0 ./emlib/em_cmu.o
                0x00000c18                CMU_ClockPrescGet
 .text.CMU_ClockSelectGet
                0x00000dd8      0x1c8 ./emlib/em_cmu.o
                0x00000dd8                CMU_ClockSelectGet
 .text.CMU_ClockSelectSet
                0x00000fa0      0x348 ./emlib/em_cmu.o
                0x00000fa0                CMU_ClockSelectSet
 .text.CMU_HFRCODevinfoGet
                0x000012e8       0xdc ./emlib/em_cmu.o
 .text.CMU_HFRCOBandGet
                0x000013c4       0x18 ./emlib/em_cmu.o
                0x000013c4                CMU_HFRCOBandGet
 .text.CMU_HFRCOBandSet
                0x000013dc      0x178 ./emlib/em_cmu.o
                0x000013dc                CMU_HFRCOBandSet
 .text.CMU_HFXOInit
                0x00001554      0x104 ./emlib/em_cmu.o
                0x00001554                CMU_HFXOInit
 .text.CMU_OscillatorEnable
                0x00001658      0x1bc ./emlib/em_cmu.o
                0x00001658                CMU_OscillatorEnable
 .text.CMU_OscillatorTuningGet
                0x00001814       0x7c ./emlib/em_cmu.o
                0x00001814                CMU_OscillatorTuningGet
 .text.CMU_OscillatorTuningSet
                0x00001890      0x154 ./emlib/em_cmu.o
                0x00001890                CMU_OscillatorTuningSet
 .text.CMU_OscillatorTuningWait
                0x000019e4       0xb4 ./emlib/em_cmu.o
                0x000019e4                CMU_OscillatorTuningWait
 .text.CMU_OscillatorTuningOptimize
                0x00001a98       0x64 ./emlib/em_cmu.o
                0x00001a98                CMU_OscillatorTuningOptimize
 .text.CORE_EnterCritical
                0x00001afc       0x20 ./emlib/em_core.o
                0x00001afc                CORE_EnterCritical
 .text.CORE_ExitCritical
                0x00001b1c       0x1c ./emlib/em_core.o
                0x00001b1c                CORE_ExitCritical
 .text.SystemCoreClockUpdate
                0x00001b38        0xc ./emlib/em_emu.o
 .text.BUS_RegBitWrite
                0x00001b44       0x2e ./emlib/em_emu.o
 .text.BUS_RegBitRead
                0x00001b72       0x2a ./emlib/em_emu.o
 .text.EMU_LDOStatusGet
                0x00001b9c       0x24 ./emlib/em_emu.o
 .text.EMU_VScaleWait
                0x00001bc0       0x30 ./emlib/em_emu.o
 .text.EMU_VScaleGet
                0x00001bf0       0x1c ./emlib/em_emu.o
 .text.EMU_IntClear
                0x00001c0c       0x20 ./emlib/em_emu.o
 .text.EMU_IntGet
                0x00001c2c       0x18 ./emlib/em_emu.o
 .text.EMU_PowerLock
                0x00001c44       0x18 ./emlib/em_emu.o
 .text.EMU_PowerUnlock
                0x00001c5c       0x1c ./emlib/em_emu.o
 .text.CMU_Lock
                0x00001c78       0x1c ./emlib/em_emu.o
 .text.CMU_Unlock
                0x00001c94       0x1c ./emlib/em_emu.o
 .text.vScaleEM01Cmd
                0x00001cb0       0x22 ./emlib/em_emu.o
 *fill*         0x00001cd2        0x2 
 .text.emState  0x00001cd4      0x158 ./emlib/em_emu.o
 .text.vScaleDownEM23Setup
                0x00001e2c       0x64 ./emlib/em_emu.o
 .text.vScaleAfterWakeup
                0x00001e90       0x48 ./emlib/em_emu.o
 .text.EMU_EM23PresleepHook
                0x00001ed8        0xe ./emlib/em_emu.o
                0x00001ed8                EMU_EM23PresleepHook
 .text.EMU_EM23PostsleepHook
                0x00001ee6        0xe ./emlib/em_emu.o
                0x00001ee6                EMU_EM23PostsleepHook
 .text.EMU_EnterEM2
                0x00001ef4       0x90 ./emlib/em_emu.o
                0x00001ef4                EMU_EnterEM2
 .text.EMU_EnterEM3
                0x00001f84       0xb8 ./emlib/em_emu.o
                0x00001f84                EMU_EnterEM3
 .text.EMU_VScaleEM01ByClock
                0x0000203c       0x84 ./emlib/em_emu.o
                0x0000203c                EMU_VScaleEM01ByClock
 .text.EMU_VScaleEM01
                0x000020c0       0xb4 ./emlib/em_emu.o
                0x000020c0                EMU_VScaleEM01
 .text.EMU_EM23Init
                0x00002174       0x50 ./emlib/em_emu.o
                0x00002174                EMU_EM23Init
 .text.dcdcConstCalibrationLoad
                0x000021c4       0x10 ./emlib/em_emu.o
 .text.dcdcValidatedConfigSet
                0x000021d4       0x40 ./emlib/em_emu.o
 .text.currentLimitersUpdate
                0x00002214      0x124 ./emlib/em_emu.o
 .text.userCurrentLimitsSet
                0x00002338       0x30 ./emlib/em_emu.o
 .text.compCtrlSet
                0x00002368       0x4c ./emlib/em_emu.o
 .text.lpCmpHystCalibrationLoad
                0x000023b4       0xec ./emlib/em_emu.o
 .text.lpGetDevinfoVrefLowHigh
                0x000024a0      0x164 ./emlib/em_emu.o
 .text.EMU_DCDCModeSet
                0x00002604      0x10c ./emlib/em_emu.o
                0x00002604                EMU_DCDCModeSet
 .text.EMU_DCDCInit
                0x00002710      0x1c8 ./emlib/em_emu.o
                0x00002710                EMU_DCDCInit
 .text.EMU_DCDCOutputVoltageSet
                0x000028d8      0x2d8 ./emlib/em_emu.o
                0x000028d8                EMU_DCDCOutputVoltageSet
 .text.EMU_DCDCOptimizeSlice
                0x00002bb0       0xe8 ./emlib/em_emu.o
                0x00002bb0                EMU_DCDCOptimizeSlice
 .text.EMU_DCDCLnRcoBandSet
                0x00002c98       0x64 ./emlib/em_emu.o
                0x00002c98                EMU_DCDCLnRcoBandSet
 .text.BUS_RegMaskedSet
                0x00002cfc       0x24 ./emlib/em_gpio.o
 .text.BUS_RegMaskedClear
                0x00002d20       0x24 ./emlib/em_gpio.o
 .text.BUS_RegMaskedWrite
                0x00002d44       0x24 ./emlib/em_gpio.o
 .text.GPIO_PinOutClear
                0x00002d68       0xd0 ./emlib/em_gpio.o
 .text.GPIO_PinOutSet
                0x00002e38       0xd0 ./emlib/em_gpio.o
 .text.GPIO_DriveStrengthSet
                0x00002f08       0x8c ./emlib/em_gpio.o
                0x00002f08                GPIO_DriveStrengthSet
 .text.GPIO_PinModeSet
                0x00002f94      0x18c ./emlib/em_gpio.o
                0x00002f94                GPIO_PinModeSet
 .text.I2C_IntClear
                0x00003120       0x1c ./emlib/em_i2c.o
 .text.BUS_RegBitWrite
                0x0000313c       0x2e ./emlib/em_i2c.o
 .text.BUS_RegMaskedSet
                0x0000316a       0x24 ./emlib/em_i2c.o
 .text.BUS_RegMaskedClear
                0x0000318e       0x24 ./emlib/em_i2c.o
 .text.BUS_RegMaskedWrite
                0x000031b2       0x24 ./emlib/em_i2c.o
 *fill*         0x000031d6        0x2 
 .text.I2C_BusFreqSet
                0x000031d8      0x198 ./emlib/em_i2c.o
                0x000031d8                I2C_BusFreqSet
 .text.I2C_Enable
                0x00003370       0x48 ./emlib/em_i2c.o
                0x00003370                I2C_Enable
 .text.I2C_Init
                0x000033b8       0x7c ./emlib/em_i2c.o
                0x000033b8                I2C_Init
 .text.regSync  0x00003434       0x24 ./emlib/em_letimer.o
 .text.LETIMER_Enable
                0x00003458       0x4c ./emlib/em_letimer.o
                0x00003458                LETIMER_Enable
 .text.LETIMER_Init
                0x000034a4      0x110 ./emlib/em_letimer.o
                0x000034a4                LETIMER_Init
 .text.LEUART_Sync
                0x000035b4       0x32 ./emlib/em_leuart.o
 *fill*         0x000035e6        0x2 
 .text.LEUART_BaudrateSet
                0x000035e8       0x9c ./emlib/em_leuart.o
                0x000035e8                LEUART_BaudrateSet
 .text.LEUART_Enable
                0x00003684       0x58 ./emlib/em_leuart.o
                0x00003684                LEUART_Enable
 .text.LEUART_FreezeEnable
                0x000036dc       0x36 ./emlib/em_leuart.o
                0x000036dc                LEUART_FreezeEnable
 *fill*         0x00003712        0x2 
 .text.LEUART_Init
                0x00003714       0x84 ./emlib/em_leuart.o
                0x00003714                LEUART_Init
 .text.BUS_RegMaskedSet
                0x00003798       0x24 ./src/Source_Files/app.o
 .text.BUS_RegMaskedClear
                0x000037bc       0x24 ./src/Source_Files/app.o
 .text.GPIO_PinOutClear
                0x000037e0       0xd0 ./src/Source_Files/app.o
 .text.GPIO_PinOutSet
                0x000038b0       0xd0 ./src/Source_Files/app.o
 .text.app_peripheral_setup
                0x00003980       0x48 ./src/Source_Files/app.o
                0x00003980                app_peripheral_setup
 .text.app_letimer_pwm_open
                0x000039c8       0x6c ./src/Source_Files/app.o
 .text.scheduled_letimer0_uf_cb
                0x00003a34       0x30 ./src/Source_Files/app.o
                0x00003a34                scheduled_letimer0_uf_cb
 .text.scheduled_letimer0_comp0_cb
                0x00003a64       0x30 ./src/Source_Files/app.o
                0x00003a64                scheduled_letimer0_comp0_cb
 .text.scheduled_letimer0_comp1_cb
                0x00003a94       0x30 ./src/Source_Files/app.o
                0x00003a94                scheduled_letimer0_comp1_cb
 .text.scheduled_si7021_read_cb
                0x00003ac4       0xb0 ./src/Source_Files/app.o
                0x00003ac4                scheduled_si7021_read_cb
 .text.scheduled_boot_up_cb
                0x00003b74       0x40 ./src/Source_Files/app.o
                0x00003b74                scheduled_boot_up_cb
 .text.scheduled_ble_tx_done_cb
                0x00003bb4       0x28 ./src/Source_Files/app.o
                0x00003bb4                scheduled_ble_tx_done_cb
 .text.ble_open
                0x00003bdc       0x64 ./src/Source_Files/ble.o
                0x00003bdc                ble_open
 .text.ble_write
                0x00003c40       0x28 ./src/Source_Files/ble.o
                0x00003c40                ble_write
 .text.cmu_open
                0x00003c68       0x4c ./src/Source_Files/cmu.o
                0x00003c68                cmu_open
 .text.gpio_open
                0x00003cb4       0x8c ./src/Source_Files/gpio.o
                0x00003cb4                gpio_open
 .text.__NVIC_EnableIRQ
                0x00003d40       0x3c ./src/Source_Files/i2c.o
 .text.i2c_open
                0x00003d7c      0x118 ./src/Source_Files/i2c.o
                0x00003d7c                i2c_open
 .text.i2c_bus_reset
                0x00003e94       0x9c ./src/Source_Files/i2c.o
 .text.i2c_start
                0x00003f30       0x7c ./src/Source_Files/i2c.o
                0x00003f30                i2c_start
 .text.I2C0_IRQHandler
                0x00003fac       0x68 ./src/Source_Files/i2c.o
                0x00003fac                I2C0_IRQHandler
 .text.i2c_ack  0x00004014       0xac ./src/Source_Files/i2c.o
 .text.i2c_nack
                0x000040c0       0x9c ./src/Source_Files/i2c.o
 .text.i2c_rxdatav
                0x0000415c       0xf8 ./src/Source_Files/i2c.o
 .text.i2c_mstop
                0x00004254       0x98 ./src/Source_Files/i2c.o
 .text.__NVIC_EnableIRQ
                0x000042ec       0x3c ./src/Source_Files/letimer.o
 .text.letimer_pwm_open
                0x00004328      0x180 ./src/Source_Files/letimer.o
                0x00004328                letimer_pwm_open
 .text.letimer_start
                0x000044a8       0x5e ./src/Source_Files/letimer.o
                0x000044a8                letimer_start
 *fill*         0x00004506        0x2 
 .text.LETIMER0_IRQHandler
                0x00004508       0xac ./src/Source_Files/letimer.o
                0x00004508                LETIMER0_IRQHandler
 .text.__NVIC_EnableIRQ
                0x000045b4       0x3c ./src/Source_Files/leuart.o
 .text.leuart_open
                0x000045f0      0x16c ./src/Source_Files/leuart.o
                0x000045f0                leuart_open
 .text.LEUART0_IRQHandler
                0x0000475c       0x4c ./src/Source_Files/leuart.o
                0x0000475c                LEUART0_IRQHandler
 .text.leuart_txbl
                0x000047a8       0x94 ./src/Source_Files/leuart.o
 .text.leuart_txc
                0x0000483c       0x74 ./src/Source_Files/leuart.o
 .text.leuart_start
                0x000048b0       0x70 ./src/Source_Files/leuart.o
                0x000048b0                leuart_start
 .text.scheduler_open
                0x00004920       0x18 ./src/Source_Files/scheduler.o
                0x00004920                scheduler_open
 .text.add_scheduled_event
                0x00004938       0x2c ./src/Source_Files/scheduler.o
                0x00004938                add_scheduled_event
 .text.remove_scheduled_event
                0x00004964       0x30 ./src/Source_Files/scheduler.o
                0x00004964                remove_scheduled_event
 .text.get_scheduled_events
                0x00004994       0x18 ./src/Source_Files/scheduler.o
                0x00004994                get_scheduled_events
 .text.si7021_i2c_open
                0x000049ac       0x48 ./src/Source_Files/si7021.o
                0x000049ac                si7021_i2c_open
 .text.si7021_read
                0x000049f4       0x2c ./src/Source_Files/si7021.o
                0x000049f4                si7021_read
 .text.si7021_temperatureF
                0x00004a20       0xdc ./src/Source_Files/si7021.o
                0x00004a20                si7021_temperatureF
 .text.EMU_EnterEM1
                0x00004afc       0x20 ./src/Source_Files/sleep_routines.o
 .text.sleep_open
                0x00004b1c       0x34 ./src/Source_Files/sleep_routines.o
                0x00004b1c                sleep_open
 .text.sleep_block_mode
                0x00004b50       0x44 ./src/Source_Files/sleep_routines.o
                0x00004b50                sleep_block_mode
 .text.sleep_unblock_mode
                0x00004b94       0x44 ./src/Source_Files/sleep_routines.o
                0x00004b94                sleep_unblock_mode
 .text.enter_sleep
                0x00004bd8       0x54 ./src/Source_Files/sleep_routines.o
                0x00004bd8                enter_sleep
 .text.SYSTEM_GetProdRev
                0x00004c2c       0x1c ./src/main.o
 .text.CHIP_Init
                0x00004c48       0x84 ./src/main.o
 .text.main     0x00004ccc      0x124 ./src/main.o
                0x00004ccc                main
 .text          0x00004df0      0x378 c:/siliconlabs/simplicitystudio/v4/developer/toolchains/gnu_arm/7.2_2017q4/bin/../lib/gcc/arm-none-eabi/7.2.1/thumb/v7e-m/fpv4-sp/softfp\libgcc.a(_arm_addsubdf3.o)
                0x00004df0                __aeabi_drsub
                0x00004df8                __aeabi_dsub
                0x00004df8                __subdf3
                0x00004dfc                __aeabi_dadd
                0x00004dfc                __adddf3
                0x00005074                __floatunsidf
                0x00005074                __aeabi_ui2d
                0x00005094                __floatsidf
                0x00005094                __aeabi_i2d
                0x000050b8                __aeabi_f2d
                0x000050b8                __extendsfdf2
                0x000050fc                __floatundidf
                0x000050fc                __aeabi_ul2d
                0x0000510c                __floatdidf
                0x0000510c                __aeabi_l2d
 .text          0x00005168      0x424 c:/siliconlabs/simplicitystudio/v4/developer/toolchains/gnu_arm/7.2_2017q4/bin/../lib/gcc/arm-none-eabi/7.2.1/thumb/v7e-m/fpv4-sp/softfp\libgcc.a(_arm_muldivdf3.o)
                0x00005168                __aeabi_dmul
                0x00005168                __muldf3
                0x000053bc                __divdf3
                0x000053bc                __aeabi_ddiv
 .text          0x0000558c       0xa0 c:/siliconlabs/simplicitystudio/v4/developer/toolchains/gnu_arm/7.2_2017q4/bin/../lib/gcc/arm-none-eabi/7.2.1/thumb/v7e-m/fpv4-sp/softfp\libgcc.a(_arm_truncdfsf2.o)
                0x0000558c                __truncdfsf2
                0x0000558c                __aeabi_d2f
 .text.exit     0x0000562c       0x28 c:/siliconlabs/simplicitystudio/v4/developer/toolchains/gnu_arm/7.2_2017q4/bin/../lib/gcc/arm-none-eabi/7.2.1/../../../../arm-none-eabi/lib/thumb/v7e-m/fpv4-sp/softfp\libc_nano.a(lib_a-exit.o)
                0x0000562c                exit
 .text.__libc_init_array
                0x00005654       0x48 c:/siliconlabs/simplicitystudio/v4/developer/toolchains/gnu_arm/7.2_2017q4/bin/../lib/gcc/arm-none-eabi/7.2.1/../../../../arm-none-eabi/lib/thumb/v7e-m/fpv4-sp/softfp\libc_nano.a(lib_a-init.o)
                0x00005654                __libc_init_array
 .text.memcpy   0x0000569c       0x16 c:/siliconlabs/simplicitystudio/v4/developer/toolchains/gnu_arm/7.2_2017q4/bin/../lib/gcc/arm-none-eabi/7.2.1/../../../../arm-none-eabi/lib/thumb/v7e-m/fpv4-sp/softfp\libc_nano.a(lib_a-memcpy-stub.o)
                0x0000569c                memcpy
 .text.memset   0x000056b2       0x10 c:/siliconlabs/simplicitystudio/v4/developer/toolchains/gnu_arm/7.2_2017q4/bin/../lib/gcc/arm-none-eabi/7.2.1/../../../../arm-none-eabi/lib/thumb/v7e-m/fpv4-sp/softfp\libc_nano.a(lib_a-memset.o)
                0x000056b2                memset
 .text.__cvt    0x000056c2       0xbc c:/siliconlabs/simplicitystudio/v4/developer/toolchains/gnu_arm/7.2_2017q4/bin/../lib/gcc/arm-none-eabi/7.2.1/../../../../arm-none-eabi/lib/thumb/v7e-m/fpv4-sp/softfp\libc_nano.a(lib_a-nano-vfprintf_float.o)
                0x000056c2                __cvt
 .text.__exponent
                0x0000577e       0x66 c:/siliconlabs/simplicitystudio/v4/developer/toolchains/gnu_arm/7.2_2017q4/bin/../lib/gcc/arm-none-eabi/7.2.1/../../../../arm-none-eabi/lib/thumb/v7e-m/fpv4-sp/softfp\libc_nano.a(lib_a-nano-vfprintf_float.o)
                0x0000577e                __exponent
 .text._printf_float
                0x000057e4      0x48c c:/siliconlabs/simplicitystudio/v4/developer/toolchains/gnu_arm/7.2_2017q4/bin/../lib/gcc/arm-none-eabi/7.2.1/../../../../arm-none-eabi/lib/thumb/v7e-m/fpv4-sp/softfp\libc_nano.a(lib_a-nano-vfprintf_float.o)
                0x000057e4                _printf_float
 .text._printf_common
                0x00005c70       0xea c:/siliconlabs/simplicitystudio/v4/developer/toolchains/gnu_arm/7.2_2017q4/bin/../lib/gcc/arm-none-eabi/7.2.1/../../../../arm-none-eabi/lib/thumb/v7e-m/fpv4-sp/softfp\libc_nano.a(lib_a-nano-vfprintf_i.o)
                0x00005c70                _printf_common
 *fill*         0x00005d5a        0x2 
 .text._printf_i
                0x00005d5c      0x224 c:/siliconlabs/simplicitystudio/v4/developer/toolchains/gnu_arm/7.2_2017q4/bin/../lib/gcc/arm-none-eabi/7.2.1/../../../../arm-none-eabi/lib/thumb/v7e-m/fpv4-sp/softfp\libc_nano.a(lib_a-nano-vfprintf_i.o)
                0x00005d5c                _printf_i
 .text.sprintf  0x00005f80       0x40 c:/siliconlabs/simplicitystudio/v4/developer/toolchains/gnu_arm/7.2_2017q4/bin/../lib/gcc/arm-none-eabi/7.2.1/../../../../arm-none-eabi/lib/thumb/v7e-m/fpv4-sp/softfp\libc_nano.a(lib_a-sprintf.o)
                0x00005f80                siprintf
                0x00005f80                sprintf
 .text          0x00005fc0       0x10 c:/siliconlabs/simplicitystudio/v4/developer/toolchains/gnu_arm/7.2_2017q4/bin/../lib/gcc/arm-none-eabi/7.2.1/../../../../arm-none-eabi/lib/thumb/v7e-m/fpv4-sp/softfp\libc_nano.a(lib_a-strlen.o)
                0x00005fc0                strlen
 .text.quorem   0x00005fd0      0x118 c:/siliconlabs/simplicitystudio/v4/developer/toolchains/gnu_arm/7.2_2017q4/bin/../lib/gcc/arm-none-eabi/7.2.1/../../../../arm-none-eabi/lib/thumb/v7e-m/fpv4-sp/softfp\libc_nano.a(lib_a-dtoa.o)
 .text._dtoa_r  0x000060e8      0xb7c c:/siliconlabs/simplicitystudio/v4/developer/toolchains/gnu_arm/7.2_2017q4/bin/../lib/gcc/arm-none-eabi/7.2.1/../../../../arm-none-eabi/lib/thumb/v7e-m/fpv4-sp/softfp\libc_nano.a(lib_a-dtoa.o)
                0x000060e8                _dtoa_r
 .text._localeconv_r
                0x00006c64       0x1c c:/siliconlabs/simplicitystudio/v4/developer/toolchains/gnu_arm/7.2_2017q4/bin/../lib/gcc/arm-none-eabi/7.2.1/../../../../arm-none-eabi/lib/thumb/v7e-m/fpv4-sp/softfp\libc_nano.a(lib_a-localeconv.o)
                0x00006c64                _localeconv_r
 .text.malloc   0x00006c80       0x10 c:/siliconlabs/simplicitystudio/v4/developer/toolchains/gnu_arm/7.2_2017q4/bin/../lib/gcc/arm-none-eabi/7.2.1/../../../../arm-none-eabi/lib/thumb/v7e-m/fpv4-sp/softfp\libc_nano.a(lib_a-malloc.o)
                0x00006c80                malloc
 .text          0x00006c90       0xa0 c:/siliconlabs/simplicitystudio/v4/developer/toolchains/gnu_arm/7.2_2017q4/bin/../lib/gcc/arm-none-eabi/7.2.1/../../../../arm-none-eabi/lib/thumb/v7e-m/fpv4-sp/softfp\libc_nano.a(lib_a-memchr.o)
                0x00006c90                memchr
 .text._Balloc  0x00006d30       0x68 c:/siliconlabs/simplicitystudio/v4/developer/toolchains/gnu_arm/7.2_2017q4/bin/../lib/gcc/arm-none-eabi/7.2.1/../../../../arm-none-eabi/lib/thumb/v7e-m/fpv4-sp/softfp\libc_nano.a(lib_a-mprec.o)
                0x00006d30                _Balloc
 .text._Bfree   0x00006d98       0x2e c:/siliconlabs/simplicitystudio/v4/developer/toolchains/gnu_arm/7.2_2017q4/bin/../lib/gcc/arm-none-eabi/7.2.1/../../../../arm-none-eabi/lib/thumb/v7e-m/fpv4-sp/softfp\libc_nano.a(lib_a-mprec.o)
                0x00006d98                _Bfree
 .text.__multadd
                0x00006dc6       0x76 c:/siliconlabs/simplicitystudio/v4/developer/toolchains/gnu_arm/7.2_2017q4/bin/../lib/gcc/arm-none-eabi/7.2.1/../../../../arm-none-eabi/lib/thumb/v7e-m/fpv4-sp/softfp\libc_nano.a(lib_a-mprec.o)
                0x00006dc6                __multadd
 .text.__hi0bits
                0x00006e3c       0x3e c:/siliconlabs/simplicitystudio/v4/developer/toolchains/gnu_arm/7.2_2017q4/bin/../lib/gcc/arm-none-eabi/7.2.1/../../../../arm-none-eabi/lib/thumb/v7e-m/fpv4-sp/softfp\libc_nano.a(lib_a-mprec.o)
                0x00006e3c                __hi0bits
 .text.__lo0bits
                0x00006e7a       0x5e c:/siliconlabs/simplicitystudio/v4/developer/toolchains/gnu_arm/7.2_2017q4/bin/../lib/gcc/arm-none-eabi/7.2.1/../../../../arm-none-eabi/lib/thumb/v7e-m/fpv4-sp/softfp\libc_nano.a(lib_a-mprec.o)
                0x00006e7a                __lo0bits
 .text.__i2b    0x00006ed8       0x12 c:/siliconlabs/simplicitystudio/v4/developer/toolchains/gnu_arm/7.2_2017q4/bin/../lib/gcc/arm-none-eabi/7.2.1/../../../../arm-none-eabi/lib/thumb/v7e-m/fpv4-sp/softfp\libc_nano.a(lib_a-mprec.o)
                0x00006ed8                __i2b
 .text.__multiply
                0x00006eea      0x12c c:/siliconlabs/simplicitystudio/v4/developer/toolchains/gnu_arm/7.2_2017q4/bin/../lib/gcc/arm-none-eabi/7.2.1/../../../../arm-none-eabi/lib/thumb/v7e-m/fpv4-sp/softfp\libc_nano.a(lib_a-mprec.o)
                0x00006eea                __multiply
 *fill*         0x00007016        0x2 
 .text.__pow5mult
                0x00007018       0x9c c:/siliconlabs/simplicitystudio/v4/developer/toolchains/gnu_arm/7.2_2017q4/bin/../lib/gcc/arm-none-eabi/7.2.1/../../../../arm-none-eabi/lib/thumb/v7e-m/fpv4-sp/softfp\libc_nano.a(lib_a-mprec.o)
                0x00007018                __pow5mult
 .text.__lshift
                0x000070b4       0xa8 c:/siliconlabs/simplicitystudio/v4/developer/toolchains/gnu_arm/7.2_2017q4/bin/../lib/gcc/arm-none-eabi/7.2.1/../../../../arm-none-eabi/lib/thumb/v7e-m/fpv4-sp/softfp\libc_nano.a(lib_a-mprec.o)
                0x000070b4                __lshift
 .text.__mcmp   0x0000715c       0x34 c:/siliconlabs/simplicitystudio/v4/developer/toolchains/gnu_arm/7.2_2017q4/bin/../lib/gcc/arm-none-eabi/7.2.1/../../../../arm-none-eabi/lib/thumb/v7e-m/fpv4-sp/softfp\libc_nano.a(lib_a-mprec.o)
                0x0000715c                __mcmp
 .text.__mdiff  0x00007190       0xba c:/siliconlabs/simplicitystudio/v4/developer/toolchains/gnu_arm/7.2_2017q4/bin/../lib/gcc/arm-none-eabi/7.2.1/../../../../arm-none-eabi/lib/thumb/v7e-m/fpv4-sp/softfp\libc_nano.a(lib_a-mprec.o)
                0x00007190                __mdiff
 .text.__d2b    0x0000724a       0x9e c:/siliconlabs/simplicitystudio/v4/developer/toolchains/gnu_arm/7.2_2017q4/bin/../lib/gcc/arm-none-eabi/7.2.1/../../../../arm-none-eabi/lib/thumb/v7e-m/fpv4-sp/softfp\libc_nano.a(lib_a-mprec.o)
                0x0000724a                __d2b
 .text._calloc_r
                0x000072e8       0x1c c:/siliconlabs/simplicitystudio/v4/developer/toolchains/gnu_arm/7.2_2017q4/bin/../lib/gcc/arm-none-eabi/7.2.1/../../../../arm-none-eabi/lib/thumb/v7e-m/fpv4-sp/softfp\libc_nano.a(lib_a-nano-callocr.o)
                0x000072e8                _calloc_r
 .text._free_r  0x00007304       0x9c c:/siliconlabs/simplicitystudio/v4/developer/toolchains/gnu_arm/7.2_2017q4/bin/../lib/gcc/arm-none-eabi/7.2.1/../../../../arm-none-eabi/lib/thumb/v7e-m/fpv4-sp/softfp\libc_nano.a(lib_a-nano-freer.o)
                0x00007304                _free_r
 .text._malloc_r
                0x000073a0       0xb4 c:/siliconlabs/simplicitystudio/v4/developer/toolchains/gnu_arm/7.2_2017q4/bin/../lib/gcc/arm-none-eabi/7.2.1/../../../../arm-none-eabi/lib/thumb/v7e-m/fpv4-sp/softfp\libc_nano.a(lib_a-nano-mallocr.o)
                0x000073a0                _malloc_r
 .text.__ssputs_r
                0x00007454       0xb4 c:/siliconlabs/simplicitystudio/v4/developer/toolchains/gnu_arm/7.2_2017q4/bin/../lib/gcc/arm-none-eabi/7.2.1/../../../../arm-none-eabi/lib/thumb/v7e-m/fpv4-sp/softfp\libc_nano.a(lib_a-nano-svfprintf.o)
                0x00007454                __ssputs_r
 .text._svfprintf_r
                0x00007508      0x1ec c:/siliconlabs/simplicitystudio/v4/developer/toolchains/gnu_arm/7.2_2017q4/bin/../lib/gcc/arm-none-eabi/7.2.1/../../../../arm-none-eabi/lib/thumb/v7e-m/fpv4-sp/softfp\libc_nano.a(lib_a-nano-svfprintf.o)
                0x00007508                _svfiprintf_r
                0x00007508                _svfprintf_r
 .text._sbrk_r  0x000076f4       0x20 c:/siliconlabs/simplicitystudio/v4/developer/toolchains/gnu_arm/7.2_2017q4/bin/../lib/gcc/arm-none-eabi/7.2.1/../../../../arm-none-eabi/lib/thumb/v7e-m/fpv4-sp/softfp\libc_nano.a(lib_a-sbrkr.o)
                0x000076f4                _sbrk_r
 .text.__ascii_mbtowc
                0x00007714       0x24 c:/siliconlabs/simplicitystudio/v4/developer/toolchains/gnu_arm/7.2_2017q4/bin/../lib/gcc/arm-none-eabi/7.2.1/../../../../arm-none-eabi/lib/thumb/v7e-m/fpv4-sp/softfp\libc_nano.a(lib_a-mbtowc_r.o)
                0x00007714                __ascii_mbtowc
 .text.memmove  0x00007738       0x32 c:/siliconlabs/simplicitystudio/v4/developer/toolchains/gnu_arm/7.2_2017q4/bin/../lib/gcc/arm-none-eabi/7.2.1/../../../../arm-none-eabi/lib/thumb/v7e-m/fpv4-sp/softfp\libc_nano.a(lib_a-memmove.o)
                0x00007738                memmove
 .text.__malloc_lock
                0x0000776a        0x2 c:/siliconlabs/simplicitystudio/v4/developer/toolchains/gnu_arm/7.2_2017q4/bin/../lib/gcc/arm-none-eabi/7.2.1/../../../../arm-none-eabi/lib/thumb/v7e-m/fpv4-sp/softfp\libc_nano.a(lib_a-mlock.o)
                0x0000776a                __malloc_lock
 .text.__malloc_unlock
                0x0000776c        0x2 c:/siliconlabs/simplicitystudio/v4/developer/toolchains/gnu_arm/7.2_2017q4/bin/../lib/gcc/arm-none-eabi/7.2.1/../../../../arm-none-eabi/lib/thumb/v7e-m/fpv4-sp/softfp\libc_nano.a(lib_a-mlock.o)
                0x0000776c                __malloc_unlock
 .text._realloc_r
                0x0000776e       0x4c c:/siliconlabs/simplicitystudio/v4/developer/toolchains/gnu_arm/7.2_2017q4/bin/../lib/gcc/arm-none-eabi/7.2.1/../../../../arm-none-eabi/lib/thumb/v7e-m/fpv4-sp/softfp\libc_nano.a(lib_a-nano-reallocr.o)
                0x0000776e                _realloc_r
 .text.__ascii_wctomb
                0x000077ba       0x1a c:/siliconlabs/simplicitystudio/v4/developer/toolchains/gnu_arm/7.2_2017q4/bin/../lib/gcc/arm-none-eabi/7.2.1/../../../../arm-none-eabi/lib/thumb/v7e-m/fpv4-sp/softfp\libc_nano.a(lib_a-wctomb_r.o)
                0x000077ba                __ascii_wctomb
 .text._malloc_usable_size_r
                0x000077d4       0x10 c:/siliconlabs/simplicitystudio/v4/developer/toolchains/gnu_arm/7.2_2017q4/bin/../lib/gcc/arm-none-eabi/7.2.1/../../../../arm-none-eabi/lib/thumb/v7e-m/fpv4-sp/softfp\libc_nano.a(lib_a-nano-msizer.o)
                0x000077d4                _malloc_usable_size_r
 .text._sbrk    0x000077e4       0x1c c:/siliconlabs/simplicitystudio/v4/developer/toolchains/gnu_arm/7.2_2017q4/bin/../lib/gcc/arm-none-eabi/7.2.1/../../../../arm-none-eabi/lib/thumb/v7e-m/fpv4-sp/softfp\libnosys.a(sbrk.o)
                0x000077e4                _sbrk
 .text._exit    0x00007800        0x4 c:/siliconlabs/simplicitystudio/v4/developer/toolchains/gnu_arm/7.2_2017q4/bin/../lib/gcc/arm-none-eabi/7.2.1/../../../../arm-none-eabi/lib/thumb/v7e-m/fpv4-sp/softfp\libnosys.a(_exit.o)
                0x00007800                _exit
 .text          0x00007804      0x110 c:/siliconlabs/simplicitystudio/v4/developer/toolchains/gnu_arm/7.2_2017q4/bin/../lib/gcc/arm-none-eabi/7.2.1/thumb/v7e-m/fpv4-sp/softfp\libgcc.a(_arm_cmpdf2.o)
                0x00007804                __gtdf2
                0x00007804                __gedf2
                0x0000780c                __ltdf2
                0x0000780c                __ledf2
                0x00007814                __nedf2
                0x00007814                __eqdf2
                0x00007814                __cmpdf2
                0x00007890                __aeabi_cdrcmple
                0x000078a0                __aeabi_cdcmpeq
                0x000078a0                __aeabi_cdcmple
                0x000078b0                __aeabi_dcmpeq
                0x000078c4                __aeabi_dcmplt
                0x000078d8                __aeabi_dcmple
                0x000078ec                __aeabi_dcmpge
                0x00007900                __aeabi_dcmpgt
 .text          0x00007914       0x2c c:/siliconlabs/simplicitystudio/v4/developer/toolchains/gnu_arm/7.2_2017q4/bin/../lib/gcc/arm-none-eabi/7.2.1/thumb/v7e-m/fpv4-sp/softfp\libgcc.a(_arm_unorddf2.o)
                0x00007914                __unorddf2
                0x00007914                __aeabi_dcmpun
 .text          0x00007940       0x50 c:/siliconlabs/simplicitystudio/v4/developer/toolchains/gnu_arm/7.2_2017q4/bin/../lib/gcc/arm-none-eabi/7.2.1/thumb/v7e-m/fpv4-sp/softfp\libgcc.a(_arm_fixdfsi.o)
                0x00007940                __aeabi_d2iz
                0x00007940                __fixdfsi
 *(.init)
 .init          0x00007990        0x4 c:/siliconlabs/simplicitystudio/v4/developer/toolchains/gnu_arm/7.2_2017q4/bin/../lib/gcc/arm-none-eabi/7.2.1/thumb/v7e-m/fpv4-sp/softfp/crti.o
                0x00007990                _init
 .init          0x00007994        0x8 c:/siliconlabs/simplicitystudio/v4/developer/toolchains/gnu_arm/7.2_2017q4/bin/../lib/gcc/arm-none-eabi/7.2.1/thumb/v7e-m/fpv4-sp/softfp/crtn.o
 *(.fini)
 .fini          0x0000799c        0x4 c:/siliconlabs/simplicitystudio/v4/developer/toolchains/gnu_arm/7.2_2017q4/bin/../lib/gcc/arm-none-eabi/7.2.1/thumb/v7e-m/fpv4-sp/softfp/crti.o
                0x0000799c                _fini
 .fini          0x000079a0        0x8 c:/siliconlabs/simplicitystudio/v4/developer/toolchains/gnu_arm/7.2_2017q4/bin/../lib/gcc/arm-none-eabi/7.2.1/thumb/v7e-m/fpv4-sp/softfp/crtn.o
 .fini.__stub   0x000079a8        0x8 linker stubs
 *crtbegin.o(.ctors)
 *crtbegin?.o(.ctors)
 *(EXCLUDE_FILE(*crtend.o *crtend?.o) .ctors)
 *(SORT_BY_NAME(.ctors.*))
 *(.ctors)
 *crtbegin.o(.dtors)
 *crtbegin?.o(.dtors)
 *(EXCLUDE_FILE(*crtend.o *crtend?.o) .dtors)
 *(SORT_BY_NAME(.dtors.*))
 *(.dtors)
 *(.rodata*)
 .rodata        0x000079b0       0xde ./emlib/em_cmu.o
 *fill*         0x00007a8e        0x2 
 .rodata.flashWsTable
                0x00007a90       0x28 ./emlib/em_cmu.o
 .rodata        0x00007ab8       0x12 ./emlib/em_emu.o
 *fill*         0x00007aca        0x2 
 .rodata        0x00007acc       0x77 ./emlib/em_gpio.o
 *fill*         0x00007b43        0x1 
 .rodata.i2cNSum
                0x00007b44        0x4 ./emlib/em_i2c.o
 .rodata        0x00007b48       0x12 ./emlib/em_i2c.o
 *fill*         0x00007b5a        0x2 
 .rodata        0x00007b5c       0x16 ./emlib/em_letimer.o
 *fill*         0x00007b72        0x2 
 .rodata        0x00007b74       0x15 ./emlib/em_leuart.o
 *fill*         0x00007b89        0x3 
 .rodata        0x00007b8c       0x9e ./src/Source_Files/app.o
 *fill*         0x00007c2a        0x2 
 .rodata        0x00007c2c       0x1a ./src/Source_Files/i2c.o
 *fill*         0x00007c46        0x2 
 .rodata        0x00007c48       0x1e ./src/Source_Files/letimer.o
 *fill*         0x00007c66        0x2 
 .rodata        0x00007c68       0x1d ./src/Source_Files/leuart.o
 *fill*         0x00007c85        0x3 
 .rodata        0x00007c88       0x25 ./src/Source_Files/sleep_routines.o
 *fill*         0x00007cad        0x3 
 .rodata        0x00007cb0       0x32 ./src/main.o
 *fill*         0x00007ce2        0x2 
 .rodata._global_impure_ptr
                0x00007ce4        0x4 c:/siliconlabs/simplicitystudio/v4/developer/toolchains/gnu_arm/7.2_2017q4/bin/../lib/gcc/arm-none-eabi/7.2.1/../../../../arm-none-eabi/lib/thumb/v7e-m/fpv4-sp/softfp\libc_nano.a(lib_a-impure.o)
                0x00007ce4                _global_impure_ptr
 .rodata._printf_float.str1.1
                0x00007ce8       0x12 c:/siliconlabs/simplicitystudio/v4/developer/toolchains/gnu_arm/7.2_2017q4/bin/../lib/gcc/arm-none-eabi/7.2.1/../../../../arm-none-eabi/lib/thumb/v7e-m/fpv4-sp/softfp\libc_nano.a(lib_a-nano-vfprintf_float.o)
 .rodata._printf_i.str1.1
                0x00007cfa       0x22 c:/siliconlabs/simplicitystudio/v4/developer/toolchains/gnu_arm/7.2_2017q4/bin/../lib/gcc/arm-none-eabi/7.2.1/../../../../arm-none-eabi/lib/thumb/v7e-m/fpv4-sp/softfp\libc_nano.a(lib_a-nano-vfprintf_i.o)
 .rodata._dtoa_r.str1.1
                0x00007d1c        0xd c:/siliconlabs/simplicitystudio/v4/developer/toolchains/gnu_arm/7.2_2017q4/bin/../lib/gcc/arm-none-eabi/7.2.1/../../../../arm-none-eabi/lib/thumb/v7e-m/fpv4-sp/softfp\libc_nano.a(lib_a-dtoa.o)
                                  0xf (size before relaxing)
 *fill*         0x00007d29        0x7 
 .rodata.__mprec_bigtens
                0x00007d30       0x28 c:/siliconlabs/simplicitystudio/v4/developer/toolchains/gnu_arm/7.2_2017q4/bin/../lib/gcc/arm-none-eabi/7.2.1/../../../../arm-none-eabi/lib/thumb/v7e-m/fpv4-sp/softfp\libc_nano.a(lib_a-mprec.o)
                0x00007d30                __mprec_bigtens
 .rodata.__mprec_tens
                0x00007d58       0xc8 c:/siliconlabs/simplicitystudio/v4/developer/toolchains/gnu_arm/7.2_2017q4/bin/../lib/gcc/arm-none-eabi/7.2.1/../../../../arm-none-eabi/lib/thumb/v7e-m/fpv4-sp/softfp\libc_nano.a(lib_a-mprec.o)
                0x00007d58                __mprec_tens
 .rodata.p05.7359
                0x00007e20        0xc c:/siliconlabs/simplicitystudio/v4/developer/toolchains/gnu_arm/7.2_2017q4/bin/../lib/gcc/arm-none-eabi/7.2.1/../../../../arm-none-eabi/lib/thumb/v7e-m/fpv4-sp/softfp\libc_nano.a(lib_a-mprec.o)
 .rodata._svfprintf_r.str1.1
                0x00007e2c       0x11 c:/siliconlabs/simplicitystudio/v4/developer/toolchains/gnu_arm/7.2_2017q4/bin/../lib/gcc/arm-none-eabi/7.2.1/../../../../arm-none-eabi/lib/thumb/v7e-m/fpv4-sp/softfp\libc_nano.a(lib_a-nano-svfprintf.o)
 .rodata._setlocale_r.str1.1
                0x00007e3d        0x8 c:/siliconlabs/simplicitystudio/v4/developer/toolchains/gnu_arm/7.2_2017q4/bin/../lib/gcc/arm-none-eabi/7.2.1/../../../../arm-none-eabi/lib/thumb/v7e-m/fpv4-sp/softfp\libc_nano.a(lib_a-locale.o)
                                  0x9 (size before relaxing)
 .rodata.str1.1
                0x00007e45        0x2 c:/siliconlabs/simplicitystudio/v4/developer/toolchains/gnu_arm/7.2_2017q4/bin/../lib/gcc/arm-none-eabi/7.2.1/../../../../arm-none-eabi/lib/thumb/v7e-m/fpv4-sp/softfp\libc_nano.a(lib_a-locale.o)
 .rodata._ctype_
                0x00007e47      0x101 c:/siliconlabs/simplicitystudio/v4/developer/toolchains/gnu_arm/7.2_2017q4/bin/../lib/gcc/arm-none-eabi/7.2.1/../../../../arm-none-eabi/lib/thumb/v7e-m/fpv4-sp/softfp\libc_nano.a(lib_a-ctype_.o)
                0x00007e47                _ctype_
 *(.eh_frame*)
 .eh_frame      0x00007f48        0x0 c:/siliconlabs/simplicitystudio/v4/developer/toolchains/gnu_arm/7.2_2017q4/bin/../lib/gcc/arm-none-eabi/7.2.1/thumb/v7e-m/fpv4-sp/softfp/crtbegin.o
 .eh_frame      0x00007f48        0x4 c:/siliconlabs/simplicitystudio/v4/developer/toolchains/gnu_arm/7.2_2017q4/bin/../lib/gcc/arm-none-eabi/7.2.1/thumb/v7e-m/fpv4-sp/softfp/crtend.o

.glue_7         0x00007f4c        0x0
 .glue_7        0x00007f4c        0x0 linker stubs

.glue_7t        0x00007f4c        0x0
 .glue_7t       0x00007f4c        0x0 linker stubs

.vfp11_veneer   0x00007f4c        0x0
 .vfp11_veneer  0x00007f4c        0x0 linker stubs

.v4_bx          0x00007f4c        0x0
 .v4_bx         0x00007f4c        0x0 linker stubs

.iplt           0x00007f4c        0x0
 .iplt          0x00007f4c        0x0 c:/siliconlabs/simplicitystudio/v4/developer/toolchains/gnu_arm/7.2_2017q4/bin/../lib/gcc/arm-none-eabi/7.2.1/thumb/v7e-m/fpv4-sp/softfp/crtbegin.o

.ARM.extab
 *(.ARM.extab* .gnu.linkonce.armextab.*)
                0x00007f4c                __exidx_start = .

.ARM.exidx      0x00007f4c        0x8
 *(.ARM.exidx* .gnu.linkonce.armexidx.*)
 .ARM.exidx     0x00007f4c        0x8 c:/siliconlabs/simplicitystudio/v4/developer/toolchains/gnu_arm/7.2_2017q4/bin/../lib/gcc/arm-none-eabi/7.2.1/../../../../arm-none-eabi/lib/thumb/v7e-m/fpv4-sp/softfp/crt0.o
                0x00007f54                __exidx_end = .
                0x00007f54                __etext = .

.rel.dyn        0x00007f54        0x0
 .rel.iplt      0x00007f54        0x0 c:/siliconlabs/simplicitystudio/v4/developer/toolchains/gnu_arm/7.2_2017q4/bin/../lib/gcc/arm-none-eabi/7.2.1/thumb/v7e-m/fpv4-sp/softfp/crtbegin.o

.data           0x20000000      0x214 load address 0x00007f54
                0x20000000                __data_start__ = .
 *(vtable)
 *(.data*)
 .data.SystemHFXOClock
                0x20000000        0x4 ./CMSIS/EFM32PG12B/system_efm32pg12b.o
 .data.SystemLFXOClock
                0x20000004        0x4 ./CMSIS/EFM32PG12B/system_efm32pg12b.o
 .data.SystemCoreClock
                0x20000008        0x4 ./CMSIS/EFM32PG12B/system_efm32pg12b.o
                0x20000008                SystemCoreClock
 .data.SystemHfrcoFreq
                0x2000000c        0x4 ./CMSIS/EFM32PG12B/system_efm32pg12b.o
                0x2000000c                SystemHfrcoFreq
 .data.auxHfrcoFreq
                0x20000010        0x4 ./emlib/em_cmu.o
 .data._impure_ptr
                0x20000014        0x4 c:/siliconlabs/simplicitystudio/v4/developer/toolchains/gnu_arm/7.2_2017q4/bin/../lib/gcc/arm-none-eabi/7.2.1/../../../../arm-none-eabi/lib/thumb/v7e-m/fpv4-sp/softfp\libc_nano.a(lib_a-impure.o)
                0x20000014                _impure_ptr
 .data.impure_data
                0x20000018       0x60 c:/siliconlabs/simplicitystudio/v4/developer/toolchains/gnu_arm/7.2_2017q4/bin/../lib/gcc/arm-none-eabi/7.2.1/../../../../arm-none-eabi/lib/thumb/v7e-m/fpv4-sp/softfp\libc_nano.a(lib_a-impure.o)
 .data.__global_locale
                0x20000078      0x16c c:/siliconlabs/simplicitystudio/v4/developer/toolchains/gnu_arm/7.2_2017q4/bin/../lib/gcc/arm-none-eabi/7.2.1/../../../../arm-none-eabi/lib/thumb/v7e-m/fpv4-sp/softfp\libc_nano.a(lib_a-locale.o)
                0x20000078                __global_locale
                0x200001e4                . = ALIGN (0x4)
                [!provide]                PROVIDE (__ram_func_section_start, .)
 *(.ram)
 .ram           0x200001e4       0x28 ./emlib/em_emu.o
                [!provide]                PROVIDE (__ram_func_section_end, .)
                0x2000020c                . = ALIGN (0x4)
                0x2000020c                PROVIDE (__preinit_array_start, .)
 *(.preinit_array)
                0x2000020c                PROVIDE (__preinit_array_end, .)
                0x2000020c                . = ALIGN (0x4)
                0x2000020c                PROVIDE (__init_array_start, .)
 *(SORT_BY_NAME(.init_array.*))
 *(.init_array)
 .init_array    0x2000020c        0x4 c:/siliconlabs/simplicitystudio/v4/developer/toolchains/gnu_arm/7.2_2017q4/bin/../lib/gcc/arm-none-eabi/7.2.1/thumb/v7e-m/fpv4-sp/softfp/crtbegin.o
                0x20000210                PROVIDE (__init_array_end, .)
                0x20000210                . = ALIGN (0x4)
                [!provide]                PROVIDE (__fini_array_start, .)
 *(SORT_BY_NAME(.fini_array.*))
 *(.fini_array)
 .fini_array    0x20000210        0x4 c:/siliconlabs/simplicitystudio/v4/developer/toolchains/gnu_arm/7.2_2017q4/bin/../lib/gcc/arm-none-eabi/7.2.1/thumb/v7e-m/fpv4-sp/softfp/crtbegin.o
                [!provide]                PROVIDE (__fini_array_end, .)
 *(.jcr*)
                0x20000214                . = ALIGN (0x4)
                0x20000214                __data_end__ = .

.igot.plt       0x20000214        0x0 load address 0x00008168
 .igot.plt      0x20000214        0x0 c:/siliconlabs/simplicitystudio/v4/developer/toolchains/gnu_arm/7.2_2017q4/bin/../lib/gcc/arm-none-eabi/7.2.1/thumb/v7e-m/fpv4-sp/softfp/crtbegin.o

.bss            0x20000214       0xec load address 0x00008168
                0x20000214                . = ALIGN (0x4)
                0x20000214                __bss_start__ = .
 *(.bss*)
 .bss           0x20000214       0x1c c:/siliconlabs/simplicitystudio/v4/developer/toolchains/gnu_arm/7.2_2017q4/bin/../lib/gcc/arm-none-eabi/7.2.1/thumb/v7e-m/fpv4-sp/softfp/crtbegin.o
 .bss.dcdcMaxCurrent_mA
                0x20000230        0x2 ./emlib/em_emu.o
 .bss.dcdcEm01LoadCurrent_mA
                0x20000232        0x2 ./emlib/em_emu.o
 .bss.dcdcReverseCurrentControl
                0x20000234        0x2 ./emlib/em_emu.o
 *fill*         0x20000236        0x2 
 .bss.vScaleEM01Config
                0x20000238        0x1 ./emlib/em_emu.o
 *fill*         0x20000239        0x3 
 .bss.cmuStatus.7817
                0x2000023c        0x4 ./emlib/em_emu.o
 .bss.hfClock.7818
                0x20000240        0x1 ./emlib/em_emu.o
 .bss.vScaleStatus.7819
                0x20000241        0x1 ./emlib/em_emu.o
 *fill*         0x20000242        0x2 
 .bss.hfrcoCtrl.7820
                0x20000244        0x4 ./emlib/em_emu.o
 .bss.output_str
                0x20000248       0x40 ./src/Source_Files/app.o
 .bss.i2c_cmd   0x20000288       0x20 ./src/Source_Files/i2c.o
 .bss.scheduled_comp0_cb
                0x200002a8        0x4 ./src/Source_Files/letimer.o
 .bss.scheduled_comp1_cb
                0x200002ac        0x4 ./src/Source_Files/letimer.o
 .bss.scheduled_uf_cb
                0x200002b0        0x4 ./src/Source_Files/letimer.o
 .bss.leuart_cmd
                0x200002b4       0x14 ./src/Source_Files/leuart.o
 .bss.event_scheduled
                0x200002c8        0x4 ./src/Source_Files/scheduler.o
 .bss.si7021_i2c_data
                0x200002cc        0x2 ./src/Source_Files/si7021.o
 *fill*         0x200002ce        0x2 
 .bss.lowest_energy_mode
                0x200002d0       0x14 ./src/Source_Files/sleep_routines.o
 .bss.__malloc_free_list
                0x200002e4        0x4 c:/siliconlabs/simplicitystudio/v4/developer/toolchains/gnu_arm/7.2_2017q4/bin/../lib/gcc/arm-none-eabi/7.2.1/../../../../arm-none-eabi/lib/thumb/v7e-m/fpv4-sp/softfp\libc_nano.a(lib_a-nano-mallocr.o)
                0x200002e4                __malloc_free_list
 .bss.__malloc_sbrk_start
                0x200002e8        0x4 c:/siliconlabs/simplicitystudio/v4/developer/toolchains/gnu_arm/7.2_2017q4/bin/../lib/gcc/arm-none-eabi/7.2.1/../../../../arm-none-eabi/lib/thumb/v7e-m/fpv4-sp/softfp\libc_nano.a(lib_a-nano-mallocr.o)
                0x200002e8                __malloc_sbrk_start
 .bss.heap_end.5377
                0x200002ec        0x4 c:/siliconlabs/simplicitystudio/v4/developer/toolchains/gnu_arm/7.2_2017q4/bin/../lib/gcc/arm-none-eabi/7.2.1/../../../../arm-none-eabi/lib/thumb/v7e-m/fpv4-sp/softfp\libnosys.a(sbrk.o)
 *(COMMON)
 COMMON         0x200002f0        0xc ./src/Source_Files/leuart.o
                0x200002f0                rx_done_evt
                0x200002f4                leuart0_tx_busy
                0x200002f8                tx_done_evt
 COMMON         0x200002fc        0x4 c:/siliconlabs/simplicitystudio/v4/developer/toolchains/gnu_arm/7.2_2017q4/bin/../lib/gcc/arm-none-eabi/7.2.1/../../../../arm-none-eabi/lib/thumb/v7e-m/fpv4-sp/softfp\libc_nano.a(lib_a-reent.o)
                0x200002fc                errno
                0x20000300                . = ALIGN (0x4)
                0x20000300                __bss_end__ = .

.heap           0x20000300      0xc00
                0x20000300                __HeapBase = .
                0x20000300                __end__ = .
                0x20000300                end = __end__
                0x20000300                _end = __end__
 *(.heap*)
 .heap          0x20000300      0xc00 ./CMSIS/EFM32PG12B/startup_gcc_efm32pg12b.o
                0x20000f00                __HeapLimit = .

.stack_dummy    0x20000300      0x400
 *(.stack*)
 .stack         0x20000300      0x400 ./CMSIS/EFM32PG12B/startup_gcc_efm32pg12b.o
                0x20040000                __StackTop = (ORIGIN (RAM) + LENGTH (RAM))
                0x2003fc00                __StackLimit = (__StackTop - SIZEOF (.stack_dummy))
                0x20040000                PROVIDE (__stack, __StackTop)
                0x00000001                ASSERT ((__StackLimit >= __HeapLimit), region RAM overflowed with stack)
                0x00000001                ASSERT ((LENGTH (FLASH) >= (__etext + SIZEOF (.data))), FLASH memory overflowed !)
OUTPUT(IR_UART_Lab.axf elf32-littlearm)

.ARM.attributes
                0x00000000       0x2e
 .ARM.attributes
                0x00000000       0x22 c:/siliconlabs/simplicitystudio/v4/developer/toolchains/gnu_arm/7.2_2017q4/bin/../lib/gcc/arm-none-eabi/7.2.1/thumb/v7e-m/fpv4-sp/softfp/crti.o
 .ARM.attributes
                0x00000022       0x32 c:/siliconlabs/simplicitystudio/v4/developer/toolchains/gnu_arm/7.2_2017q4/bin/../lib/gcc/arm-none-eabi/7.2.1/thumb/v7e-m/fpv4-sp/softfp/crtbegin.o
 .ARM.attributes
                0x00000054       0x20 c:/siliconlabs/simplicitystudio/v4/developer/toolchains/gnu_arm/7.2_2017q4/bin/../lib/gcc/arm-none-eabi/7.2.1/../../../../arm-none-eabi/lib/thumb/v7e-m/fpv4-sp/softfp/crt0.o
 .ARM.attributes
                0x00000074       0x1f ./CMSIS/EFM32PG12B/startup_gcc_efm32pg12b.o
 .ARM.attributes
                0x00000093       0x37 ./CMSIS/EFM32PG12B/system_efm32pg12b.o
 .ARM.attributes
                0x000000ca       0x37 ./emlib/em_assert.o
 .ARM.attributes
                0x00000101       0x37 ./emlib/em_cmu.o
 .ARM.attributes
                0x00000138       0x37 ./emlib/em_core.o
 .ARM.attributes
                0x0000016f       0x37 ./emlib/em_emu.o
 .ARM.attributes
                0x000001a6       0x37 ./emlib/em_gpio.o
 .ARM.attributes
                0x000001dd       0x37 ./emlib/em_i2c.o
 .ARM.attributes
                0x00000214       0x37 ./emlib/em_letimer.o
 .ARM.attributes
                0x0000024b       0x37 ./emlib/em_leuart.o
 .ARM.attributes
                0x00000282       0x37 ./src/Source_Files/app.o
 .ARM.attributes
                0x000002b9       0x37 ./src/Source_Files/ble.o
 .ARM.attributes
                0x000002f0       0x37 ./src/Source_Files/cmu.o
 .ARM.attributes
                0x00000327       0x37 ./src/Source_Files/gpio.o
 .ARM.attributes
                0x0000035e       0x37 ./src/Source_Files/i2c.o
 .ARM.attributes
                0x00000395       0x37 ./src/Source_Files/letimer.o
 .ARM.attributes
                0x000003cc       0x37 ./src/Source_Files/leuart.o
 .ARM.attributes
                0x00000403       0x37 ./src/Source_Files/scheduler.o
 .ARM.attributes
                0x0000043a       0x37 ./src/Source_Files/si7021.o
 .ARM.attributes
                0x00000471       0x37 ./src/Source_Files/sleep_routines.o
 .ARM.attributes
                0x000004a8       0x37 ./src/main.o
 .ARM.attributes
                0x000004df       0x22 c:/siliconlabs/simplicitystudio/v4/developer/toolchains/gnu_arm/7.2_2017q4/bin/../lib/gcc/arm-none-eabi/7.2.1/thumb/v7e-m/fpv4-sp/softfp\libgcc.a(_arm_addsubdf3.o)
 .ARM.attributes
                0x00000501       0x22 c:/siliconlabs/simplicitystudio/v4/developer/toolchains/gnu_arm/7.2_2017q4/bin/../lib/gcc/arm-none-eabi/7.2.1/thumb/v7e-m/fpv4-sp/softfp\libgcc.a(_arm_muldivdf3.o)
 .ARM.attributes
                0x00000523       0x22 c:/siliconlabs/simplicitystudio/v4/developer/toolchains/gnu_arm/7.2_2017q4/bin/../lib/gcc/arm-none-eabi/7.2.1/thumb/v7e-m/fpv4-sp/softfp\libgcc.a(_arm_truncdfsf2.o)
 .ARM.attributes
                0x00000545       0x32 c:/siliconlabs/simplicitystudio/v4/developer/toolchains/gnu_arm/7.2_2017q4/bin/../lib/gcc/arm-none-eabi/7.2.1/../../../../arm-none-eabi/lib/thumb/v7e-m/fpv4-sp/softfp\libc_nano.a(lib_a-exit.o)
 .ARM.attributes
                0x00000577       0x32 c:/siliconlabs/simplicitystudio/v4/developer/toolchains/gnu_arm/7.2_2017q4/bin/../lib/gcc/arm-none-eabi/7.2.1/../../../../arm-none-eabi/lib/thumb/v7e-m/fpv4-sp/softfp\libc_nano.a(lib_a-impure.o)
 .ARM.attributes
                0x000005a9       0x32 c:/siliconlabs/simplicitystudio/v4/developer/toolchains/gnu_arm/7.2_2017q4/bin/../lib/gcc/arm-none-eabi/7.2.1/../../../../arm-none-eabi/lib/thumb/v7e-m/fpv4-sp/softfp\libc_nano.a(lib_a-init.o)
 .ARM.attributes
                0x000005db       0x32 c:/siliconlabs/simplicitystudio/v4/developer/toolchains/gnu_arm/7.2_2017q4/bin/../lib/gcc/arm-none-eabi/7.2.1/../../../../arm-none-eabi/lib/thumb/v7e-m/fpv4-sp/softfp\libc_nano.a(lib_a-memcpy-stub.o)
 .ARM.attributes
                0x0000060d       0x32 c:/siliconlabs/simplicitystudio/v4/developer/toolchains/gnu_arm/7.2_2017q4/bin/../lib/gcc/arm-none-eabi/7.2.1/../../../../arm-none-eabi/lib/thumb/v7e-m/fpv4-sp/softfp\libc_nano.a(lib_a-memset.o)
 .ARM.attributes
                0x0000063f       0x32 c:/siliconlabs/simplicitystudio/v4/developer/toolchains/gnu_arm/7.2_2017q4/bin/../lib/gcc/arm-none-eabi/7.2.1/../../../../arm-none-eabi/lib/thumb/v7e-m/fpv4-sp/softfp\libc_nano.a(lib_a-nano-vfprintf_float.o)
 .ARM.attributes
                0x00000671       0x32 c:/siliconlabs/simplicitystudio/v4/developer/toolchains/gnu_arm/7.2_2017q4/bin/../lib/gcc/arm-none-eabi/7.2.1/../../../../arm-none-eabi/lib/thumb/v7e-m/fpv4-sp/softfp\libc_nano.a(lib_a-nano-vfprintf_i.o)
 .ARM.attributes
                0x000006a3       0x32 c:/siliconlabs/simplicitystudio/v4/developer/toolchains/gnu_arm/7.2_2017q4/bin/../lib/gcc/arm-none-eabi/7.2.1/../../../../arm-none-eabi/lib/thumb/v7e-m/fpv4-sp/softfp\libc_nano.a(lib_a-sprintf.o)
 .ARM.attributes
                0x000006d5       0x1b c:/siliconlabs/simplicitystudio/v4/developer/toolchains/gnu_arm/7.2_2017q4/bin/../lib/gcc/arm-none-eabi/7.2.1/../../../../arm-none-eabi/lib/thumb/v7e-m/fpv4-sp/softfp\libc_nano.a(lib_a-strlen.o)
 .ARM.attributes
                0x000006f0       0x32 c:/siliconlabs/simplicitystudio/v4/developer/toolchains/gnu_arm/7.2_2017q4/bin/../lib/gcc/arm-none-eabi/7.2.1/../../../../arm-none-eabi/lib/thumb/v7e-m/fpv4-sp/softfp\libc_nano.a(lib_a-dtoa.o)
 .ARM.attributes
                0x00000722       0x32 c:/siliconlabs/simplicitystudio/v4/developer/toolchains/gnu_arm/7.2_2017q4/bin/../lib/gcc/arm-none-eabi/7.2.1/../../../../arm-none-eabi/lib/thumb/v7e-m/fpv4-sp/softfp\libc_nano.a(lib_a-localeconv.o)
 .ARM.attributes
                0x00000754       0x32 c:/siliconlabs/simplicitystudio/v4/developer/toolchains/gnu_arm/7.2_2017q4/bin/../lib/gcc/arm-none-eabi/7.2.1/../../../../arm-none-eabi/lib/thumb/v7e-m/fpv4-sp/softfp\libc_nano.a(lib_a-malloc.o)
 .ARM.attributes
                0x00000786       0x20 c:/siliconlabs/simplicitystudio/v4/developer/toolchains/gnu_arm/7.2_2017q4/bin/../lib/gcc/arm-none-eabi/7.2.1/../../../../arm-none-eabi/lib/thumb/v7e-m/fpv4-sp/softfp\libc_nano.a(lib_a-memchr.o)
 .ARM.attributes
                0x000007a6       0x32 c:/siliconlabs/simplicitystudio/v4/developer/toolchains/gnu_arm/7.2_2017q4/bin/../lib/gcc/arm-none-eabi/7.2.1/../../../../arm-none-eabi/lib/thumb/v7e-m/fpv4-sp/softfp\libc_nano.a(lib_a-mprec.o)
 .ARM.attributes
                0x000007d8       0x32 c:/siliconlabs/simplicitystudio/v4/developer/toolchains/gnu_arm/7.2_2017q4/bin/../lib/gcc/arm-none-eabi/7.2.1/../../../../arm-none-eabi/lib/thumb/v7e-m/fpv4-sp/softfp\libc_nano.a(lib_a-nano-callocr.o)
 .ARM.attributes
                0x0000080a       0x32 c:/siliconlabs/simplicitystudio/v4/developer/toolchains/gnu_arm/7.2_2017q4/bin/../lib/gcc/arm-none-eabi/7.2.1/../../../../arm-none-eabi/lib/thumb/v7e-m/fpv4-sp/softfp\libc_nano.a(lib_a-nano-freer.o)
 .ARM.attributes
                0x0000083c       0x32 c:/siliconlabs/simplicitystudio/v4/developer/toolchains/gnu_arm/7.2_2017q4/bin/../lib/gcc/arm-none-eabi/7.2.1/../../../../arm-none-eabi/lib/thumb/v7e-m/fpv4-sp/softfp\libc_nano.a(lib_a-nano-mallocr.o)
 .ARM.attributes
                0x0000086e       0x32 c:/siliconlabs/simplicitystudio/v4/developer/toolchains/gnu_arm/7.2_2017q4/bin/../lib/gcc/arm-none-eabi/7.2.1/../../../../arm-none-eabi/lib/thumb/v7e-m/fpv4-sp/softfp\libc_nano.a(lib_a-nano-svfprintf.o)
 .ARM.attributes
                0x000008a0       0x32 c:/siliconlabs/simplicitystudio/v4/developer/toolchains/gnu_arm/7.2_2017q4/bin/../lib/gcc/arm-none-eabi/7.2.1/../../../../arm-none-eabi/lib/thumb/v7e-m/fpv4-sp/softfp\libc_nano.a(lib_a-sbrkr.o)
 .ARM.attributes
                0x000008d2       0x32 c:/siliconlabs/simplicitystudio/v4/developer/toolchains/gnu_arm/7.2_2017q4/bin/../lib/gcc/arm-none-eabi/7.2.1/../../../../arm-none-eabi/lib/thumb/v7e-m/fpv4-sp/softfp\libc_nano.a(lib_a-locale.o)
 .ARM.attributes
                0x00000904       0x32 c:/siliconlabs/simplicitystudio/v4/developer/toolchains/gnu_arm/7.2_2017q4/bin/../lib/gcc/arm-none-eabi/7.2.1/../../../../arm-none-eabi/lib/thumb/v7e-m/fpv4-sp/softfp\libc_nano.a(lib_a-mbtowc_r.o)
 .ARM.attributes
                0x00000936       0x32 c:/siliconlabs/simplicitystudio/v4/developer/toolchains/gnu_arm/7.2_2017q4/bin/../lib/gcc/arm-none-eabi/7.2.1/../../../../arm-none-eabi/lib/thumb/v7e-m/fpv4-sp/softfp\libc_nano.a(lib_a-memmove.o)
 .ARM.attributes
                0x00000968       0x32 c:/siliconlabs/simplicitystudio/v4/developer/toolchains/gnu_arm/7.2_2017q4/bin/../lib/gcc/arm-none-eabi/7.2.1/../../../../arm-none-eabi/lib/thumb/v7e-m/fpv4-sp/softfp\libc_nano.a(lib_a-mlock.o)
 .ARM.attributes
                0x0000099a       0x32 c:/siliconlabs/simplicitystudio/v4/developer/toolchains/gnu_arm/7.2_2017q4/bin/../lib/gcc/arm-none-eabi/7.2.1/../../../../arm-none-eabi/lib/thumb/v7e-m/fpv4-sp/softfp\libc_nano.a(lib_a-nano-reallocr.o)
 .ARM.attributes
                0x000009cc       0x32 c:/siliconlabs/simplicitystudio/v4/developer/toolchains/gnu_arm/7.2_2017q4/bin/../lib/gcc/arm-none-eabi/7.2.1/../../../../arm-none-eabi/lib/thumb/v7e-m/fpv4-sp/softfp\libc_nano.a(lib_a-reent.o)
 .ARM.attributes
                0x000009fe       0x32 c:/siliconlabs/simplicitystudio/v4/developer/toolchains/gnu_arm/7.2_2017q4/bin/../lib/gcc/arm-none-eabi/7.2.1/../../../../arm-none-eabi/lib/thumb/v7e-m/fpv4-sp/softfp\libc_nano.a(lib_a-wctomb_r.o)
 .ARM.attributes
                0x00000a30       0x32 c:/siliconlabs/simplicitystudio/v4/developer/toolchains/gnu_arm/7.2_2017q4/bin/../lib/gcc/arm-none-eabi/7.2.1/../../../../arm-none-eabi/lib/thumb/v7e-m/fpv4-sp/softfp\libc_nano.a(lib_a-ctype_.o)
 .ARM.attributes
                0x00000a62       0x32 c:/siliconlabs/simplicitystudio/v4/developer/toolchains/gnu_arm/7.2_2017q4/bin/../lib/gcc/arm-none-eabi/7.2.1/../../../../arm-none-eabi/lib/thumb/v7e-m/fpv4-sp/softfp\libc_nano.a(lib_a-nano-msizer.o)
 .ARM.attributes
                0x00000a94       0x32 c:/siliconlabs/simplicitystudio/v4/developer/toolchains/gnu_arm/7.2_2017q4/bin/../lib/gcc/arm-none-eabi/7.2.1/../../../../arm-none-eabi/lib/thumb/v7e-m/fpv4-sp/softfp\libnosys.a(sbrk.o)
 .ARM.attributes
                0x00000ac6       0x32 c:/siliconlabs/simplicitystudio/v4/developer/toolchains/gnu_arm/7.2_2017q4/bin/../lib/gcc/arm-none-eabi/7.2.1/../../../../arm-none-eabi/lib/thumb/v7e-m/fpv4-sp/softfp\libnosys.a(_exit.o)
 .ARM.attributes
                0x00000af8       0x22 c:/siliconlabs/simplicitystudio/v4/developer/toolchains/gnu_arm/7.2_2017q4/bin/../lib/gcc/arm-none-eabi/7.2.1/thumb/v7e-m/fpv4-sp/softfp\libgcc.a(_arm_cmpdf2.o)
 .ARM.attributes
                0x00000b1a       0x22 c:/siliconlabs/simplicitystudio/v4/developer/toolchains/gnu_arm/7.2_2017q4/bin/../lib/gcc/arm-none-eabi/7.2.1/thumb/v7e-m/fpv4-sp/softfp\libgcc.a(_arm_unorddf2.o)
 .ARM.attributes
                0x00000b3c       0x22 c:/siliconlabs/simplicitystudio/v4/developer/toolchains/gnu_arm/7.2_2017q4/bin/../lib/gcc/arm-none-eabi/7.2.1/thumb/v7e-m/fpv4-sp/softfp\libgcc.a(_arm_fixdfsi.o)
 .ARM.attributes
                0x00000b5e       0x32 c:/siliconlabs/simplicitystudio/v4/developer/toolchains/gnu_arm/7.2_2017q4/bin/../lib/gcc/arm-none-eabi/7.2.1/thumb/v7e-m/fpv4-sp/softfp/crtend.o
 .ARM.attributes
                0x00000b90       0x22 c:/siliconlabs/simplicitystudio/v4/developer/toolchains/gnu_arm/7.2_2017q4/bin/../lib/gcc/arm-none-eabi/7.2.1/thumb/v7e-m/fpv4-sp/softfp/crtn.o

.comment        0x00000000       0x7e
 .comment       0x00000000       0x7e ./CMSIS/EFM32PG12B/system_efm32pg12b.o
                                 0x7f (size before relaxing)
 .comment       0x0000007e       0x7f ./emlib/em_assert.o
 .comment       0x0000007e       0x7f ./emlib/em_cmu.o
 .comment       0x0000007e       0x7f ./emlib/em_core.o
 .comment       0x0000007e       0x7f ./emlib/em_emu.o
 .comment       0x0000007e       0x7f ./emlib/em_gpio.o
 .comment       0x0000007e       0x7f ./emlib/em_i2c.o
 .comment       0x0000007e       0x7f ./emlib/em_letimer.o
 .comment       0x0000007e       0x7f ./emlib/em_leuart.o
 .comment       0x0000007e       0x7f ./src/Source_Files/app.o
 .comment       0x0000007e       0x7f ./src/Source_Files/ble.o
 .comment       0x0000007e       0x7f ./src/Source_Files/cmu.o
 .comment       0x0000007e       0x7f ./src/Source_Files/gpio.o
 .comment       0x0000007e       0x7f ./src/Source_Files/i2c.o
 .comment       0x0000007e       0x7f ./src/Source_Files/letimer.o
 .comment       0x0000007e       0x7f ./src/Source_Files/leuart.o
 .comment       0x0000007e       0x7f ./src/Source_Files/scheduler.o
 .comment       0x0000007e       0x7f ./src/Source_Files/si7021.o
 .comment       0x0000007e       0x7f ./src/Source_Files/sleep_routines.o
 .comment       0x0000007e       0x7f ./src/main.o

.debug_line     0x00000000     0xdc31
 .debug_line    0x00000000       0x78 ./CMSIS/EFM32PG12B/startup_gcc_efm32pg12b.o
 .debug_line    0x00000078      0x8a6 ./CMSIS/EFM32PG12B/system_efm32pg12b.o
 .debug_line    0x0000091e      0x12f ./emlib/em_assert.o
 .debug_line    0x00000a4d     0x1469 ./emlib/em_cmu.o
 .debug_line    0x00001eb6      0xbec ./emlib/em_core.o
 .debug_line    0x00002aa2     0x144c ./emlib/em_emu.o
 .debug_line    0x00003eee      0xc7c ./emlib/em_gpio.o
 .debug_line    0x00004b6a      0xbdb ./emlib/em_i2c.o
 .debug_line    0x00005745      0xa55 ./emlib/em_letimer.o
 .debug_line    0x0000619a      0xa1f ./emlib/em_leuart.o
 .debug_line    0x00006bb9      0xca7 ./src/Source_Files/app.o
 .debug_line    0x00007860      0xabc ./src/Source_Files/ble.o
 .debug_line    0x0000831c      0x8dc ./src/Source_Files/cmu.o
 .debug_line    0x00008bf8      0x8f4 ./src/Source_Files/gpio.o
 .debug_line    0x000094ec      0xa71 ./src/Source_Files/i2c.o
 .debug_line    0x00009f5d      0x9f5 ./src/Source_Files/letimer.o
 .debug_line    0x0000a952      0xb29 ./src/Source_Files/leuart.o
 .debug_line    0x0000b47b      0x928 ./src/Source_Files/scheduler.o
 .debug_line    0x0000bda3      0x9f5 ./src/Source_Files/si7021.o
 .debug_line    0x0000c798      0x99a ./src/Source_Files/sleep_routines.o
 .debug_line    0x0000d132      0xaff ./src/main.o

.debug_info     0x00000000     0xfed9
 .debug_info    0x00000000       0x26 ./CMSIS/EFM32PG12B/startup_gcc_efm32pg12b.o
 .debug_info    0x00000026      0x93f ./CMSIS/EFM32PG12B/system_efm32pg12b.o
 .debug_info    0x00000965       0x7e ./emlib/em_assert.o
 .debug_info    0x000009e3     0x24b2 ./emlib/em_cmu.o
 .debug_info    0x00002e95      0xdb3 ./emlib/em_core.o
 .debug_info    0x00003c48     0x25b5 ./emlib/em_emu.o
 .debug_info    0x000061fd      0xad0 ./emlib/em_gpio.o
 .debug_info    0x00006ccd      0xa6a ./emlib/em_i2c.o
 .debug_info    0x00007737      0x6ef ./emlib/em_letimer.o
 .debug_info    0x00007e26      0x923 ./emlib/em_leuart.o
 .debug_info    0x00008749     0x10fa ./src/Source_Files/app.o
 .debug_info    0x00009843      0xf9a ./src/Source_Files/ble.o
 .debug_info    0x0000a7dd      0x37c ./src/Source_Files/cmu.o
 .debug_info    0x0000ab59      0x3c1 ./src/Source_Files/gpio.o
 .debug_info    0x0000af1a      0xa54 ./src/Source_Files/i2c.o
 .debug_info    0x0000b96e      0x9c8 ./src/Source_Files/letimer.o
 .debug_info    0x0000c336     0x153a ./src/Source_Files/leuart.o
 .debug_info    0x0000d870      0x1f1 ./src/Source_Files/scheduler.o
 .debug_info    0x0000da61      0x3d9 ./src/Source_Files/si7021.o
 .debug_info    0x0000de3a      0x45e ./src/Source_Files/sleep_routines.o
 .debug_info    0x0000e298     0x1c41 ./src/main.o

.debug_abbrev   0x00000000     0x28b9
 .debug_abbrev  0x00000000       0x14 ./CMSIS/EFM32PG12B/startup_gcc_efm32pg12b.o
 .debug_abbrev  0x00000014      0x1ed ./CMSIS/EFM32PG12B/system_efm32pg12b.o
 .debug_abbrev  0x00000201       0x68 ./emlib/em_assert.o
 .debug_abbrev  0x00000269      0x354 ./emlib/em_cmu.o
 .debug_abbrev  0x000005bd      0x28f ./emlib/em_core.o
 .debug_abbrev  0x0000084c      0x375 ./emlib/em_emu.o
 .debug_abbrev  0x00000bc1      0x233 ./emlib/em_gpio.o
 .debug_abbrev  0x00000df4      0x299 ./emlib/em_i2c.o
 .debug_abbrev  0x0000108d      0x268 ./emlib/em_letimer.o
 .debug_abbrev  0x000012f5      0x23b ./emlib/em_leuart.o
 .debug_abbrev  0x00001530      0x284 ./src/Source_Files/app.o
 .debug_abbrev  0x000017b4      0x23a ./src/Source_Files/ble.o
 .debug_abbrev  0x000019ee       0xef ./src/Source_Files/cmu.o
 .debug_abbrev  0x00001add       0xef ./src/Source_Files/gpio.o
 .debug_abbrev  0x00001bcc      0x225 ./src/Source_Files/i2c.o
 .debug_abbrev  0x00001df1      0x1d6 ./src/Source_Files/letimer.o
 .debug_abbrev  0x00001fc7      0x2c9 ./src/Source_Files/leuart.o
 .debug_abbrev  0x00002290      0x115 ./src/Source_Files/scheduler.o
 .debug_abbrev  0x000023a5      0x15c ./src/Source_Files/si7021.o
 .debug_abbrev  0x00002501      0x188 ./src/Source_Files/sleep_routines.o
 .debug_abbrev  0x00002689      0x230 ./src/main.o

.debug_aranges  0x00000000      0xa20
 .debug_aranges
                0x00000000       0x20 ./CMSIS/EFM32PG12B/startup_gcc_efm32pg12b.o
 .debug_aranges
                0x00000020       0x68 ./CMSIS/EFM32PG12B/system_efm32pg12b.o
 .debug_aranges
                0x00000088       0x20 ./emlib/em_assert.o
 .debug_aranges
                0x000000a8      0x1c8 ./emlib/em_cmu.o
 .debug_aranges
                0x00000270       0xe8 ./emlib/em_core.o
 .debug_aranges
                0x00000358      0x1e0 ./emlib/em_emu.o
 .debug_aranges
                0x00000538       0x88 ./emlib/em_gpio.o
 .debug_aranges
                0x000005c0       0x80 ./emlib/em_i2c.o
 .debug_aranges
                0x00000640       0x88 ./emlib/em_letimer.o
 .debug_aranges
                0x000006c8       0x88 ./emlib/em_leuart.o
 .debug_aranges
                0x00000750       0x78 ./src/Source_Files/app.o
 .debug_aranges
                0x000007c8       0x30 ./src/Source_Files/ble.o
 .debug_aranges
                0x000007f8       0x20 ./src/Source_Files/cmu.o
 .debug_aranges
                0x00000818       0x20 ./src/Source_Files/gpio.o
 .debug_aranges
                0x00000838       0x60 ./src/Source_Files/i2c.o
 .debug_aranges
                0x00000898       0x38 ./src/Source_Files/letimer.o
 .debug_aranges
                0x000008d0       0x70 ./src/Source_Files/leuart.o
 .debug_aranges
                0x00000940       0x38 ./src/Source_Files/scheduler.o
 .debug_aranges
                0x00000978       0x30 ./src/Source_Files/si7021.o
 .debug_aranges
                0x000009a8       0x48 ./src/Source_Files/sleep_routines.o
 .debug_aranges
                0x000009f0       0x30 ./src/main.o

.debug_str      0x00000000   0x1593fb
 .debug_str     0x00000000       0x8c ./CMSIS/EFM32PG12B/startup_gcc_efm32pg12b.o
 .debug_str     0x0000008c   0x14e258 ./CMSIS/EFM32PG12B/system_efm32pg12b.o
                             0x14f17f (size before relaxing)
 .debug_str     0x0014e2e4       0xb8 ./emlib/em_assert.o
                               0x2dcf (size before relaxing)
 .debug_str     0x0014e39c     0x4e77 ./emlib/em_cmu.o
                             0x15402c (size before relaxing)
 .debug_str     0x00153213      0xc1c ./emlib/em_core.o
                             0x14fc93 (size before relaxing)
 .debug_str     0x00153e2f     0x139d ./emlib/em_emu.o
                             0x154a9b (size before relaxing)
 .debug_str     0x001551cc      0x4a3 ./emlib/em_gpio.o
                             0x14fbea (size before relaxing)
 .debug_str     0x0015566f      0x51e ./emlib/em_i2c.o
                             0x1528fc (size before relaxing)
 .debug_str     0x00155b8d      0x359 ./emlib/em_letimer.o
                             0x150867 (size before relaxing)
 .debug_str     0x00155ee6      0x2fe ./emlib/em_leuart.o
                             0x150b45 (size before relaxing)
 .debug_str     0x001561e4     0x2ab8 ./src/Source_Files/app.o
                             0x155667 (size before relaxing)
 .debug_str     0x00158c9c      0x162 ./src/Source_Files/ble.o
                             0x154719 (size before relaxing)
 .debug_str     0x00158dfe       0x23 ./src/Source_Files/cmu.o
                             0x1508ba (size before relaxing)
 .debug_str     0x00158e21       0x25 ./src/Source_Files/gpio.o
                             0x150c7c (size before relaxing)
 .debug_str     0x00158e46      0x190 ./src/Source_Files/i2c.o
                             0x1518f3 (size before relaxing)
 .debug_str     0x00158fd6       0xb9 ./src/Source_Files/letimer.o
                             0x151883 (size before relaxing)
 .debug_str     0x0015908f      0x18c ./src/Source_Files/leuart.o
                             0x154a13 (size before relaxing)
 .debug_str     0x0015921b       0x7f ./src/Source_Files/scheduler.o
                             0x14fa4d (size before relaxing)
 .debug_str     0x0015929a       0x7c ./src/Source_Files/si7021.o
                             0x151cfd (size before relaxing)
 .debug_str     0x00159316       0x9a ./src/Source_Files/sleep_routines.o
                             0x14fb07 (size before relaxing)
 .debug_str     0x001593b0       0x4b ./src/main.o
                             0x156266 (size before relaxing)

.debug_loc      0x00000000     0x4f16
 .debug_loc     0x00000000      0x2e4 ./CMSIS/EFM32PG12B/system_efm32pg12b.o
 .debug_loc     0x000002e4       0x38 ./emlib/em_assert.o
 .debug_loc     0x0000031c     0x10a4 ./emlib/em_cmu.o
 .debug_loc     0x000013c0      0x844 ./emlib/em_core.o
 .debug_loc     0x00001c04     0x10b2 ./emlib/em_emu.o
 .debug_loc     0x00002cb6      0x49c ./emlib/em_gpio.o
 .debug_loc     0x00003152      0x44c ./emlib/em_i2c.o
 .debug_loc     0x0000359e      0x4a8 ./emlib/em_letimer.o
 .debug_loc     0x00003a46      0x49c ./emlib/em_leuart.o
 .debug_loc     0x00003ee2      0x302 ./src/Source_Files/app.o
 .debug_loc     0x000041e4       0xf4 ./src/Source_Files/ble.o
 .debug_loc     0x000042d8       0x2c ./src/Source_Files/cmu.o
 .debug_loc     0x00004304       0x2c ./src/Source_Files/gpio.o
 .debug_loc     0x00004330      0x258 ./src/Source_Files/i2c.o
 .debug_loc     0x00004588      0x14c ./src/Source_Files/letimer.o
 .debug_loc     0x000046d4      0x370 ./src/Source_Files/leuart.o
 .debug_loc     0x00004a44      0x128 ./src/Source_Files/scheduler.o
 .debug_loc     0x00004b6c       0xf0 ./src/Source_Files/si7021.o
 .debug_loc     0x00004c5c      0x1ec ./src/Source_Files/sleep_routines.o
 .debug_loc     0x00004e48       0xce ./src/main.o

.debug_ranges   0x00000000      0x8d8
 .debug_ranges  0x00000000       0x58 ./CMSIS/EFM32PG12B/system_efm32pg12b.o
 .debug_ranges  0x00000058       0x10 ./emlib/em_assert.o
 .debug_ranges  0x00000068      0x1b8 ./emlib/em_cmu.o
 .debug_ranges  0x00000220       0xd8 ./emlib/em_core.o
 .debug_ranges  0x000002f8      0x1d0 ./emlib/em_emu.o
 .debug_ranges  0x000004c8       0x78 ./emlib/em_gpio.o
 .debug_ranges  0x00000540       0x88 ./emlib/em_i2c.o
 .debug_ranges  0x000005c8       0x78 ./emlib/em_letimer.o
 .debug_ranges  0x00000640       0x78 ./emlib/em_leuart.o
 .debug_ranges  0x000006b8       0x68 ./src/Source_Files/app.o
 .debug_ranges  0x00000720       0x20 ./src/Source_Files/ble.o
 .debug_ranges  0x00000740       0x10 ./src/Source_Files/cmu.o
 .debug_ranges  0x00000750       0x10 ./src/Source_Files/gpio.o
 .debug_ranges  0x00000760       0x50 ./src/Source_Files/i2c.o
 .debug_ranges  0x000007b0       0x28 ./src/Source_Files/letimer.o
 .debug_ranges  0x000007d8       0x60 ./src/Source_Files/leuart.o
 .debug_ranges  0x00000838       0x28 ./src/Source_Files/scheduler.o
 .debug_ranges  0x00000860       0x20 ./src/Source_Files/si7021.o
 .debug_ranges  0x00000880       0x38 ./src/Source_Files/sleep_routines.o
 .debug_ranges  0x000008b8       0x20 ./src/main.o

.debug_macro    0x00000000    0x34891
 .debug_macro   0x00000000      0x282 ./CMSIS/EFM32PG12B/system_efm32pg12b.o
 .debug_macro   0x00000282      0xa4e ./CMSIS/EFM32PG12B/system_efm32pg12b.o
 .debug_macro   0x00000cd0       0x22 ./CMSIS/EFM32PG12B/system_efm32pg12b.o
 .debug_macro   0x00000cf2       0x4f ./CMSIS/EFM32PG12B/system_efm32pg12b.o
 .debug_macro   0x00000d41       0x51 ./CMSIS/EFM32PG12B/system_efm32pg12b.o
 .debug_macro   0x00000d92       0xef ./CMSIS/EFM32PG12B/system_efm32pg12b.o
 .debug_macro   0x00000e81       0x6a ./CMSIS/EFM32PG12B/system_efm32pg12b.o
 .debug_macro   0x00000eeb      0x1df ./CMSIS/EFM32PG12B/system_efm32pg12b.o
 .debug_macro   0x000010ca      0x4b1 ./CMSIS/EFM32PG12B/system_efm32pg12b.o
 .debug_macro   0x0000157b       0x1c ./CMSIS/EFM32PG12B/system_efm32pg12b.o
 .debug_macro   0x00001597       0x22 ./CMSIS/EFM32PG12B/system_efm32pg12b.o
 .debug_macro   0x000015b9       0xdf ./CMSIS/EFM32PG12B/system_efm32pg12b.o
 .debug_macro   0x00001698      0xff5 ./CMSIS/EFM32PG12B/system_efm32pg12b.o
 .debug_macro   0x0000268d       0xe2 ./CMSIS/EFM32PG12B/system_efm32pg12b.o
 .debug_macro   0x0000276f      0xe1c ./CMSIS/EFM32PG12B/system_efm32pg12b.o
 .debug_macro   0x0000358b     0x2275 ./CMSIS/EFM32PG12B/system_efm32pg12b.o
 .debug_macro   0x00005800      0x329 ./CMSIS/EFM32PG12B/system_efm32pg12b.o
 .debug_macro   0x00005b29     0x3119 ./CMSIS/EFM32PG12B/system_efm32pg12b.o
 .debug_macro   0x00008c42     0x1bba ./CMSIS/EFM32PG12B/system_efm32pg12b.o
 .debug_macro   0x0000a7fc     0x2674 ./CMSIS/EFM32PG12B/system_efm32pg12b.o
 .debug_macro   0x0000ce70     0x1b19 ./CMSIS/EFM32PG12B/system_efm32pg12b.o
 .debug_macro   0x0000e989      0xe2b ./CMSIS/EFM32PG12B/system_efm32pg12b.o
 .debug_macro   0x0000f7b4      0x344 ./CMSIS/EFM32PG12B/system_efm32pg12b.o
 .debug_macro   0x0000faf8      0x29d ./CMSIS/EFM32PG12B/system_efm32pg12b.o
 .debug_macro   0x0000fd95     0x2763 ./CMSIS/EFM32PG12B/system_efm32pg12b.o
 .debug_macro   0x000124f8     0x31cc ./CMSIS/EFM32PG12B/system_efm32pg12b.o
 .debug_macro   0x000156c4     0x136b ./CMSIS/EFM32PG12B/system_efm32pg12b.o
 .debug_macro   0x00016a2f      0xde2 ./CMSIS/EFM32PG12B/system_efm32pg12b.o
 .debug_macro   0x00017811      0x249 ./CMSIS/EFM32PG12B/system_efm32pg12b.o
 .debug_macro   0x00017a5a     0x1042 ./CMSIS/EFM32PG12B/system_efm32pg12b.o
 .debug_macro   0x00018a9c     0x1605 ./CMSIS/EFM32PG12B/system_efm32pg12b.o
 .debug_macro   0x0001a0a1     0x3cb7 ./CMSIS/EFM32PG12B/system_efm32pg12b.o
 .debug_macro   0x0001dd58     0x23fc ./CMSIS/EFM32PG12B/system_efm32pg12b.o
 .debug_macro   0x00020154      0x70c ./CMSIS/EFM32PG12B/system_efm32pg12b.o
 .debug_macro   0x00020860     0x26ef ./CMSIS/EFM32PG12B/system_efm32pg12b.o
 .debug_macro   0x00022f4f     0x1700 ./CMSIS/EFM32PG12B/system_efm32pg12b.o
 .debug_macro   0x0002464f     0x2efb ./CMSIS/EFM32PG12B/system_efm32pg12b.o
 .debug_macro   0x0002754a      0xfaf ./CMSIS/EFM32PG12B/system_efm32pg12b.o
 .debug_macro   0x000284f9      0x6c3 ./CMSIS/EFM32PG12B/system_efm32pg12b.o
 .debug_macro   0x00028bbc     0x1021 ./CMSIS/EFM32PG12B/system_efm32pg12b.o
 .debug_macro   0x00029bdd      0x888 ./CMSIS/EFM32PG12B/system_efm32pg12b.o
 .debug_macro   0x0002a465      0x4ff ./CMSIS/EFM32PG12B/system_efm32pg12b.o
 .debug_macro   0x0002a964     0x1be1 ./CMSIS/EFM32PG12B/system_efm32pg12b.o
 .debug_macro   0x0002c545       0x40 ./CMSIS/EFM32PG12B/system_efm32pg12b.o
 .debug_macro   0x0002c585      0x2ce ./CMSIS/EFM32PG12B/system_efm32pg12b.o
 .debug_macro   0x0002c853      0x381 ./CMSIS/EFM32PG12B/system_efm32pg12b.o
 .debug_macro   0x0002cbd4      0x190 ./CMSIS/EFM32PG12B/system_efm32pg12b.o
 .debug_macro   0x0002cd64     0x27bf ./CMSIS/EFM32PG12B/system_efm32pg12b.o
 .debug_macro   0x0002f523      0x303 ./CMSIS/EFM32PG12B/system_efm32pg12b.o
 .debug_macro   0x0002f826      0x303 ./CMSIS/EFM32PG12B/system_efm32pg12b.o
 .debug_macro   0x0002fb29       0x23 ./emlib/em_assert.o
 .debug_macro   0x0002fb4c      0x3a9 ./emlib/em_cmu.o
 .debug_macro   0x0002fef5       0x58 ./emlib/em_cmu.o
 .debug_macro   0x0002ff4d      0x34d ./emlib/em_cmu.o
 .debug_macro   0x0003029a       0x25 ./emlib/em_cmu.o
 .debug_macro   0x000302bf       0xee ./emlib/em_cmu.o
 .debug_macro   0x000303ad       0x87 ./emlib/em_cmu.o
 .debug_macro   0x00030434      0x2ae ./emlib/em_core.o
 .debug_macro   0x000306e2       0xba ./emlib/em_core.o
 .debug_macro   0x0003079c      0x3c3 ./emlib/em_emu.o
 .debug_macro   0x00030b5f       0x52 ./emlib/em_emu.o
 .debug_macro   0x00030bb1       0x55 ./emlib/em_emu.o
 .debug_macro   0x00030c06      0x353 ./emlib/em_emu.o
 .debug_macro   0x00030f59       0xd9 ./emlib/em_emu.o
 .debug_macro   0x00031032       0x81 ./emlib/em_emu.o
 .debug_macro   0x000310b3       0xc0 ./emlib/em_emu.o
 .debug_macro   0x00031173      0x295 ./emlib/em_gpio.o
 .debug_macro   0x00031408      0x31e ./emlib/em_i2c.o
 .debug_macro   0x00031726       0x3f ./emlib/em_i2c.o
 .debug_macro   0x00031765      0x2c1 ./emlib/em_letimer.o
 .debug_macro   0x00031a26      0x2b5 ./emlib/em_leuart.o
 .debug_macro   0x00031cdb      0x46f ./src/Source_Files/app.o
 .debug_macro   0x0003214a       0x9a ./src/Source_Files/app.o
 .debug_macro   0x000321e4       0x10 ./src/Source_Files/app.o
 .debug_macro   0x000321f4       0x2e ./src/Source_Files/app.o
 .debug_macro   0x00032222       0x10 ./src/Source_Files/app.o
 .debug_macro   0x00032232       0x45 ./src/Source_Files/app.o
 .debug_macro   0x00032277       0x1c ./src/Source_Files/app.o
 .debug_macro   0x00032293       0x46 ./src/Source_Files/app.o
 .debug_macro   0x000322d9       0x10 ./src/Source_Files/app.o
 .debug_macro   0x000322e9       0x10 ./src/Source_Files/app.o
 .debug_macro   0x000322f9       0x3a ./src/Source_Files/app.o
 .debug_macro   0x00032333       0x7f ./src/Source_Files/app.o
 .debug_macro   0x000323b2       0x58 ./src/Source_Files/app.o
 .debug_macro   0x0003240a       0x16 ./src/Source_Files/app.o
 .debug_macro   0x00032420       0x97 ./src/Source_Files/app.o
 .debug_macro   0x000324b7       0xf6 ./src/Source_Files/app.o
 .debug_macro   0x000325ad       0x10 ./src/Source_Files/app.o
 .debug_macro   0x000325bd       0x10 ./src/Source_Files/app.o
 .debug_macro   0x000325cd       0xb6 ./src/Source_Files/app.o
 .debug_macro   0x00032683       0x16 ./src/Source_Files/app.o
 .debug_macro   0x00032699      0x129 ./src/Source_Files/app.o
 .debug_macro   0x000327c2      0x3ce ./src/Source_Files/ble.o
 .debug_macro   0x00032b90       0x28 ./src/Source_Files/ble.o
 .debug_macro   0x00032bb8      0x2a9 ./src/Source_Files/cmu.o
 .debug_macro   0x00032e61      0x2b6 ./src/Source_Files/gpio.o
 .debug_macro   0x00033117      0x2f2 ./src/Source_Files/i2c.o
 .debug_macro   0x00033409      0x2f7 ./src/Source_Files/letimer.o
 .debug_macro   0x00033700      0x39d ./src/Source_Files/leuart.o
 .debug_macro   0x00033a9d       0x57 ./src/Source_Files/leuart.o
 .debug_macro   0x00033af4      0x2bf ./src/Source_Files/scheduler.o
 .debug_macro   0x00033db3      0x387 ./src/Source_Files/si7021.o
 .debug_macro   0x0003413a      0x2c4 ./src/Source_Files/sleep_routines.o
 .debug_macro   0x000343fe      0x493 ./src/main.o

.debug_frame    0x00000000     0x307c
 .debug_frame   0x00000000      0x164 ./CMSIS/EFM32PG12B/system_efm32pg12b.o
 .debug_frame   0x00000164       0x2c ./emlib/em_assert.o
 .debug_frame   0x00000190      0x7b8 ./emlib/em_cmu.o
 .debug_frame   0x00000948      0x3c4 ./emlib/em_core.o
 .debug_frame   0x00000d0c      0x7e0 ./emlib/em_emu.o
 .debug_frame   0x000014ec      0x21c ./emlib/em_gpio.o
 .debug_frame   0x00001708      0x1fc ./emlib/em_i2c.o
 .debug_frame   0x00001904      0x220 ./emlib/em_letimer.o
 .debug_frame   0x00001b24      0x21c ./emlib/em_leuart.o
 .debug_frame   0x00001d40      0x198 ./src/Source_Files/app.o
 .debug_frame   0x00001ed8       0x80 ./src/Source_Files/ble.o
 .debug_frame   0x00001f58       0x2c ./src/Source_Files/cmu.o
 .debug_frame   0x00001f84       0x2c ./src/Source_Files/gpio.o
 .debug_frame   0x00001fb0      0x13c ./src/Source_Files/i2c.o
 .debug_frame   0x000020ec       0xa4 ./src/Source_Files/letimer.o
 .debug_frame   0x00002190      0x1a4 ./src/Source_Files/leuart.o
 .debug_frame   0x00002334       0x98 ./src/Source_Files/scheduler.o
 .debug_frame   0x000023cc       0x80 ./src/Source_Files/si7021.o
 .debug_frame   0x0000244c       0xec ./src/Source_Files/sleep_routines.o
 .debug_frame   0x00002538       0x78 ./src/main.o
 .debug_frame   0x000025b0       0xac c:/siliconlabs/simplicitystudio/v4/developer/toolchains/gnu_arm/7.2_2017q4/bin/../lib/gcc/arm-none-eabi/7.2.1/thumb/v7e-m/fpv4-sp/softfp\libgcc.a(_arm_addsubdf3.o)
 .debug_frame   0x0000265c       0x50 c:/siliconlabs/simplicitystudio/v4/developer/toolchains/gnu_arm/7.2_2017q4/bin/../lib/gcc/arm-none-eabi/7.2.1/thumb/v7e-m/fpv4-sp/softfp\libgcc.a(_arm_muldivdf3.o)
 .debug_frame   0x000026ac       0x24 c:/siliconlabs/simplicitystudio/v4/developer/toolchains/gnu_arm/7.2_2017q4/bin/../lib/gcc/arm-none-eabi/7.2.1/thumb/v7e-m/fpv4-sp/softfp\libgcc.a(_arm_truncdfsf2.o)
 .debug_frame   0x000026d0       0x28 c:/siliconlabs/simplicitystudio/v4/developer/toolchains/gnu_arm/7.2_2017q4/bin/../lib/gcc/arm-none-eabi/7.2.1/../../../../arm-none-eabi/lib/thumb/v7e-m/fpv4-sp/softfp\libc_nano.a(lib_a-exit.o)
 .debug_frame   0x000026f8       0x2c c:/siliconlabs/simplicitystudio/v4/developer/toolchains/gnu_arm/7.2_2017q4/bin/../lib/gcc/arm-none-eabi/7.2.1/../../../../arm-none-eabi/lib/thumb/v7e-m/fpv4-sp/softfp\libc_nano.a(lib_a-init.o)
 .debug_frame   0x00002724       0x28 c:/siliconlabs/simplicitystudio/v4/developer/toolchains/gnu_arm/7.2_2017q4/bin/../lib/gcc/arm-none-eabi/7.2.1/../../../../arm-none-eabi/lib/thumb/v7e-m/fpv4-sp/softfp\libc_nano.a(lib_a-memcpy-stub.o)
 .debug_frame   0x0000274c       0x20 c:/siliconlabs/simplicitystudio/v4/developer/toolchains/gnu_arm/7.2_2017q4/bin/../lib/gcc/arm-none-eabi/7.2.1/../../../../arm-none-eabi/lib/thumb/v7e-m/fpv4-sp/softfp\libc_nano.a(lib_a-memset.o)
 .debug_frame   0x0000276c       0x90 c:/siliconlabs/simplicitystudio/v4/developer/toolchains/gnu_arm/7.2_2017q4/bin/../lib/gcc/arm-none-eabi/7.2.1/../../../../arm-none-eabi/lib/thumb/v7e-m/fpv4-sp/softfp\libc_nano.a(lib_a-nano-vfprintf_float.o)
 .debug_frame   0x000027fc       0x60 c:/siliconlabs/simplicitystudio/v4/developer/toolchains/gnu_arm/7.2_2017q4/bin/../lib/gcc/arm-none-eabi/7.2.1/../../../../arm-none-eabi/lib/thumb/v7e-m/fpv4-sp/softfp\libc_nano.a(lib_a-nano-vfprintf_i.o)
 .debug_frame   0x0000285c       0x6c c:/siliconlabs/simplicitystudio/v4/developer/toolchains/gnu_arm/7.2_2017q4/bin/../lib/gcc/arm-none-eabi/7.2.1/../../../../arm-none-eabi/lib/thumb/v7e-m/fpv4-sp/softfp\libc_nano.a(lib_a-sprintf.o)
 .debug_frame   0x000028c8       0x6c c:/siliconlabs/simplicitystudio/v4/developer/toolchains/gnu_arm/7.2_2017q4/bin/../lib/gcc/arm-none-eabi/7.2.1/../../../../arm-none-eabi/lib/thumb/v7e-m/fpv4-sp/softfp\libc_nano.a(lib_a-dtoa.o)
 .debug_frame   0x00002934       0x40 c:/siliconlabs/simplicitystudio/v4/developer/toolchains/gnu_arm/7.2_2017q4/bin/../lib/gcc/arm-none-eabi/7.2.1/../../../../arm-none-eabi/lib/thumb/v7e-m/fpv4-sp/softfp\libc_nano.a(lib_a-localeconv.o)
 .debug_frame   0x00002974       0x30 c:/siliconlabs/simplicitystudio/v4/developer/toolchains/gnu_arm/7.2_2017q4/bin/../lib/gcc/arm-none-eabi/7.2.1/../../../../arm-none-eabi/lib/thumb/v7e-m/fpv4-sp/softfp\libc_nano.a(lib_a-malloc.o)
 .debug_frame   0x000029a4      0x248 c:/siliconlabs/simplicitystudio/v4/developer/toolchains/gnu_arm/7.2_2017q4/bin/../lib/gcc/arm-none-eabi/7.2.1/../../../../arm-none-eabi/lib/thumb/v7e-m/fpv4-sp/softfp\libc_nano.a(lib_a-mprec.o)
 .debug_frame   0x00002bec       0x2c c:/siliconlabs/simplicitystudio/v4/developer/toolchains/gnu_arm/7.2_2017q4/bin/../lib/gcc/arm-none-eabi/7.2.1/../../../../arm-none-eabi/lib/thumb/v7e-m/fpv4-sp/softfp\libc_nano.a(lib_a-nano-callocr.o)
 .debug_frame   0x00002c18       0x38 c:/siliconlabs/simplicitystudio/v4/developer/toolchains/gnu_arm/7.2_2017q4/bin/../lib/gcc/arm-none-eabi/7.2.1/../../../../arm-none-eabi/lib/thumb/v7e-m/fpv4-sp/softfp\libc_nano.a(lib_a-nano-freer.o)
 .debug_frame   0x00002c50       0x2c c:/siliconlabs/simplicitystudio/v4/developer/toolchains/gnu_arm/7.2_2017q4/bin/../lib/gcc/arm-none-eabi/7.2.1/../../../../arm-none-eabi/lib/thumb/v7e-m/fpv4-sp/softfp\libc_nano.a(lib_a-nano-mallocr.o)
 .debug_frame   0x00002c7c       0x90 c:/siliconlabs/simplicitystudio/v4/developer/toolchains/gnu_arm/7.2_2017q4/bin/../lib/gcc/arm-none-eabi/7.2.1/../../../../arm-none-eabi/lib/thumb/v7e-m/fpv4-sp/softfp\libc_nano.a(lib_a-nano-svfprintf.o)
 .debug_frame   0x00002d0c       0x2c c:/siliconlabs/simplicitystudio/v4/developer/toolchains/gnu_arm/7.2_2017q4/bin/../lib/gcc/arm-none-eabi/7.2.1/../../../../arm-none-eabi/lib/thumb/v7e-m/fpv4-sp/softfp\libc_nano.a(lib_a-sbrkr.o)
 .debug_frame   0x00002d38       0x68 c:/siliconlabs/simplicitystudio/v4/developer/toolchains/gnu_arm/7.2_2017q4/bin/../lib/gcc/arm-none-eabi/7.2.1/../../../../arm-none-eabi/lib/thumb/v7e-m/fpv4-sp/softfp\libc_nano.a(lib_a-locale.o)
 .debug_frame   0x00002da0       0x48 c:/siliconlabs/simplicitystudio/v4/developer/toolchains/gnu_arm/7.2_2017q4/bin/../lib/gcc/arm-none-eabi/7.2.1/../../../../arm-none-eabi/lib/thumb/v7e-m/fpv4-sp/softfp\libc_nano.a(lib_a-mbtowc_r.o)
 .debug_frame   0x00002de8       0x28 c:/siliconlabs/simplicitystudio/v4/developer/toolchains/gnu_arm/7.2_2017q4/bin/../lib/gcc/arm-none-eabi/7.2.1/../../../../arm-none-eabi/lib/thumb/v7e-m/fpv4-sp/softfp\libc_nano.a(lib_a-memmove.o)